Microchip MPLAB XC8 Compiler V1.10 ()

Linker command line:

--edf=/Applications/microchip/xc8/v1.10/dat/en_msgs.txt -cs \
  -h+dist/default/production/blink.X.production.sym -z -Q12F683 -ol.obj \
  -Mdist/default/production/blink.X.production.map -E1 -ver=XC8 \
  -ACONST=00h-0FFhx8 -ACODE=00h-07FFh -ASTRCODE=00h-07FFh \
  -AENTRY=00h-0FFhx8 -ASTRING=00h-0FFhx8 -ACOMMON=070h-07Fh \
  -ABANK0=020h-06Fh -ABANK1=0A0h-0BFh -ARAM=020h-06Fh,0A0h-0BFh \
  -AABS1=020h-07Fh,0A0h-0BFh -ASFR0=00h-01Fh -ASFR1=080h-09Fh \
  -preset_vec=00h,intentry=04h,init,end_init -ppowerup=CODE -pfunctab=CODE \
  -ACONFIG=02007h-02007h -pconfig=CONFIG -DCONFIG=2 -AIDLOC=02000h-02003h \
  -pidloc=IDLOC -DIDLOC=2 -AEEDATA=00h-0FFh/02100h -peeprom_data=EEDATA \
  -DEEDATA=2 -DCODE=2 -DSTRCODE=2 -DSTRING=2 -DCONST=2 -DENTRY=2 -k \
  /tmp/cgtaIf0vd.obj dist/default/production/blink.X.production.obj 

Object code version is 3.10

Machine type is 12F683



                Name                               Link     Load   Length Selector   Space Scale
/tmp/cgtaIf0vd.obj
                end_init                              F        F        1        8       0
                reset_vec                             0        0        1        0       0
                idloc                              2000     2000        4     4000       0
                config                             2007     2007        1     400E       0
dist/default/production/blink.X.production.obj
                intentry                              4        4        B        8       0
                text184                              9B       9B        B      136       0
                text183                              A6       A6        6      136       0
                text182                              40       40       2A        8       0
                text181                              6A       6A       1B        8       0
                text180                              B1       B1        3      136       0
                text179                              B4       B4        1      136       0
                maintext                             10       10       30        8       0
                cstackBANK0                          20       20        8       20       1
                cstackCOMMON                         70       70        7       70       1
                bssCOMMON                            77       77        3       70       1
                cinit                                AC       AC        5      136       0
                strings                              85       85       16      10A       0

TOTAL           Name                               Link     Load   Length     Space
        CLASS   CONST          

        CLASS   CODE           
                end_init                              F        F        1         0
                intentry                              4        4        B         0
                reset_vec                             0        0        1         0
                text184                              9B       9B        B         0
                text183                              A6       A6        6         0
                text182                              40       40       2A         0
                text181                              6A       6A       1B         0
                text180                              B1       B1        3         0
                text179                              B4       B4        1         0
                maintext                             10       10       30         0
                cinit                                AC       AC        5         0

        CLASS   STRCODE        

        CLASS   ENTRY          

        CLASS   STRING         
                strings                              85       85       16         0

        CLASS   COMMON         
                cstackCOMMON                         70       70        7         1
                bssCOMMON                            77       77        3         1

        CLASS   BANK0          
                cstackBANK0                          20       20        8         1

        CLASS   BANK1          

        CLASS   RAM            

        CLASS   ABS1           
                abs_s1                               7E       7E        2         1

        CLASS   SFR0           

        CLASS   SFR1           

        CLASS   CONFIG         
                config                             2007     2007        1         0

        CLASS   IDLOC          
                idloc                              2000     2000        4         0

        CLASS   EEDATA         



SEGMENTS        Name                           Load    Length   Top    Selector   Space  Class     Delta

                reset_vec                      000000  000001  000001         0       0  CODE        2
                intentry                       000004  000081  000085         8       0  CODE        2
                cstackBANK0                    000020  000008  000028        20       1  BANK0       1
                cstackCOMMON                   000070  00000A  00007A        70       1  COMMON      1
                strings                        000085  000016  00009B       10A       0  STRING      2
                text184                        00009B  00001A  0000B5       136       0  CODE        2
                idloc                          002000  000004  002004      4000       0  IDLOC       2
                config                         002007  000001  002008      400E       0  CONFIG      2


UNUSED ADDRESS RANGES

        Name                Unused          Largest block    Delta
        BANK0            0028-006F             48           1
        BANK1            00A0-00BF             20           1
        CODE             0001-0003              3           2
                         00B5-07FF            74B
        COMMON           007A-007D              4           1
        CONST            0001-0003              3           2
                         00B5-07FF            100
        EEDATA           2100-21FF            100           2
        ENTRY            0001-0003              3           2
                         00B5-07FF            100
        RAM              0028-006F             48           1
                         00A0-00BF             20
        SFR0             0000-001F             20           1
        SFR1             0080-009F             20           1
        STRCODE          0001-0003              3           2
                         00B5-07FF            74B
        STRING           0001-0003              3           2
                         00B5-07FF            100

                                  Symbol Table

?_printf                      cstackCOMMON 0070
_ConfigureOscillator          text179      00B4
_DelayTXBitUART               text183      00A6
_GPIO                         (abs)        0005
_InitApp                      text180      00B1
_TRISIO                       (abs)        0085
__CFG_BOREN$OFF               (abs)        0000
__CFG_FOSC$INTOSCIO           (abs)        0000
__CFG_IESO$OFF                (abs)        0000
__CFG_MCLRE$OFF               (abs)        0000
__CFG_WDTE$OFF                (abs)        0000
__Habs1                       abs1         0000
__Hbank0                      bank0        0000
__Hbank1                      bank1        0000
__HbssCOMMON                  bssCOMMON    0000
__Hcinit                      cinit        0000
__Hclrtext                    clrtext      0000
__Hcode                       code         0000
__Hcommon                     common       0000
__Hconfig                     config       2008
__HcstackBANK0                cstackBANK0  0000
__HcstackCOMMON               cstackCOMMON 0000
__Heeprom_data                eeprom_data  0000
__Hend_init                   end_init     0010
__Hfunctab                    functab      0000
__Hidloc                      idloc        2004
__Hinit                       init         000F
__Hintentry                   intentry     000F
__Hmaintext                   maintext     0000
__Hpowerup                    powerup      0000
__Hram                        ram          0000
__Hreset_vec                  reset_vec    0001
__Hsfr0                       sfr0         0000
__Hsfr1                       sfr1         0000
__Hstrings                    strings      0000
__Htext                       text         0000
__Labs1                       abs1         0000
__Lbank0                      bank0        0000
__Lbank1                      bank1        0000
__LbssCOMMON                  bssCOMMON    0000
__Lcinit                      cinit        0000
__Lclrtext                    clrtext      0000
__Lcode                       code         0000
__Lcommon                     common       0000
__Lconfig                     config       2007
__LcstackBANK0                cstackBANK0  0000
__LcstackCOMMON               cstackCOMMON 0000
__Leeprom_data                eeprom_data  0000
__Lend_init                   end_init     000F
__Lfunctab                    functab      0000
__Lidloc                      idloc        2000
__Linit                       init         000F
__Lintentry                   intentry     0004
__Lmaintext                   maintext     0000
__Lpowerup                    powerup      0000
__Lram                        ram          0000
__Lreset_vec                  reset_vec    0000
__Lsfr0                       sfr0         0000
__Lsfr1                       sfr1         0000
__Lstrings                    strings      0000
__Ltext                       text         0000
__S0                          (abs)        2008
__S1                          (abs)        007A
__S2                          (abs)        0000
__end_of_ConfigureOscillator  text179      00B5
__end_of_DelayTXBitUART       text183      00AC
__end_of_InitApp              text180      00B4
__end_of__initialization      cinit        00AF
__end_of__stringdata          strings      009B
__end_of__stringtab           strings      008B
__end_of_isr                  text184      00A6
__end_of_main                 maintext     0040
__end_of_printf               text181      0085
__end_of_putch                text182      006A
__initialization              cinit        00AC
__pbssCOMMON                  bssCOMMON    0077
__pcstackBANK0                cstackBANK0  0020
__pcstackCOMMON               cstackCOMMON 0070
__pintentry                   intentry     0004
__pmaintext                   maintext     0010
__pstrings                    strings      0085
__ptext179                    text179      00B4
__ptext180                    text180      00B1
__ptext181                    text181      006A
__ptext182                    text182      0040
__ptext183                    text183      00A6
__ptext184                    text184      009B
__ptext185                    text185      0000
__size_of_ConfigureOscillator (abs)        0000
__size_of_DelayTXBitUART      (abs)        0000
__size_of_InitApp             (abs)        0000
__size_of_isr                 (abs)        0000
__size_of_main                (abs)        0000
__size_of_printf              (abs)        0000
__size_of_putch               (abs)        0000
__stringdata                  strings      008B
__stringtab                   strings      0085
_isr                          text184      009B
_main                         maintext     0010
_printf                       text181      006A
_putch                        text182      0040
_sGPIO                        bssCOMMON    0079
btemp                         (abs)        007E
end_of_initialization         cinit        00AF
interrupt_function            intentry     0004
intlevel0                     functab      0000
intlevel1                     functab      0000
intlevel2                     functab      0000
intlevel3                     functab      0000
intlevel4                     functab      0000
intlevel5                     functab      0000
printf@ap                     cstackBANK0  0022
printf@c                      cstackBANK0  0024
printf@f                      cstackBANK0  0023
putch@bitcount                cstackBANK0  0021
putch@c                       cstackBANK0  0020
reset_vec                     reset_vec    0000
saved_w                       (abs)        007E
start                         init         000F
start_initialization          cinit        00AC
wtemp0                        (abs)        007E


FUNCTION INFORMATION:

 *************** function _main *****************
 Defined at:
		line 114 in file "main.c"
 Parameters:    Size  Location     Type
		None
 Auto vars:     Size  Location     Type
		None
 Return value:  Size  Location     Type
                  1    wreg      unsigned char 
 Registers used:
		wreg, fsr0l, fsr0h, status,2, status,0, pclath, cstack
 Tracked objects:
		On entry : 
		On exit  : 
		Unchanged: 
 Data sizes:     COMMON   BANK0   BANK1
      Params:         0       0       0
      Locals:         0       0       0
      Temps:          0       3       0
      Totals:         0       3       0
Total ram usage:        3 bytes
 Hardware stack levels required when called:    4
 This function calls:
		_ConfigureOscillator
		_InitApp
		_printf
 This function is called by:
		Startup code after reset
 This function uses a non-reentrant model


 *************** function _ConfigureOscillator *****************
 Defined at:
		line 14 in file "system.c"
 Parameters:    Size  Location     Type
		None
 Auto vars:     Size  Location     Type
		None
 Return value:  Size  Location     Type
		None               void
 Registers used:
		None
 Tracked objects:
		On entry : 
		On exit  : 
		Unchanged: 
 Data sizes:     COMMON   BANK0   BANK1
      Params:         0       0       0
      Locals:         0       0       0
      Temps:          0       0       0
      Totals:         0       0       0
Total ram usage:        0 bytes
 Hardware stack levels used:    1
 Hardware stack levels required when called:    1
 This function calls:
		Nothing
 This function is called by:
		_main
 This function uses a non-reentrant model


 *************** function _InitApp *****************
 Defined at:
		line 18 in file "user.c"
 Parameters:    Size  Location     Type
		None
 Auto vars:     Size  Location     Type
		None
 Return value:  Size  Location     Type
		None               void
 Registers used:
		status,2
 Tracked objects:
		On entry : 
		On exit  : 
		Unchanged: 
 Data sizes:     COMMON   BANK0   BANK1
      Params:         0       0       0
      Locals:         0       0       0
      Temps:          0       0       0
      Totals:         0       0       0
Total ram usage:        0 bytes
 Hardware stack levels used:    1
 Hardware stack levels required when called:    1
 This function calls:
		Nothing
 This function is called by:
		_main
 This function uses a non-reentrant model


 *************** function _printf *****************
 Defined at:
		line 465 in file "/Applications/microchip/xc8/v1.10/sources/doprnt.c"
 Parameters:    Size  Location     Type
  f               1    wreg     PTR const unsigned char 
		 -> STR_1(16), 
 Auto vars:     Size  Location     Type
  f               1    3[BANK0 ] PTR const unsigned char 
		 -> STR_1(16), 
  _val            4    0        struct .
  c               1    4[BANK0 ] char 
  ap              1    2[BANK0 ] PTR void [1]
		 -> ?_printf(2), 
  flag            1    0        unsigned char 
  prec            1    0        char 
 Return value:  Size  Location     Type
                  2  959[COMMON] int 
 Registers used:
		wreg, fsr0l, fsr0h, status,2, status,0, pclath, cstack
 Tracked objects:
		On entry : 
		On exit  : 
		Unchanged: 
 Data sizes:     COMMON   BANK0   BANK1
      Params:         0       0       0
      Locals:         0       3       0
      Temps:          1       0       0
      Totals:         1       3       0
Total ram usage:        4 bytes
 Hardware stack levels used:    1
 Hardware stack levels required when called:    3
 This function calls:
		_putch
 This function is called by:
		_main
 This function uses a non-reentrant model


 *************** function _putch *****************
 Defined at:
		line 87 in file "main.c"
 Parameters:    Size  Location     Type
  c               1    wreg     unsigned char 
 Auto vars:     Size  Location     Type
  c               1    0[BANK0 ] unsigned char 
  bitcount        1    1[BANK0 ] unsigned char 
 Return value:  Size  Location     Type
		None               void
 Registers used:
		wreg, status,2, status,0, pclath, cstack
 Tracked objects:
		On entry : 
		On exit  : 
		Unchanged: 
 Data sizes:     COMMON   BANK0   BANK1
      Params:         0       0       0
      Locals:         0       2       0
      Temps:          1       0       0
      Totals:         1       2       0
Total ram usage:        3 bytes
 Hardware stack levels used:    1
 Hardware stack levels required when called:    2
 This function calls:
		_DelayTXBitUART
 This function is called by:
		_printf
 This function uses a non-reentrant model


 *************** function _DelayTXBitUART *****************
 Defined at:
		line 55 in file "main.c"
 Parameters:    Size  Location     Type
		None
 Auto vars:     Size  Location     Type
		None
 Return value:  Size  Location     Type
		None               void
 Registers used:
		wreg
 Tracked objects:
		On entry : 
		On exit  : 
		Unchanged: 
 Data sizes:     COMMON   BANK0   BANK1
      Params:         0       0       0
      Locals:         0       0       0
      Temps:          1       0       0
      Totals:         1       0       0
Total ram usage:        1 bytes
 Hardware stack levels used:    1
 Hardware stack levels required when called:    1
 This function calls:
		Nothing
 This function is called by:
		_putch
 This function uses a non-reentrant model


 *************** function _isr *****************
 Defined at:
		line 14 in file "interrupts.c"
 Parameters:    Size  Location     Type
		None
 Auto vars:     Size  Location     Type
		None
 Return value:  Size  Location     Type
		None               void
 Registers used:
		None
 Tracked objects:
		On entry : 
		On exit  : 
		Unchanged: 
 Data sizes:     COMMON   BANK0   BANK1
      Params:         0       0       0
      Locals:         0       0       0
      Temps:          4       0       0
      Totals:         4       0       0
Total ram usage:        4 bytes
 Hardware stack levels used:    1
 This function calls:
		Nothing
 This function is called by:
		Interrupt level 1
 This function uses a non-reentrant model



MODULE INFORMATION

Module		Function		Class		Link	Load	Size
shared
		__stringtab    		STRING         	0085	0000	6
		__stringdata   		STRING         	008B	0000	16
		__initializatio		CODE           	00AC	0000	3

shared estimated size: 25

main.c
		_putch         		CODE           	0040	0000	42
		_main          		CODE           	0010	0000	48
		_DelayTXBitUART		CODE           	00A6	0000	6

main.c estimated size: 96

system.c
		_ConfigureOscil		CODE           	00B4	0000	1

system.c estimated size: 1

interrupts.c
		_isr           		CODE           	009B	0000	11

interrupts.c estimated size: 11

/Applications/microchip/xc8/v1.10/sources/doprnt.c
		_printf        		CODE           	006A	0000	27

/Applications/microchip/xc8/v1.10/sources/doprnt.c estimated size: 27

user.c
		_InitApp       		CODE           	00B1	0000	3

user.c estimated size: 3

