Microchip MPLAB XC8 Compiler V1.10 ()

Linker command line:

--edf=/Applications/microchip/xc8/v1.10/dat/en_msgs.txt -cs \
  -h+dist/default/production/fridge_fix.X.production.sym -z -Q12F683 \
  -ol.obj -Mdist/default/production/fridge_fix.X.production.map -E1 \
  -ver=XC8 -ACONST=00h-0FFhx8 -ACODE=00h-07FFh -ASTRCODE=00h-07FFh \
  -AENTRY=00h-0FFhx8 -ASTRING=00h-0FFhx8 -ACOMMON=070h-07Fh \
  -ABANK0=020h-06Fh -ABANK1=0A0h-0BFh -ARAM=020h-06Fh,0A0h-0BFh \
  -AABS1=020h-07Fh,0A0h-0BFh -ASFR0=00h-01Fh -ASFR1=080h-09Fh \
  -preset_vec=00h,intentry=04h,init,end_init -ppowerup=CODE -pfunctab=CODE \
  -ACONFIG=02007h-02007h -pconfig=CONFIG -DCONFIG=2 -AIDLOC=02000h-02003h \
  -pidloc=IDLOC -DIDLOC=2 -AEEDATA=00h-0FFh/02100h -peeprom_data=EEDATA \
  -DEEDATA=2 -DCODE=2 -DSTRCODE=2 -DSTRING=2 -DCONST=2 -DENTRY=2 -k \
  /tmp/cgtWOH09d.obj dist/default/production/fridge_fix.X.production.obj 

Object code version is 3.10

Machine type is 12F683



                Name                               Link     Load   Length Selector   Space Scale
/tmp/cgtWOH09d.obj
                end_init                              F        F        1        8       0
                reset_vec                             0        0        1        0       0
                idloc                              2000     2000        4     4000       0
                config                             2007     2007        1     400E       0
dist/default/production/fridge_fix.X.production.obj
                intentry                              4        4        B        8       0
                text467                             453      453        B      1BE       0
                text466                             2CD      2CD       4F      1BE       0
                text465                             31C      31C       45      1BE       0
                text464                             46D      46D        6      1BE       0
                text463                             3C4      3C4       2A      1BE       0
                text462                              DF       DF       C0      1BE       0
                text461                             467      467        6      1BE       0
                text460                             473      473        1      1BE       0
                text459                             427      427       18      1BE       0
                text458                             395      395       2F      1BE       0
                text457                             43F      43F       14      1BE       0
                text456                             361      361       34      1BE       0
                text455                             3EE      3EE       1F      1BE       0
                text454                             245      245       88      1BE       0
                maintext                            19F      19F       A6      1BE       0
                cstackBANK0                          20       20       1C       20       1
                cstackCOMMON                         70       70        7       70       1
                dataBANK0                            3C       3C        9       20       1
                bssBANK0                             45       45        3       20       1
                bssCOMMON                            77       77        3       70       1
                cinit                               40D      40D       1A      1BE       0
                strings                              10       10       CF       20       0
                idataBANK0                          45E      45E        9      1BE       0

TOTAL           Name                               Link     Load   Length     Space
        CLASS   CONST          

        CLASS   CODE           
                end_init                              F        F        1         0
                intentry                              4        4        B         0
                reset_vec                             0        0        1         0
                text467                             453      453        B         0
                text466                             2CD      2CD       4F         0
                text465                             31C      31C       45         0
                text464                             46D      46D        6         0
                text463                             3C4      3C4       2A         0
                text462                              DF       DF       C0         0
                text461                             467      467        6         0
                text460                             473      473        1         0
                text459                             427      427       18         0
                text458                             395      395       2F         0
                text457                             43F      43F       14         0
                text456                             361      361       34         0
                text455                             3EE      3EE       1F         0
                text454                             245      245       88         0
                maintext                            19F      19F       A6         0
                cinit                               40D      40D       1A         0
                idataBANK0                          45E      45E        9         0

        CLASS   STRCODE        

        CLASS   ENTRY          

        CLASS   STRING         
                strings                              10       10       CF         0

        CLASS   COMMON         
                cstackCOMMON                         70       70        7         1
                bssCOMMON                            77       77        3         1

        CLASS   BANK0          
                cstackBANK0                          20       20       1C         1
                dataBANK0                            3C       3C        9         1
                bssBANK0                             45       45        3         1

        CLASS   BANK1          

        CLASS   RAM            

        CLASS   ABS1           
                abs_s1                               7E       7E        2         1

        CLASS   SFR0           

        CLASS   SFR1           

        CLASS   CONFIG         
                config                             2007     2007        1         0

        CLASS   IDLOC          
                idloc                              2000     2000        4         0

        CLASS   EEDATA         



SEGMENTS        Name                           Load    Length   Top    Selector   Space  Class     Delta

                reset_vec                      000000  000001  000001         0       0  CODE        2
                intentry                       000004  00000C  000010         8       0  CODE        2
                cstackBANK0                    000020  000028  000048        20       1  BANK0       1
                strings                        000010  0000CF  0000DF        20       0  STRING      2
                cstackCOMMON                   000070  00000A  00007A        70       1  COMMON      1
                text462                        0000DF  000395  000474       1BE       0  CODE        2
                idloc                          002000  000004  002004      4000       0  IDLOC       2
                config                         002007  000001  002008      400E       0  CONFIG      2


UNUSED ADDRESS RANGES

        Name                Unused          Largest block    Delta
        BANK0            0048-006F             28           1
        BANK1            00A0-00BF             20           1
        CODE             0001-0003              3           2
                         0474-07FF            38C
        COMMON           007A-007D              4           1
        CONST            0001-0003              3           2
                         0474-07FF            100
        EEDATA           2100-21FF            100           2
        ENTRY            0001-0003              3           2
                         0474-07FF            100
        RAM              0048-006F             28           1
                         00A0-00BF             20
        SFR0             0000-001F             20           1
        SFR1             0080-009F             20           1
        STRCODE          0001-0003              3           2
                         0474-07FF            38C
        STRING           0001-0003              3           2
                         0474-07FF            100

                                  Symbol Table

?___lwdiv                             cstackBANK0  0020
?___lwmod                             cstackBANK0  0027
?_printf                              cstackBANK0  002B
?_read_temperature_ow_18B20           cstackBANK0  0025
_ANSEL                                (abs)        009F
_ConfigureOscillator                  text460      0473
_DS18B20_A                            dataBANK0    003C
_DelayTXBitUART                       text464      046D
_GPIO                                 (abs)        0005
_GPIObits                             (abs)        0005
_InitApp                              text461      0467
_OPTION_REGbits                       (abs)        0081
_TRISIO                               (abs)        0085
_TRISIO4                              (abs)        042C
__CFG_BOREN$OFF                       (abs)        0000
__CFG_FOSC$INTOSCIO                   (abs)        0000
__CFG_IESO$OFF                        (abs)        0000
__CFG_MCLRE$OFF                       (abs)        0000
__CFG_WDTE$OFF                        (abs)        0000
__Habs1                               abs1         0000
__Hbank0                              bank0        0000
__Hbank1                              bank1        0000
__HbssBANK0                           bssBANK0     0000
__HbssCOMMON                          bssCOMMON    0000
__Hcinit                              cinit        0000
__Hclrtext                            clrtext      0000
__Hcode                               code         0000
__Hcommon                             common       0000
__Hconfig                             config       2008
__HcstackBANK0                        cstackBANK0  0000
__HcstackCOMMON                       cstackCOMMON 0000
__HdataBANK0                          dataBANK0    0000
__Heeprom_data                        eeprom_data  0000
__Hend_init                           end_init     0010
__Hfunctab                            functab      0000
__HidataBANK0                         idataBANK0   0000
__Hidloc                              idloc        2004
__Hinit                               init         000F
__Hintentry                           intentry     000F
__Hmaintext                           maintext     0000
__Hpowerup                            powerup      0000
__Hram                                ram          0000
__Hreset_vec                          reset_vec    0001
__Hsfr0                               sfr0         0000
__Hsfr1                               sfr1         0000
__Hstrings                            strings      0000
__Htext                               text         0000
__Labs1                               abs1         0000
__Lbank0                              bank0        0000
__Lbank1                              bank1        0000
__LbssBANK0                           bssBANK0     0000
__LbssCOMMON                          bssCOMMON    0000
__Lcinit                              cinit        0000
__Lclrtext                            clrtext      0000
__Lcode                               code         0000
__Lcommon                             common       0000
__Lconfig                             config       2007
__LcstackBANK0                        cstackBANK0  0000
__LcstackCOMMON                       cstackCOMMON 0000
__LdataBANK0                          dataBANK0    0000
__Leeprom_data                        eeprom_data  0000
__Lend_init                           end_init     000F
__Lfunctab                            functab      0000
__LidataBANK0                         idataBANK0   0000
__Lidloc                              idloc        2000
__Linit                               init         000F
__Lintentry                           intentry     0004
__Lmaintext                           maintext     0000
__Lpowerup                            powerup      0000
__Lram                                ram          0000
__Lreset_vec                          reset_vec    0000
__Lsfr0                               sfr0         0000
__Lsfr1                               sfr1         0000
__Lstrings                            strings      0000
__Ltext                               text         0000
__S0                                  (abs)        2008
__S1                                  (abs)        007A
__S2                                  (abs)        0000
___lwdiv                              text466      02CD
___lwdiv@counter                      cstackBANK0  0024
___lwdiv@dividend                     cstackBANK0  0022
___lwdiv@divisor                      cstackBANK0  0020
___lwdiv@quotient                     cstackBANK0  0025
___lwmod                              text465      031C
___lwmod@counter                      cstackCOMMON 0076
___lwmod@dividend                     cstackBANK0  0029
___lwmod@divisor                      cstackBANK0  0027
__end_of_ConfigureOscillator          text460      0474
__end_of_DelayTXBitUART               text464      0473
__end_of_InitApp                      text461      046D
__end_of___lwdiv                      text466      031C
__end_of___lwmod                      text465      0361
__end_of__initialization              cinit        0425
__end_of__stringdata                  strings      00DF
__end_of__stringtab                   strings      0016
__end_of_dpowers                      strings      0020
__end_of_isr                          text467      045E
__end_of_main                         maintext     0245
__end_of_printf                       text462      019F
__end_of_putch                        text463      03EE
__end_of_read_bit_ow                  text457      0453
__end_of_read_byte_ow                 text456      0395
__end_of_read_temperature_ow_18B20    text454      02CD
__end_of_reset_ow                     text455      040D
__end_of_write_bit_ow                 text459      043F
__end_of_write_byte_ow                text458      03C4
__initialization                      cinit        040D
__pbssBANK0                           bssBANK0     0045
__pbssCOMMON                          bssCOMMON    0077
__pcstackBANK0                        cstackBANK0  0020
__pcstackCOMMON                       cstackCOMMON 0070
__pdataBANK0                          dataBANK0    003C
__pidataBANK0                         idataBANK0   045E
__pintentry                           intentry     0004
__pmaintext                           maintext     019F
__pstrings                            strings      0010
__ptext454                            text454      0245
__ptext455                            text455      03EE
__ptext456                            text456      0361
__ptext457                            text457      043F
__ptext458                            text458      0395
__ptext459                            text459      0427
__ptext460                            text460      0473
__ptext461                            text461      0467
__ptext462                            text462      00DF
__ptext463                            text463      03C4
__ptext464                            text464      046D
__ptext465                            text465      031C
__ptext466                            text466      02CD
__ptext467                            text467      0453
__ptext468                            text468      0000
__size_of_ConfigureOscillator         (abs)        0000
__size_of_DelayTXBitUART              (abs)        0000
__size_of_InitApp                     (abs)        0000
__size_of___lwdiv                     (abs)        0000
__size_of___lwmod                     (abs)        0000
__size_of_isr                         (abs)        0000
__size_of_main                        (abs)        0000
__size_of_printf                      (abs)        0000
__size_of_putch                       (abs)        0000
__size_of_read_bit_ow                 (abs)        0000
__size_of_read_byte_ow                (abs)        0000
__size_of_read_temperature_ow_18B20   (abs)        0000
__size_of_reset_ow                    (abs)        0000
__size_of_write_bit_ow                (abs)        0000
__size_of_write_byte_ow               (abs)        0000
__stringdata                          strings      0020
__stringtab                           strings      0010
_current_temp                         bssBANK0     0045
_dpowers                              strings      0016
_isr                                  text467      0453
_main                                 maintext     019F
_printf                               text462      00DF
_putch                                text463      03C4
_read_bit_ow                          text457      043F
_read_byte_ow                         text456      0361
_read_temperature_ow_18B20            text454      0245
_reset_ow                             text455      03EE
_sGPIO                                bssCOMMON    0079
_tmp                                  bssBANK0     0047
_write_bit_ow                         text459      0427
_write_byte_ow                        text458      0395
btemp                                 (abs)        007E
end_of_initialization                 cinit        0425
interrupt_function                    intentry     0004
intlevel0                             functab      0000
intlevel1                             functab      0000
intlevel2                             functab      0000
intlevel3                             functab      0000
intlevel4                             functab      0000
intlevel5                             functab      0000
printf@_val                           cstackBANK0  0034
printf@ap                             cstackBANK0  0030
printf@c                              cstackBANK0  0038
printf@f                              cstackBANK0  0032
printf@flag                           cstackBANK0  0031
printf@prec                           cstackBANK0  0033
putch@bitcount                        cstackBANK0  0021
putch@c                               cstackBANK0  0020
read_byte_ow@i                        cstackBANK0  0021
read_byte_ow@value                    cstackBANK0  0020
read_temperature_ow_18B20@ID          cstackBANK0  0034
read_temperature_ow_18B20@dat         cstackBANK0  0029
read_temperature_ow_18B20@i           cstackBANK0  0035
read_temperature_ow_18B20@temperature cstackBANK0  0032
reset_ow@presence                     cstackCOMMON 0075
reset_vec                             reset_vec    0000
saved_w                               (abs)        007E
start                                 init         000F
start_initialization                  cinit        040D
write_bit_ow@bitval                   cstackCOMMON 0075
write_byte_ow@i                       cstackBANK0  0024
write_byte_ow@temp                    cstackBANK0  0023
write_byte_ow@val                     cstackBANK0  0022
wtemp0                                (abs)        007E


FUNCTION INFORMATION:

 *************** function _main *****************
 Defined at:
		line 123 in file "main.c"
 Parameters:    Size  Location     Type
		None
 Auto vars:     Size  Location     Type
		None
 Return value:  Size  Location     Type
                  1    wreg      unsigned char 
 Registers used:
		wreg, fsr0l, fsr0h, status,2, status,0, btemp+1, pclath, cstack
 Tracked objects:
		On entry : 
		On exit  : 
		Unchanged: 
 Data sizes:     COMMON   BANK0   BANK1
      Params:         0       0       0
      Locals:         0       0       0
      Temps:          0       3       0
      Totals:         0       3       0
Total ram usage:        3 bytes
 Hardware stack levels required when called:    4
 This function calls:
		_ConfigureOscillator
		_InitApp
		_printf
		_reset_ow
		_read_temperature_ow_18B20
 This function is called by:
		Startup code after reset
 This function uses a non-reentrant model


 *************** function _read_temperature_ow_18B20 *****************
 Defined at:
		line 112 in file "one_wire.h"
 Parameters:    Size  Location     Type
  ID              1    wreg     PTR unsigned char 
		 -> DS18B20_A(9), 
 Auto vars:     Size  Location     Type
  ID              1   20[BANK0 ] PTR unsigned char 
		 -> DS18B20_A(9), 
  dat             9    9[BANK0 ] unsigned char [9]
  temperature     2   18[BANK0 ] unsigned int 
  i               1   21[BANK0 ] unsigned char 
 Return value:  Size  Location     Type
                  2    5[BANK0 ] unsigned int 
 Registers used:
		wreg, fsr0l, fsr0h, status,2, status,0, btemp+1, pclath, cstack
 Tracked objects:
		On entry : 
		On exit  : 
		Unchanged: 
 Data sizes:     COMMON   BANK0   BANK1
      Params:         0       2       0
      Locals:         0      13       0
      Temps:          0       2       0
      Totals:         0      17       0
Total ram usage:       17 bytes
 Hardware stack levels used:    1
 Hardware stack levels required when called:    3
 This function calls:
		_reset_ow
		_write_byte_ow
		_read_bit_ow
		_read_byte_ow
 This function is called by:
		_main
 This function uses a non-reentrant model


 *************** function _reset_ow *****************
 Defined at:
		line 30 in file "one_wire.h"
 Parameters:    Size  Location     Type
		None
 Auto vars:     Size  Location     Type
  presence        1    5[COMMON] unsigned char 
 Return value:  Size  Location     Type
                  1    wreg      unsigned char 
 Registers used:
		wreg, status,2
 Tracked objects:
		On entry : 
		On exit  : 
		Unchanged: 
 Data sizes:     COMMON   BANK0   BANK1
      Params:         0       0       0
      Locals:         1       0       0
      Temps:          1       0       0
      Totals:         2       0       0
Total ram usage:        2 bytes
 Hardware stack levels used:    1
 Hardware stack levels required when called:    1
 This function calls:
		Nothing
 This function is called by:
		_read_temperature_ow_18B20
		_main
 This function uses a non-reentrant model


 *************** function _read_byte_ow *****************
 Defined at:
		line 69 in file "one_wire.h"
 Parameters:    Size  Location     Type
		None
 Auto vars:     Size  Location     Type
  i               1    1[BANK0 ] unsigned char 
  value           1    0[BANK0 ] unsigned char 
 Return value:  Size  Location     Type
                  1    wreg      unsigned char 
 Registers used:
		wreg, status,2, status,0, pclath, cstack
 Tracked objects:
		On entry : 
		On exit  : 
		Unchanged: 
 Data sizes:     COMMON   BANK0   BANK1
      Params:         0       0       0
      Locals:         0       2       0
      Temps:          2       0       0
      Totals:         2       2       0
Total ram usage:        4 bytes
 Hardware stack levels used:    1
 Hardware stack levels required when called:    2
 This function calls:
		_read_bit_ow
 This function is called by:
		_read_temperature_ow_18B20
 This function uses a non-reentrant model


 *************** function _read_bit_ow *****************
 Defined at:
		line 50 in file "one_wire.h"
 Parameters:    Size  Location     Type
		None
 Auto vars:     Size  Location     Type
		None
 Return value:  Size  Location     Type
                  1    wreg      unsigned char 
 Registers used:
		wreg, status,2, status,0
 Tracked objects:
		On entry : 
		On exit  : 
		Unchanged: 
 Data sizes:     COMMON   BANK0   BANK1
      Params:         0       0       0
      Locals:         0       0       0
      Temps:          1       0       0
      Totals:         1       0       0
Total ram usage:        1 bytes
 Hardware stack levels used:    1
 Hardware stack levels required when called:    1
 This function calls:
		Nothing
 This function is called by:
		_read_byte_ow
		_read_temperature_ow_18B20
 This function uses a non-reentrant model


 *************** function _write_byte_ow *****************
 Defined at:
		line 96 in file "one_wire.h"
 Parameters:    Size  Location     Type
  val             1    wreg     unsigned char 
 Auto vars:     Size  Location     Type
  val             1    2[BANK0 ] unsigned char 
  i               1    4[BANK0 ] unsigned char 
  temp            1    3[BANK0 ] unsigned char 
 Return value:  Size  Location     Type
		None               void
 Registers used:
		wreg, status,2, status,0, pclath, cstack
 Tracked objects:
		On entry : 
		On exit  : 
		Unchanged: 
 Data sizes:     COMMON   BANK0   BANK1
      Params:         0       0       0
      Locals:         0       3       0
      Temps:          0       2       0
      Totals:         0       5       0
Total ram usage:        5 bytes
 Hardware stack levels used:    1
 Hardware stack levels required when called:    2
 This function calls:
		_write_bit_ow
 This function is called by:
		_read_temperature_ow_18B20
 This function uses a non-reentrant model


 *************** function _write_bit_ow *****************
 Defined at:
		line 82 in file "one_wire.h"
 Parameters:    Size  Location     Type
  bitval          1    wreg     unsigned char 
 Auto vars:     Size  Location     Type
  bitval          1    5[COMMON] unsigned char 
 Return value:  Size  Location     Type
		None               void
 Registers used:
		wreg
 Tracked objects:
		On entry : 
		On exit  : 
		Unchanged: 
 Data sizes:     COMMON   BANK0   BANK1
      Params:         0       0       0
      Locals:         1       0       0
      Temps:          1       0       0
      Totals:         2       0       0
Total ram usage:        2 bytes
 Hardware stack levels used:    1
 Hardware stack levels required when called:    1
 This function calls:
		Nothing
 This function is called by:
		_write_byte_ow
 This function uses a non-reentrant model


 *************** function _ConfigureOscillator *****************
 Defined at:
		line 14 in file "system.c"
 Parameters:    Size  Location     Type
		None
 Auto vars:     Size  Location     Type
		None
 Return value:  Size  Location     Type
		None               void
 Registers used:
		None
 Tracked objects:
		On entry : 
		On exit  : 
		Unchanged: 
 Data sizes:     COMMON   BANK0   BANK1
      Params:         0       0       0
      Locals:         0       0       0
      Temps:          0       0       0
      Totals:         0       0       0
Total ram usage:        0 bytes
 Hardware stack levels used:    1
 Hardware stack levels required when called:    1
 This function calls:
		Nothing
 This function is called by:
		_main
 This function uses a non-reentrant model


 *************** function _InitApp *****************
 Defined at:
		line 18 in file "user.c"
 Parameters:    Size  Location     Type
		None
 Auto vars:     Size  Location     Type
		None
 Return value:  Size  Location     Type
		None               void
 Registers used:
		wreg, status,2
 Tracked objects:
		On entry : 
		On exit  : 
		Unchanged: 
 Data sizes:     COMMON   BANK0   BANK1
      Params:         0       0       0
      Locals:         0       0       0
      Temps:          0       0       0
      Totals:         0       0       0
Total ram usage:        0 bytes
 Hardware stack levels used:    1
 Hardware stack levels required when called:    1
 This function calls:
		Nothing
 This function is called by:
		_main
 This function uses a non-reentrant model


 *************** function _printf *****************
 Defined at:
		line 465 in file "/Applications/microchip/xc8/v1.10/sources/doprnt.c"
 Parameters:    Size  Location     Type
  f               1    wreg     PTR const unsigned char 
		 -> STR_8(24), STR_7(24), STR_6(25), STR_5(20), 
		 -> STR_4(15), STR_3(20), STR_2(30), STR_1(33), 
 Auto vars:     Size  Location     Type
  f               1   18[BANK0 ] PTR const unsigned char 
		 -> STR_8(24), STR_7(24), STR_6(25), STR_5(20), 
		 -> STR_4(15), STR_3(20), STR_2(30), STR_1(33), 
  _val            4   20[BANK0 ] struct .
  c               1   24[BANK0 ] char 
  prec            1   19[BANK0 ] char 
  flag            1   17[BANK0 ] unsigned char 
  ap              1   16[BANK0 ] PTR void [1]
		 -> ?_printf(2), 
 Return value:  Size  Location     Type
                  2   11[BANK0 ] int 
 Registers used:
		wreg, fsr0l, fsr0h, status,2, status,0, btemp+1, pclath, cstack
 Tracked objects:
		On entry : 
		On exit  : 
		Unchanged: 
 Data sizes:     COMMON   BANK0   BANK1
      Params:         0       2       0
      Locals:         0       9       0
      Temps:          0       3       0
      Totals:         0      14       0
Total ram usage:       14 bytes
 Hardware stack levels used:    1
 Hardware stack levels required when called:    3
 This function calls:
		_putch
		___lwdiv
		___lwmod
 This function is called by:
		_main
 This function uses a non-reentrant model


 *************** function _putch *****************
 Defined at:
		line 86 in file "main.c"
 Parameters:    Size  Location     Type
  c               1    wreg     unsigned char 
 Auto vars:     Size  Location     Type
  c               1    0[BANK0 ] unsigned char 
  bitcount        1    1[BANK0 ] unsigned char 
 Return value:  Size  Location     Type
		None               void
 Registers used:
		wreg, status,2, status,0, pclath, cstack
 Tracked objects:
		On entry : 
		On exit  : 
		Unchanged: 
 Data sizes:     COMMON   BANK0   BANK1
      Params:         0       0       0
      Locals:         0       2       0
      Temps:          1       0       0
      Totals:         1       2       0
Total ram usage:        3 bytes
 Hardware stack levels used:    1
 Hardware stack levels required when called:    2
 This function calls:
		_DelayTXBitUART
 This function is called by:
		_printf
 This function uses a non-reentrant model


 *************** function _DelayTXBitUART *****************
 Defined at:
		line 54 in file "main.c"
 Parameters:    Size  Location     Type
		None
 Auto vars:     Size  Location     Type
		None
 Return value:  Size  Location     Type
		None               void
 Registers used:
		wreg
 Tracked objects:
		On entry : 
		On exit  : 
		Unchanged: 
 Data sizes:     COMMON   BANK0   BANK1
      Params:         0       0       0
      Locals:         0       0       0
      Temps:          1       0       0
      Totals:         1       0       0
Total ram usage:        1 bytes
 Hardware stack levels used:    1
 Hardware stack levels required when called:    1
 This function calls:
		Nothing
 This function is called by:
		_putch
 This function uses a non-reentrant model


 *************** function ___lwmod *****************
 Defined at:
		line 5 in file "/Applications/microchip/xc8/v1.10/sources/lwmod.c"
 Parameters:    Size  Location     Type
  divisor         2    7[BANK0 ] unsigned int 
  dividend        2    9[BANK0 ] unsigned int 
 Auto vars:     Size  Location     Type
  counter         1    6[COMMON] unsigned char 
 Return value:  Size  Location     Type
                  2    7[BANK0 ] unsigned int 
 Registers used:
		wreg, status,2, status,0
 Tracked objects:
		On entry : 
		On exit  : 
		Unchanged: 
 Data sizes:     COMMON   BANK0   BANK1
      Params:         0       4       0
      Locals:         1       0       0
      Temps:          1       0       0
      Totals:         2       4       0
Total ram usage:        6 bytes
 Hardware stack levels used:    1
 Hardware stack levels required when called:    1
 This function calls:
		Nothing
 This function is called by:
		_printf
 This function uses a non-reentrant model


 *************** function ___lwdiv *****************
 Defined at:
		line 5 in file "/Applications/microchip/xc8/v1.10/sources/lwdiv.c"
 Parameters:    Size  Location     Type
  divisor         2    0[BANK0 ] unsigned int 
  dividend        2    2[BANK0 ] unsigned int 
 Auto vars:     Size  Location     Type
  quotient        2    5[BANK0 ] unsigned int 
  counter         1    4[BANK0 ] unsigned char 
 Return value:  Size  Location     Type
                  2    0[BANK0 ] unsigned int 
 Registers used:
		wreg, status,2, status,0
 Tracked objects:
		On entry : 
		On exit  : 
		Unchanged: 
 Data sizes:     COMMON   BANK0   BANK1
      Params:         0       4       0
      Locals:         0       3       0
      Temps:          1       0       0
      Totals:         1       7       0
Total ram usage:        8 bytes
 Hardware stack levels used:    1
 Hardware stack levels required when called:    1
 This function calls:
		Nothing
 This function is called by:
		_printf
 This function uses a non-reentrant model


 *************** function _isr *****************
 Defined at:
		line 14 in file "interrupts.c"
 Parameters:    Size  Location     Type
		None
 Auto vars:     Size  Location     Type
		None
 Return value:  Size  Location     Type
		None               void
 Registers used:
		None
 Tracked objects:
		On entry : 
		On exit  : 
		Unchanged: 
 Data sizes:     COMMON   BANK0   BANK1
      Params:         0       0       0
      Locals:         0       0       0
      Temps:          4       0       0
      Totals:         4       0       0
Total ram usage:        4 bytes
 Hardware stack levels used:    1
 This function calls:
		Nothing
 This function is called by:
		Interrupt level 1
 This function uses a non-reentrant model



MODULE INFORMATION

Module		Function		Class		Link	Load	Size
one_wire.h
		_reset_ow      		CODE           	03EE	0000	31
		_read_bit_ow   		CODE           	043F	0000	20
		_read_byte_ow  		CODE           	0361	0000	52
		_write_bit_ow  		CODE           	0427	0000	24
		_write_byte_ow 		CODE           	0395	0000	47
		_read_temperatu		CODE           	0245	0000	136

one_wire.h estimated size: 310

shared
		__stringtab    		STRING         	0010	0000	6
		__stringdata   		STRING         	0020	0000	191
		_dpowers       		STRING         	0016	0000	10
		__initializatio		CODE           	040D	0000	24

shared estimated size: 231

/Applications/microchip/xc8/v1.10/sources/lwmod.c
		___lwmod       		CODE           	031C	0000	69

/Applications/microchip/xc8/v1.10/sources/lwmod.c estimated size: 69

main.c
		_putch         		CODE           	03C4	0000	42
		_main          		CODE           	019F	0000	166
		_DelayTXBitUART		CODE           	046D	0000	6

main.c estimated size: 214

system.c
		_ConfigureOscil		CODE           	0473	0000	1

system.c estimated size: 1

interrupts.c
		_isr           		CODE           	0453	0000	11

interrupts.c estimated size: 11

/Applications/microchip/xc8/v1.10/sources/doprnt.c
		_printf        		CODE           	00DF	0000	192

/Applications/microchip/xc8/v1.10/sources/doprnt.c estimated size: 192

/Applications/microchip/xc8/v1.10/sources/lwdiv.c
		___lwdiv       		CODE           	02CD	0000	79

/Applications/microchip/xc8/v1.10/sources/lwdiv.c estimated size: 79

user.c
		_InitApp       		CODE           	0467	0000	6

user.c estimated size: 6

