Microchip MPLAB XC8 Compiler V1.34 ()

Linker command line:

--edf=/Applications/microchip/xc8/v1.34/dat/en_msgs.txt -cs \
  -h+dist/PIC16F690/production/Red_Keyboard_16f690.X.production.sym \
  --cmf=dist/PIC16F690/production/Red_Keyboard_16f690.X.production.cmf -z \
  -Q16F690 -o/tmp/cgtczt2rd \
  -Mdist/PIC16F690/production/Red_Keyboard_16f690.X.production.map -E1 \
  -ver=XC8 -ASTACK=0A0h-0efh -pstack=STACK -ACODE=00h-07FFhx2 \
  -ASTRCODE=00h-0FFFh -ASTRING=00h-0FFhx16 -ACONST=00h-0FFhx16 \
  -AENTRY=00h-0FFhx16 -ACOMMON=070h-07Fh -ABANK0=020h-06Fh \
  -ABANK1=0A0h-0EFh -ABANK2=0120h-016Fh \
  -ARAM=020h-06Fh,0A0h-0EFh,0120h-016Fh \
  -AABS1=020h-07Fh,0A0h-0EFh,0120h-016Fh -ASFR0=00h-01Fh -ASFR1=080h-09Fh \
  -ASFR2=0100h-011Fh -ASFR3=0180h-01EFh \
  -preset_vec=00h,intentry=04h,init,end_init -ppowerup=CODE -pcinit=CODE \
  -pfunctab=CODE -ACONFIG=02007h-02007h -pconfig=CONFIG -DCONFIG=2 \
  -AIDLOC=02000h-02003h -pidloc=IDLOC -DIDLOC=2 -AEEDATA=00h-0FFh/02100h \
  -peeprom_data=EEDATA -DEEDATA=2 -DCODE=2 -DSTRCODE=2 -DSTRING=2 -DCONST=2 \
  -DENTRY=2 -k /tmp/cgtRBLTyq.obj \
  dist/PIC16F690/production/Red_Keyboard_16f690.X.production.obj 

Object code version is 3.11

Machine type is 16F690



                Name                               Link     Load   Length Selector   Space Scale
/tmp/cgtRBLTyq.obj
                end_init                             11       11        2        8       0
                reset_vec                             0        0        2        0       0
                config                             2007     2007        1     400E       0
dist/PIC16F690/production/Red_Keyboard_16f690.X.production.obj
                cinit                                13       13        F        8       0
                intentry                              4        4        D        8       0
                text13                              40F      40F        B      552       0
                text12                              422      422        5      552       0
                text11                              328      328       3E      552       0
                text10                              3D0      3D0       2C      552       0
                text9                               1F3      1F3       60        8       0
                text8                               2A9      2A9       41      552       0
                text7                               366      366       36      552       0
                text6                               2EA      2EA       3E      552       0
                text5                               39C      39C       34      552       0
                text4                               41A      41A        8      552       0
                text3                                22       22       B5        8       0
                text2                                D7       D7       94        8       0
                text1                               3FC      3FC       13      552       0
                maintext                            16B      16B       88        8       0
                cstackBANK0                          20       20       20       20       1
                cstackCOMMON                         70       70        A       70       1
                dataBANK0                            45       45        2       20       1
                bssBANK0                             40       40        5       20       1
                strings                             253      253       56      4A6       0
                idataBANK0                          427      427        2      552       0

TOTAL           Name                               Link     Load   Length     Space
        CLASS   STACK          

        CLASS   CODE           
                end_init                             11       11        2         0
                cinit                                13       13        F         0
                intentry                              4        4        D         0
                reset_vec                             0        0        2         0
                text13                              40F      40F        B         0
                text12                              422      422        5         0
                text11                              328      328       3E         0
                text10                              3D0      3D0       2C         0
                text9                               1F3      1F3       60         0
                text8                               2A9      2A9       41         0
                text7                               366      366       36         0
                text6                               2EA      2EA       3E         0
                text5                               39C      39C       34         0
                text4                               41A      41A        8         0
                text3                                22       22       B5         0
                text2                                D7       D7       94         0
                text1                               3FC      3FC       13         0
                maintext                            16B      16B       88         0
                idataBANK0                          427      427        2         0

        CLASS   STRCODE        

        CLASS   STRING         
                strings                             253      253       56         0

        CLASS   CONST          

        CLASS   ENTRY          

        CLASS   COMMON         
                cstackCOMMON                         70       70        A         1

        CLASS   BANK0          
                cstackBANK0                          20       20       20         1
                dataBANK0                            45       45        2         1
                bssBANK0                             40       40        5         1

        CLASS   BANK1          

        CLASS   BANK2          

        CLASS   RAM            

        CLASS   ABS1           
                abs_s1                               7E       7E        2         1

        CLASS   SFR0           

        CLASS   SFR1           

        CLASS   SFR2           

        CLASS   SFR3           

        CLASS   CONFIG         
                config                             2007     2007        1         0

        CLASS   IDLOC          

        CLASS   EEDATA         

        CLASS   BANK3          



SEGMENTS        Name                           Load    Length   Top    Selector   Space  Class     Delta

                reset_vec                      000000  000002  000002         0       0  CODE        2
                intentry                       000004  00024F  000253         8       0  CODE        2
                cstackBANK0                    000020  000027  000047        20       1  BANK0       1
                cstackCOMMON                   000070  00000A  00007A        70       1  COMMON      1
                strings                        000253  000056  0002A9       4A6       0  STRING      2
                text8                          0002A9  000180  000429       552       0  CODE        2
                config                         002007  000001  002008      400E       0  CONFIG      2


UNUSED ADDRESS RANGES

        Name                Unused          Largest block    Delta
        BANK0            0047-006F             29           1
        BANK1            00A0-00EF             50           1
        BANK2            0120-016F             50           1
        CODE             0002-0003              2           2
                         0429-0FFF            3D7
        COMMON           007A-007D              4           1
        CONST            0002-0003              2           2
                         0429-0FFF            100
        EEDATA           2100-21FF            100           2
        ENTRY            0002-0003              2           2
                         0429-0FFF            100
        IDLOC            2000-2003              4           2
        RAM              0047-006F             29           1
                         00A0-00EF             50
                         0120-016F             50
        SFR0             0000-001F             20           1
        SFR1             0080-009F             20           1
        SFR2             0100-011F             20           1
        SFR3             0180-01EF             70           1
        STACK            00A0-00EF             50           1
        STRCODE          0002-0003              2           2
                         0429-0FFF            BD7
        STRING           0002-0003              2           2
                         0429-0FFF            100

                                  Symbol Table

?___lldiv                     cstackBANK0  0028
?___lmul                      cstackBANK0  0020
?___lwdiv                     cstackCOMMON 0074
?___lwmod                     cstackBANK0  0023
?_get_voltage                 cstackBANK0  0035
?_printf                      cstackBANK0  0028
SPI_Write@config              cstackCOMMON 0078
SPI_Write@data                cstackCOMMON 0074
_ANSEL                        (abs)        011E
_ANSELH                       (abs)        011F
_BAUDCTLbits                  (abs)        009B
_BRGH                         (abs)        04C2
_CREN                         (abs)        00C4
_ConfigureOscillator          text12       0422
_InitApp                      text11       0328
_OSCCON                       (abs)        008F
_PORTAbits                    (abs)        0005
_PORTBbits                    (abs)        0006
_PORTCbits                    (abs)        0007
_SPBRG                        (abs)        0099
_SPEN                         (abs)        00C7
_SPI_Write                    text10       03D0
_SSPBUF                       (abs)        0013
_SSPCONbits                   (abs)        0014
_SSPSTATbits                  (abs)        0094
_SYNC                         (abs)        04C4
_TRISA                        (abs)        0085
_TRISAbits                    (abs)        0085
_TRISB                        (abs)        0086
_TRISBbits                    (abs)        0086
_TRISC                        (abs)        0087
_TRISCbits                    (abs)        0087
_TXEN                         (abs)        04C5
_TXIF                         (abs)        0064
_TXREG                        (abs)        0019
_WPUAbits                     (abs)        0095
__CFG_BOREN$OFF               (abs)        0000
__CFG_CP$OFF                  (abs)        0000
__CFG_CPD$OFF                 (abs)        0000
__CFG_FCMEN$OFF               (abs)        0000
__CFG_FOSC$INTRCIO            (abs)        0000
__CFG_IESO$OFF                (abs)        0000
__CFG_MCLRE$ON                (abs)        0000
__CFG_PWRTE$ON                (abs)        0000
__CFG_WDTE$OFF                (abs)        0000
__Habs1                       abs1         0000
__Hbank0                      bank0        0000
__Hbank1                      bank1        0000
__Hbank2                      bank2        0000
__Hbank3                      bank3        0000
__HbssBANK0                   bssBANK0     0000
__Hcinit                      cinit        0022
__Hclrtext                    clrtext      0000
__Hcode                       code         0000
__Hcommon                     common       0000
__Hconfig                     config       2008
__HcstackBANK0                cstackBANK0  0000
__HcstackCOMMON               cstackCOMMON 0000
__HdataBANK0                  dataBANK0    0000
__Heeprom_data                eeprom_data  0000
__Hend_init                   end_init     0013
__Hfunctab                    functab      0000
__HidataBANK0                 idataBANK0   0000
__Hidloc                      idloc        0000
__Hinit                       init         0011
__Hintentry                   intentry     0011
__Hmaintext                   maintext     0000
__Hpowerup                    powerup      0000
__Hram                        ram          0000
__Hreset_vec                  reset_vec    0002
__Hsfr0                       sfr0         0000
__Hsfr1                       sfr1         0000
__Hsfr2                       sfr2         0000
__Hsfr3                       sfr3         0000
__Hspace_0                    (abs)        2008
__Hspace_1                    (abs)        007A
__Hspace_2                    (abs)        0000
__Hspace_3                    (abs)        0000
__Hstack                      stack        0000
__Hstrings                    strings      0000
__Htext                       text         0000
__Labs1                       abs1         0000
__Lbank0                      bank0        0000
__Lbank1                      bank1        0000
__Lbank2                      bank2        0000
__Lbank3                      bank3        0000
__LbssBANK0                   bssBANK0     0000
__Lcinit                      cinit        0013
__Lclrtext                    clrtext      0000
__Lcode                       code         0000
__Lcommon                     common       0000
__Lconfig                     config       2007
__LcstackBANK0                cstackBANK0  0000
__LcstackCOMMON               cstackCOMMON 0000
__LdataBANK0                  dataBANK0    0000
__Leeprom_data                eeprom_data  0000
__Lend_init                   end_init     0011
__Lfunctab                    functab      0000
__LidataBANK0                 idataBANK0   0000
__Lidloc                      idloc        0000
__Linit                       init         0011
__Lintentry                   intentry     0004
__Lmaintext                   maintext     0000
__Lpowerup                    powerup      0000
__Lram                        ram          0000
__Lreset_vec                  reset_vec    0000
__Lsfr0                       sfr0         0000
__Lsfr1                       sfr1         0000
__Lsfr2                       sfr2         0000
__Lsfr3                       sfr3         0000
__Lspace_0                    (abs)        0000
__Lspace_1                    (abs)        0000
__Lspace_2                    (abs)        0000
__Lspace_3                    (abs)        0000
__Lstack                      stack        0000
__Lstrings                    strings      0000
__Ltext                       text         0000
__S0                          (abs)        2008
__S1                          (abs)        007A
__S2                          (abs)        0000
__S3                          (abs)        0000
___int_sp                     stack        0000
___latbits                    (abs)        0001
___lldiv                      text9        01F3
___lldiv@counter              cstackBANK0  0034
___lldiv@dividend             cstackBANK0  002C
___lldiv@divisor              cstackBANK0  0028
___lldiv@quotient             cstackBANK0  0030
___lmul                       text8        02A9
___lmul@multiplicand          cstackBANK0  0024
___lmul@multiplier            cstackBANK0  0020
___lmul@product               cstackCOMMON 0075
___lwdiv                      text6        02EA
___lwdiv@counter              cstackBANK0  0022
___lwdiv@dividend             cstackCOMMON 0076
___lwdiv@divisor              cstackCOMMON 0074
___lwdiv@quotient             cstackBANK0  0020
___lwmod                      text5        039C
___lwmod@counter              cstackBANK0  0027
___lwmod@dividend             cstackBANK0  0025
___lwmod@divisor              cstackBANK0  0023
___sp                         stack        0000
__end_of_ConfigureOscillator  text12       0427
__end_of_InitApp              text11       0366
__end_of_SPI_Write            text10       03FC
__end_of___lldiv              text9        0253
__end_of___lmul               text8        02EA
__end_of___lwdiv              text6        0328
__end_of___lwmod              text5        03D0
__end_of__initialization      cinit        001F
__end_of__stringtab           strings      0259
__end_of_checkKey             text2        016B
__end_of_dpowers              strings      0263
__end_of_get_voltage          text7        039C
__end_of_isr                  text13       041A
__end_of_main                 maintext     01F3
__end_of_printf               text3        00D7
__end_of_putch                text4        0422
__end_of_tuningCheck          text1        040F
__initialization              cinit        0013
__pbssBANK0                   bssBANK0     0040
__pcstackBANK0                cstackBANK0  0020
__pcstackCOMMON               cstackCOMMON 0070
__pdataBANK0                  dataBANK0    0045
__pidataBANK0                 idataBANK0   0427
__pintentry                   intentry     0004
__pmaintext                   maintext     016B
__pstrings                    strings      0253
__ptext1                      text1        03FC
__ptext10                     text10       03D0
__ptext11                     text11       0328
__ptext12                     text12       0422
__ptext13                     text13       040F
__ptext2                      text2        00D7
__ptext3                      text3        0022
__ptext4                      text4        041A
__ptext5                      text5        039C
__ptext6                      text6        02EA
__ptext7                      text7        0366
__ptext8                      text8        02A9
__ptext9                      text9        01F3
__size_of_ConfigureOscillator (abs)        0000
__size_of_InitApp             (abs)        0000
__size_of_SPI_Write           (abs)        0000
__size_of___lldiv             (abs)        0000
__size_of___lmul              (abs)        0000
__size_of___lwdiv             (abs)        0000
__size_of___lwmod             (abs)        0000
__size_of_checkKey            (abs)        0000
__size_of_get_voltage         (abs)        0000
__size_of_isr                 (abs)        0000
__size_of_main                (abs)        0000
__size_of_printf              (abs)        0000
__size_of_putch               (abs)        0000
__size_of_tuningCheck         (abs)        0000
__stringbase                  strings      0258
__stringtab                   strings      0253
_checkKey                     text2        00D7
_dpowers                      strings      0259
_get_voltage                  text7        0366
_in_tuning_mode               bssBANK0     0044
_isr                          text13       040F
_key_count                    dataBANK0    0045
_last_key                     bssBANK0     0040
_main                         maintext     016B
_nRABPU                       (abs)        040F
_pressed_keys                 bssBANK0     0042
_printf                       text3        0022
_putch                        text4        041A
_tuningCheck                  text1        03FC
btemp                         (abs)        007E
checkKey@keyVal               cstackCOMMON 0076
end_of_initialization         cinit        001F
get_voltage@keyCode           cstackBANK0  0035
interrupt_function            intentry     0004
intlevel0                     functab      0000
intlevel1                     functab      0000
intlevel2                     functab      0000
intlevel3                     functab      0000
intlevel4                     functab      0000
intlevel5                     functab      0000
ltemp                         (abs)        007E
ltemp0                        (abs)        007E
ltemp1                        (abs)        0082
ltemp2                        (abs)        0086
ltemp3                        (abs)        0080
main@current_key              cstackBANK0  003E
main@real_value               cstackBANK0  003C
printf@ap                     cstackBANK0  0031
printf@c                      cstackBANK0  0037
printf@f                      cstackBANK0  0034
printf@flag                   cstackBANK0  0032
printf@prec                   cstackBANK0  0033
printf@val                    cstackBANK0  0035
putch@data                    cstackCOMMON 0074
reset_vec                     reset_vec    0000
saved_w                       (abs)        007E
stackhi                       (abs)        0000
stacklo                       (abs)        0000
start                         init         0011
start_initialization          cinit        0013
ttemp                         (abs)        007E
ttemp0                        (abs)        007E
ttemp1                        (abs)        0081
ttemp2                        (abs)        0084
ttemp3                        (abs)        0087
ttemp4                        (abs)        007F
wtemp                         (abs)        007E
wtemp0                        (abs)        007E
wtemp1                        (abs)        0080
wtemp2                        (abs)        0082
wtemp3                        (abs)        0084
wtemp4                        (abs)        0086
wtemp5                        (abs)        0088
wtemp6                        (abs)        007F


FUNCTION INFORMATION:

 *************** function _main *****************
 Defined at:
		line 154 in file "main.c"
 Parameters:    Size  Location     Type
		None
 Auto vars:     Size  Location     Type
  real_value      2   28[BANK0 ] unsigned int 
  current_key     2   30[BANK0 ] unsigned int 
 Return value:  Size  Location     Type
		None               void
 Registers used:
		wreg, fsr0l, fsr0h, status,2, status,0, btemp+1, pclath, cstack
 Tracked objects:
		On entry : 
		On exit  : 
		Unchanged: 
 Data sizes:     COMMON   BANK0   BANK1   BANK2
      Params:         0       0       0       0
      Locals:         0       4       0       0
      Temps:          0       3       0       0
      Totals:         0       7       0       0
Total ram usage:        7 bytes
 Hardware stack levels required when called:    3
 This function calls:
		_ConfigureOscillator
		_InitApp
		_SPI_Write
		_checkKey
		_get_voltage
		_printf
		_tuningCheck
 This function is called by:
		Startup code after reset
 This function uses a non-reentrant model


 *************** function _tuningCheck *****************
 Defined at:
		line 124 in file "main.c"
 Parameters:    Size  Location     Type
		None
 Auto vars:     Size  Location     Type
		None
 Return value:  Size  Location     Type
                  1    wreg      unsigned char 
 Registers used:
		wreg, status,2, status,0, pclath, cstack
 Tracked objects:
		On entry : 
		On exit  : 
		Unchanged: 
 Data sizes:     COMMON   BANK0   BANK1   BANK2
      Params:         0       0       0       0
      Locals:         0       0       0       0
      Temps:          0       0       0       0
      Totals:         0       0       0       0
Total ram usage:        0 bytes
 Hardware stack levels used:    1
 Hardware stack levels required when called:    2
 This function calls:
		_checkKey
 This function is called by:
		_main
 This function uses a non-reentrant model


 *************** function _checkKey *****************
 Defined at:
		line 97 in file "main.c"
 Parameters:    Size  Location     Type
  keyVal          1    wreg     unsigned char 
 Auto vars:     Size  Location     Type
  keyVal          1    6[COMMON] unsigned char 
 Return value:  Size  Location     Type
                  1    wreg      unsigned char 
 Registers used:
		wreg, status,2, status,0
 Tracked objects:
		On entry : 
		On exit  : 
		Unchanged: 
 Data sizes:     COMMON   BANK0   BANK1   BANK2
      Params:         0       0       0       0
      Locals:         1       0       0       0
      Temps:          2       0       0       0
      Totals:         3       0       0       0
Total ram usage:        3 bytes
 Hardware stack levels used:    1
 Hardware stack levels required when called:    1
 This function calls:
		Nothing
 This function is called by:
		_tuningCheck
		_main
 This function uses a non-reentrant model


 *************** function _printf *****************
 Defined at:
		line 464 in file "/Applications/microchip/xc8/v1.34/sources/common/doprnt.c"
 Parameters:    Size  Location     Type
  f               1    wreg     PTR const unsigned char 
		 -> STR_2(53), STR_1(17), 
 Auto vars:     Size  Location     Type
  f               1   20[BANK0 ] PTR const unsigned char 
		 -> STR_2(53), STR_1(17), 
  tmpval          4    0        struct .
  val             2   21[BANK0 ] unsigned int 
  cp              2    0        PTR const unsigned char 
  len             2    0        unsigned int 
  c               1   23[BANK0 ] char 
  prec            1   19[BANK0 ] char 
  flag            1   18[BANK0 ] unsigned char 
  ap              1   17[BANK0 ] PTR void [1]
		 -> ?_printf(2), 
 Return value:  Size  Location     Type
                  2    8[BANK0 ] int 
 Registers used:
		wreg, fsr0l, fsr0h, status,2, status,0, btemp+1, pclath, cstack
 Tracked objects:
		On entry : 
		On exit  : 
		Unchanged: 
 Data sizes:     COMMON   BANK0   BANK1   BANK2
      Params:         0       6       0       0
      Locals:         0       7       0       0
      Temps:          0       3       0       0
      Totals:         0      16       0       0
Total ram usage:       16 bytes
 Hardware stack levels used:    1
 Hardware stack levels required when called:    2
 This function calls:
		___lwdiv
		___lwmod
		_putch
 This function is called by:
		_main
 This function uses a non-reentrant model


 *************** function _putch *****************
 Defined at:
		line 26 in file "main.c"
 Parameters:    Size  Location     Type
  data            1    wreg     unsigned char 
 Auto vars:     Size  Location     Type
  data            1    4[COMMON] unsigned char 
 Return value:  Size  Location     Type
		None               void
 Registers used:
		wreg
 Tracked objects:
		On entry : 
		On exit  : 
		Unchanged: 
 Data sizes:     COMMON   BANK0   BANK1   BANK2
      Params:         0       0       0       0
      Locals:         1       0       0       0
      Temps:          0       0       0       0
      Totals:         1       0       0       0
Total ram usage:        1 bytes
 Hardware stack levels used:    1
 Hardware stack levels required when called:    1
 This function calls:
		Nothing
 This function is called by:
		_printf
 This function uses a non-reentrant model


 *************** function ___lwmod *****************
 Defined at:
		line 6 in file "/Applications/microchip/xc8/v1.34/sources/common/lwmod.c"
 Parameters:    Size  Location     Type
  divisor         2    3[BANK0 ] unsigned int 
  dividend        2    5[BANK0 ] unsigned int 
 Auto vars:     Size  Location     Type
  counter         1    7[BANK0 ] unsigned char 
 Return value:  Size  Location     Type
                  2    3[BANK0 ] unsigned int 
 Registers used:
		wreg, status,2, status,0
 Tracked objects:
		On entry : 
		On exit  : 
		Unchanged: 
 Data sizes:     COMMON   BANK0   BANK1   BANK2
      Params:         0       4       0       0
      Locals:         0       1       0       0
      Temps:          1       0       0       0
      Totals:         1       5       0       0
Total ram usage:        6 bytes
 Hardware stack levels used:    1
 Hardware stack levels required when called:    1
 This function calls:
		Nothing
 This function is called by:
		_printf
 This function uses a non-reentrant model


 *************** function ___lwdiv *****************
 Defined at:
		line 6 in file "/Applications/microchip/xc8/v1.34/sources/common/lwdiv.c"
 Parameters:    Size  Location     Type
  divisor         2    4[COMMON] unsigned int 
  dividend        2    6[COMMON] unsigned int 
 Auto vars:     Size  Location     Type
  quotient        2    0[BANK0 ] unsigned int 
  counter         1    2[BANK0 ] unsigned char 
 Return value:  Size  Location     Type
                  2    4[COMMON] unsigned int 
 Registers used:
		wreg, status,2, status,0
 Tracked objects:
		On entry : 
		On exit  : 
		Unchanged: 
 Data sizes:     COMMON   BANK0   BANK1   BANK2
      Params:         4       0       0       0
      Locals:         0       3       0       0
      Temps:          1       0       0       0
      Totals:         5       3       0       0
Total ram usage:        8 bytes
 Hardware stack levels used:    1
 Hardware stack levels required when called:    1
 This function calls:
		Nothing
 This function is called by:
		_printf
 This function uses a non-reentrant model


 *************** function _get_voltage *****************
 Defined at:
		line 136 in file "main.c"
 Parameters:    Size  Location     Type
  keyCode         4   21[BANK0 ] unsigned long 
 Auto vars:     Size  Location     Type
		None
 Return value:  Size  Location     Type
                  4   21[BANK0 ] unsigned long 
 Registers used:
		wreg, status,2, status,0, pclath, cstack
 Tracked objects:
		On entry : 
		On exit  : 
		Unchanged: 
 Data sizes:     COMMON   BANK0   BANK1   BANK2
      Params:         0       4       0       0
      Locals:         0       0       0       0
      Temps:          0       0       0       0
      Totals:         0       4       0       0
Total ram usage:        4 bytes
 Hardware stack levels used:    1
 Hardware stack levels required when called:    2
 This function calls:
		___lldiv
		___lmul
 This function is called by:
		_main
 This function uses a non-reentrant model


 *************** function ___lmul *****************
 Defined at:
		line 15 in file "/Applications/microchip/xc8/v1.34/sources/common/Umul32.c"
 Parameters:    Size  Location     Type
  multiplier      4    0[BANK0 ] unsigned long 
  multiplicand    4    4[BANK0 ] unsigned long 
 Auto vars:     Size  Location     Type
  product         4    5[COMMON] unsigned long 
 Return value:  Size  Location     Type
                  4    0[BANK0 ] unsigned long 
 Registers used:
		wreg, status,2, status,0
 Tracked objects:
		On entry : 
		On exit  : 
		Unchanged: 
 Data sizes:     COMMON   BANK0   BANK1   BANK2
      Params:         0       8       0       0
      Locals:         4       0       0       0
      Temps:          1       0       0       0
      Totals:         5       8       0       0
Total ram usage:       13 bytes
 Hardware stack levels used:    1
 Hardware stack levels required when called:    1
 This function calls:
		Nothing
 This function is called by:
		_get_voltage
 This function uses a non-reentrant model


 *************** function ___lldiv *****************
 Defined at:
		line 6 in file "/Applications/microchip/xc8/v1.34/sources/common/lldiv.c"
 Parameters:    Size  Location     Type
  divisor         4    8[BANK0 ] unsigned long 
  dividend        4   12[BANK0 ] unsigned long 
 Auto vars:     Size  Location     Type
  quotient        4   16[BANK0 ] unsigned long 
  counter         1   20[BANK0 ] unsigned char 
 Return value:  Size  Location     Type
                  4    8[BANK0 ] unsigned long 
 Registers used:
		wreg, status,2, status,0
 Tracked objects:
		On entry : 
		On exit  : 
		Unchanged: 
 Data sizes:     COMMON   BANK0   BANK1   BANK2
      Params:         0       8       0       0
      Locals:         0       5       0       0
      Temps:          1       0       0       0
      Totals:         1      13       0       0
Total ram usage:       14 bytes
 Hardware stack levels used:    1
 Hardware stack levels required when called:    1
 This function calls:
		Nothing
 This function is called by:
		_get_voltage
 This function uses a non-reentrant model


 *************** function _SPI_Write *****************
 Defined at:
		line 33 in file "main.c"
 Parameters:    Size  Location     Type
  data            2    4[COMMON] unsigned int 
 Auto vars:     Size  Location     Type
  config          2    8[COMMON] unsigned int 
 Return value:  Size  Location     Type
		None               void
 Registers used:
		wreg, status,2, status,0
 Tracked objects:
		On entry : 
		On exit  : 
		Unchanged: 
 Data sizes:     COMMON   BANK0   BANK1   BANK2
      Params:         2       0       0       0
      Locals:         2       0       0       0
      Temps:          2       0       0       0
      Totals:         6       0       0       0
Total ram usage:        6 bytes
 Hardware stack levels used:    1
 Hardware stack levels required when called:    1
 This function calls:
		Nothing
 This function is called by:
		_main
 This function uses a non-reentrant model


 *************** function _InitApp *****************
 Defined at:
		line 22 in file "user.c"
 Parameters:    Size  Location     Type
		None
 Auto vars:     Size  Location     Type
		None
 Return value:  Size  Location     Type
		None               void
 Registers used:
		wreg, status,2, status,0
 Tracked objects:
		On entry : 
		On exit  : 
		Unchanged: 
 Data sizes:     COMMON   BANK0   BANK1   BANK2
      Params:         0       0       0       0
      Locals:         0       0       0       0
      Temps:          0       0       0       0
      Totals:         0       0       0       0
Total ram usage:        0 bytes
 Hardware stack levels used:    1
 Hardware stack levels required when called:    1
 This function calls:
		Nothing
 This function is called by:
		_main
 This function uses a non-reentrant model


 *************** function _ConfigureOscillator *****************
 Defined at:
		line 18 in file "system.c"
 Parameters:    Size  Location     Type
		None
 Auto vars:     Size  Location     Type
		None
 Return value:  Size  Location     Type
		None               void
 Registers used:
		wreg
 Tracked objects:
		On entry : 
		On exit  : 
		Unchanged: 
 Data sizes:     COMMON   BANK0   BANK1   BANK2
      Params:         0       0       0       0
      Locals:         0       0       0       0
      Temps:          0       0       0       0
      Totals:         0       0       0       0
Total ram usage:        0 bytes
 Hardware stack levels used:    1
 Hardware stack levels required when called:    1
 This function calls:
		Nothing
 This function is called by:
		_main
 This function uses a non-reentrant model


 *************** function _isr *****************
 Defined at:
		line 23 in file "interrupts.c"
 Parameters:    Size  Location     Type
		None
 Auto vars:     Size  Location     Type
		None
 Return value:  Size  Location     Type
		None               void
 Registers used:
		None
 Tracked objects:
		On entry : 
		On exit  : 
		Unchanged: 
 Data sizes:     COMMON   BANK0   BANK1   BANK2
      Params:         0       0       0       0
      Locals:         0       0       0       0
      Temps:          4       0       0       0
      Totals:         4       0       0       0
Total ram usage:        4 bytes
 Hardware stack levels used:    1
 This function calls:
		Nothing
 This function is called by:
		Interrupt level 1
 This function uses a non-reentrant model



MODULE INFORMATION

Module		Function		Class		Link	Load	Size
/Applications/microchip/xc8/v1.34/sources/common/lwmod.c
		___lwmod       		CODE           	039C	0000	53

/Applications/microchip/xc8/v1.34/sources/common/lwmod.c estimated size: 53

interrupts.c
		_isr           		CODE           	040F	0000	12

interrupts.c estimated size: 12

/Applications/microchip/xc8/v1.34/sources/common/lwdiv.c
		___lwdiv       		CODE           	02EA	0000	63

/Applications/microchip/xc8/v1.34/sources/common/lwdiv.c estimated size: 63

/Applications/microchip/xc8/v1.34/sources/common/lldiv.c
		___lldiv       		CODE           	01F3	0000	97

/Applications/microchip/xc8/v1.34/sources/common/lldiv.c estimated size: 97

/Applications/microchip/xc8/v1.34/sources/common/Umul32.c
		___lmul        		CODE           	02A9	0000	66

/Applications/microchip/xc8/v1.34/sources/common/Umul32.c estimated size: 66

shared
		__stringtab    		STRING         	0253	0000	7
		_dpowers       		STRING         	0259	0000	11
		__initializatio		CODE           	0013	0000	13

shared estimated size: 31

user.c
		_InitApp       		CODE           	0328	0000	63

user.c estimated size: 63

/Applications/microchip/xc8/v1.34/sources/common/doprnt.c
		_printf        		CODE           	0022	0000	182

/Applications/microchip/xc8/v1.34/sources/common/doprnt.c estimated size: 182

main.c
		_tuningCheck   		CODE           	03FC	0000	20
		_putch         		CODE           	041A	0000	9
		_main          		CODE           	016B	0000	137
		_get_voltage   		CODE           	0366	0000	55
		_SPI_Write     		CODE           	03D0	0000	45
		_checkKey      		CODE           	00D7	0000	149

main.c estimated size: 415

system.c
		_ConfigureOscil		CODE           	0422	0000	6

system.c estimated size: 6

