Microchip MPLAB XC8 Compiler V1.33 ()

Linker command line:

--edf=C:\Program Files (x86)\Microchip\xc8\v1.33\dat\en_msgs.txt -cs \
  -h+dist/default/production\blink_with_serial.X.production.sym \
  --cmf=dist/default/production\blink_with_serial.X.production.cmf -z \
  -Q12F683 -oC:\Users\jamis\AppData\Local\Temp\s60o.6 \
  -Mdist/default/production/blink_with_serial.X.production.map -E1 -ver=XC8 \
  -ASTACK=026h-06fh -pstack=STACK -ACONST=00h-0FFhx8 -ACODE=00h-07FFh \
  -ASTRCODE=00h-07FFh -AENTRY=00h-0FFhx8 -ASTRING=00h-0FFhx8 \
  -ACOMMON=070h-07Fh -ABANK0=020h-06Fh -ABANK1=0A0h-0BFh \
  -ARAM=020h-06Fh,0A0h-0BFh -AABS1=020h-07Fh,0A0h-0BFh -ASFR0=00h-01Fh \
  -ASFR1=080h-09Fh -preset_vec=00h,intentry=04h,init,end_init \
  -ppowerup=CODE -pcinit=CODE -pfunctab=CODE -ACONFIG=02007h-02007h \
  -pconfig=CONFIG -DCONFIG=2 -AIDLOC=02000h-02003h -pidloc=IDLOC -DIDLOC=2 \
  -AEEDATA=00h-0FFh/02100h -peeprom_data=EEDATA -DEEDATA=2 -DCODE=2 \
  -DSTRCODE=2 -DSTRING=2 -DCONST=2 -DENTRY=2 -k \
  C:\Users\jamis\AppData\Local\Temp\s60o.obj \
  dist/default/production\blink_with_serial.X.production.obj 

Object code version is 3.11

Machine type is 12F683



                Name                               Link     Load   Length Selector   Space Scale
C:\Users\jamis\AppData\Local\Temp\s60o.obj
                end_init                              F        F        1        8       0
                reset_vec                             0        0        1        0       0
                config                             2007     2007        1     400E       0
dist/default/production\blink_with_serial.X.production.obj
                cinit                                10       10        3        8       0
                intentry                              4        4        B        8       0
                text6                                97       97        B      102       0
                text5                                B0       B0        1      102       0
                text4                                A2       A2        8      102       0
                text3                                AA       AA        6      102       0
                text2                                45       45       26        8       0
                text1                                81       81       16      102       0
                maintext                             13       13       32        8       0
                cstackBANK0                          20       20        6       20       1
                cstackCOMMON                         70       70        9       70       1
                bssCOMMON                            79       79        1       70       1
                strings                              6B       6B       16       D6       0

TOTAL           Name                               Link     Load   Length     Space
        CLASS   STACK          

        CLASS   CONST          

        CLASS   CODE           
                end_init                              F        F        1         0
                cinit                                10       10        3         0
                intentry                              4        4        B         0
                reset_vec                             0        0        1         0
                text6                                97       97        B         0
                text5                                B0       B0        1         0
                text4                                A2       A2        8         0
                text3                                AA       AA        6         0
                text2                                45       45       26         0
                text1                                81       81       16         0
                maintext                             13       13       32         0

        CLASS   STRCODE        

        CLASS   ENTRY          

        CLASS   STRING         
                strings                              6B       6B       16         0

        CLASS   COMMON         
                cstackCOMMON                         70       70        9         1
                bssCOMMON                            79       79        1         1

        CLASS   BANK0          
                cstackBANK0                          20       20        6         1

        CLASS   BANK1          

        CLASS   RAM            

        CLASS   ABS1           
                abs_s1                               7E       7E        2         1

        CLASS   SFR0           

        CLASS   SFR1           

        CLASS   CONFIG         
                config                             2007     2007        1         0

        CLASS   IDLOC          

        CLASS   EEDATA         



SEGMENTS        Name                           Load    Length   Top    Selector   Space  Class     Delta

                reset_vec                      000000  000001  000001         0       0  CODE        2
                intentry                       000004  000067  00006B         8       0  CODE        2
                cstackBANK0                    000020  000006  000026        20       1  BANK0       1
                cstackCOMMON                   000070  00000A  00007A        70       1  COMMON      1
                strings                        00006B  000016  000081        D6       0  STRING      2
                text1                          000081  000030  0000B1       102       0  CODE        2
                config                         002007  000001  002008      400E       0  CONFIG      2


UNUSED ADDRESS RANGES

        Name                Unused          Largest block    Delta
        BANK0            0026-006F             4A           1
        BANK1            00A0-00BF             20           1
        CODE             0001-0003              3           2
                         00B1-07FF            74F
        COMMON           007A-007D              4           1
        CONST            0001-0003              3           2
                         00B1-07FF            100
        EEDATA           2100-21FF            100           2
        ENTRY            0001-0003              3           2
                         00B1-07FF            100
        IDLOC            2000-2003              4           2
        RAM              0026-006F             4A           1
                         00A0-00BF             20
        SFR0             0000-001F             20           1
        SFR1             0080-009F             20           1
        STACK            0026-006F             4A           1
        STRCODE          0001-0003              3           2
                         00B1-07FF            74F
        STRING           0001-0003              3           2
                         00B1-07FF            100

                                  Symbol Table

?_printf                      cstackCOMMON 0070
_ConfigureOscillator          text5        00B0
_DelayTXBitUART               text3        00AA
_GPIO                         (abs)        0005
_GPIObits                     (abs)        0005
_InitApp                      text4        00A2
_TRISIObits                   (abs)        0085
__CFG_BOREN$OFF               (abs)        0000
__CFG_FOSC$INTOSCIO           (abs)        0000
__CFG_IESO$OFF                (abs)        0000
__CFG_MCLRE$OFF               (abs)        0000
__CFG_WDTE$OFF                (abs)        0000
__Habs1                       abs1         0000
__Hbank0                      bank0        0000
__Hbank1                      bank1        0000
__HbssCOMMON                  bssCOMMON    0000
__Hcinit                      cinit        0013
__Hclrtext                    clrtext      0000
__Hcode                       code         0000
__Hcommon                     common       0000
__Hconfig                     config       2008
__HcstackBANK0                cstackBANK0  0000
__HcstackCOMMON               cstackCOMMON 0000
__Heeprom_data                eeprom_data  0000
__Hend_init                   end_init     0010
__Hfunctab                    functab      0000
__Hidloc                      idloc        0000
__Hinit                       init         000F
__Hintentry                   intentry     000F
__Hmaintext                   maintext     0000
__Hpowerup                    powerup      0000
__Hram                        ram          0000
__Hreset_vec                  reset_vec    0001
__Hsfr0                       sfr0         0000
__Hsfr1                       sfr1         0000
__Hspace_0                    (abs)        2008
__Hspace_1                    (abs)        007A
__Hspace_2                    (abs)        0000
__Hspace_3                    (abs)        0000
__Hstack                      stack        0000
__Hstrings                    strings      0000
__Htext                       text         0000
__Labs1                       abs1         0000
__Lbank0                      bank0        0000
__Lbank1                      bank1        0000
__LbssCOMMON                  bssCOMMON    0000
__Lcinit                      cinit        0010
__Lclrtext                    clrtext      0000
__Lcode                       code         0000
__Lcommon                     common       0000
__Lconfig                     config       2007
__LcstackBANK0                cstackBANK0  0000
__LcstackCOMMON               cstackCOMMON 0000
__Leeprom_data                eeprom_data  0000
__Lend_init                   end_init     000F
__Lfunctab                    functab      0000
__Lidloc                      idloc        0000
__Linit                       init         000F
__Lintentry                   intentry     0004
__Lmaintext                   maintext     0000
__Lpowerup                    powerup      0000
__Lram                        ram          0000
__Lreset_vec                  reset_vec    0000
__Lsfr0                       sfr0         0000
__Lsfr1                       sfr1         0000
__Lspace_0                    (abs)        0000
__Lspace_1                    (abs)        0000
__Lspace_2                    (abs)        0000
__Lspace_3                    (abs)        0000
__Lstack                      stack        0000
__Lstrings                    strings      0000
__Ltext                       text         0000
__S0                          (abs)        2008
__S1                          (abs)        007A
__S2                          (abs)        0000
__S3                          (abs)        0000
___int_sp                     stack        0000
___latbits                    (abs)        0000
___sp                         stack        0000
__end_of_ConfigureOscillator  text5        00B1
__end_of_DelayTXBitUART       text3        00B0
__end_of_InitApp              text4        00AA
__end_of__initialization      cinit        0011
__end_of__stringdata          strings      0081
__end_of__stringtab           strings      0071
__end_of_isr                  text6        00A2
__end_of_main                 maintext     0045
__end_of_printf               text1        0097
__end_of_putch                text2        006B
__initialization              cinit        0010
__pbssCOMMON                  bssCOMMON    0079
__pcstackBANK0                cstackBANK0  0020
__pcstackCOMMON               cstackCOMMON 0070
__pintentry                   intentry     0004
__pmaintext                   maintext     0013
__pstrings                    strings      006B
__ptext1                      text1        0081
__ptext2                      text2        0045
__ptext3                      text3        00AA
__ptext4                      text4        00A2
__ptext5                      text5        00B0
__ptext6                      text6        0097
__size_of_ConfigureOscillator (abs)        0000
__size_of_DelayTXBitUART      (abs)        0000
__size_of_InitApp             (abs)        0000
__size_of_isr                 (abs)        0000
__size_of_main                (abs)        0000
__size_of_printf              (abs)        0000
__size_of_putch               (abs)        0000
__stringbase                  strings      0070
__stringdata                  strings      0071
__stringtab                   strings      006B
_isr                          text6        0097
_main                         maintext     0013
_printf                       text1        0081
_putch                        text2        0045
_sGPIO                        bssCOMMON    0079
btemp                         (abs)        007E
end_of_initialization         cinit        0011
interrupt_function            intentry     0004
intlevel0                     functab      0000
intlevel1                     functab      0000
intlevel2                     functab      0000
intlevel3                     functab      0000
intlevel4                     functab      0000
intlevel5                     functab      0000
ltemp                         (abs)        007E
ltemp0                        (abs)        007E
ltemp1                        (abs)        0082
ltemp2                        (abs)        0086
ltemp3                        (abs)        0080
printf@ap                     cstackBANK0  0020
printf@c                      cstackBANK0  0021
printf@f                      cstackBANK0  0022
putch@bitcount                cstackCOMMON 0077
putch@c                       cstackCOMMON 0076
reset_vec                     reset_vec    0000
saved_w                       (abs)        007E
stackhi                       (abs)        0000
stacklo                       (abs)        0000
start                         init         000F
start_initialization          cinit        0010
ttemp                         (abs)        007E
ttemp0                        (abs)        007E
ttemp1                        (abs)        0081
ttemp2                        (abs)        0084
ttemp3                        (abs)        0087
ttemp4                        (abs)        007F
wtemp                         (abs)        007E
wtemp0                        (abs)        007E
wtemp1                        (abs)        0080
wtemp2                        (abs)        0082
wtemp3                        (abs)        0084
wtemp4                        (abs)        0086
wtemp5                        (abs)        0088
wtemp6                        (abs)        007F


FUNCTION INFORMATION:

 *************** function _main *****************
 Defined at:
		line 109 in file "main.c"
 Parameters:    Size  Location     Type
		None
 Auto vars:     Size  Location     Type
		None
 Return value:  Size  Location     Type
                  1    wreg      unsigned char 
 Registers used:
		wreg, fsr0l, fsr0h, status,2, status,0, pclath, cstack
 Tracked objects:
		On entry : 
		On exit  : 
		Unchanged: 
 Data sizes:     COMMON   BANK0   BANK1
      Params:         0       0       0
      Locals:         0       0       0
      Temps:          0       3       0
      Totals:         0       3       0
Total ram usage:        3 bytes
 Hardware stack levels required when called:    4
 This function calls:
		_ConfigureOscillator
		_InitApp
		_printf
 This function is called by:
		Startup code after reset
 This function uses a non-reentrant model


 *************** function _printf *****************
 Defined at:
		line 464 in file "C:\Program Files (x86)\Microchip\xc8\v1.33\sources\common\doprnt.c"
 Parameters:    Size  Location     Type
  f               1    wreg     PTR const unsigned char 
		 -> STR_1(16), 
 Auto vars:     Size  Location     Type
  f               1    2[BANK0 ] PTR const unsigned char 
		 -> STR_1(16), 
  _val            4    0        struct .
  c               1    1[BANK0 ] char 
  ap              1    0[BANK0 ] PTR void [1]
		 -> ?_printf(2), 
  flag            1    0        unsigned char 
  prec            1    0        char 
 Return value:  Size  Location     Type
                  2   13[COMMON] int 
 Registers used:
		wreg, fsr0l, fsr0h, status,2, status,0, pclath, cstack
 Tracked objects:
		On entry : 
		On exit  : 
		Unchanged: 
 Data sizes:     COMMON   BANK0   BANK1
      Params:         0       0       0
      Locals:         0       3       0
      Temps:          1       0       0
      Totals:         1       3       0
Total ram usage:        4 bytes
 Hardware stack levels used:    1
 Hardware stack levels required when called:    3
 This function calls:
		_putch
 This function is called by:
		_main
 This function uses a non-reentrant model


 *************** function _putch *****************
 Defined at:
		line 83 in file "main.c"
 Parameters:    Size  Location     Type
  c               1    wreg     unsigned char 
 Auto vars:     Size  Location     Type
  c               1    6[COMMON] unsigned char 
  bitcount        1    7[COMMON] unsigned char 
 Return value:  Size  Location     Type
		None               void
 Registers used:
		wreg, status,2, status,0, pclath, cstack
 Tracked objects:
		On entry : 
		On exit  : 
		Unchanged: 
 Data sizes:     COMMON   BANK0   BANK1
      Params:         0       0       0
      Locals:         2       0       0
      Temps:          1       0       0
      Totals:         3       0       0
Total ram usage:        3 bytes
 Hardware stack levels used:    1
 Hardware stack levels required when called:    2
 This function calls:
		_DelayTXBitUART
 This function is called by:
		_printf
 This function uses a non-reentrant model


 *************** function _DelayTXBitUART *****************
 Defined at:
		line 50 in file "main.c"
 Parameters:    Size  Location     Type
		None
 Auto vars:     Size  Location     Type
		None
 Return value:  Size  Location     Type
		None               void
 Registers used:
		wreg
 Tracked objects:
		On entry : 
		On exit  : 
		Unchanged: 
 Data sizes:     COMMON   BANK0   BANK1
      Params:         0       0       0
      Locals:         0       0       0
      Temps:          1       0       0
      Totals:         1       0       0
Total ram usage:        1 bytes
 Hardware stack levels used:    1
 Hardware stack levels required when called:    1
 This function calls:
		Nothing
 This function is called by:
		_putch
 This function uses a non-reentrant model


 *************** function _InitApp *****************
 Defined at:
		line 17 in file "user.c"
 Parameters:    Size  Location     Type
		None
 Auto vars:     Size  Location     Type
		None
 Return value:  Size  Location     Type
		None               void
 Registers used:
		None
 Tracked objects:
		On entry : 
		On exit  : 
		Unchanged: 
 Data sizes:     COMMON   BANK0   BANK1
      Params:         0       0       0
      Locals:         0       0       0
      Temps:          0       0       0
      Totals:         0       0       0
Total ram usage:        0 bytes
 Hardware stack levels used:    1
 Hardware stack levels required when called:    1
 This function calls:
		Nothing
 This function is called by:
		_main
 This function uses a non-reentrant model


 *************** function _ConfigureOscillator *****************
 Defined at:
		line 13 in file "system.c"
 Parameters:    Size  Location     Type
		None
 Auto vars:     Size  Location     Type
		None
 Return value:  Size  Location     Type
		None               void
 Registers used:
		None
 Tracked objects:
		On entry : 
		On exit  : 
		Unchanged: 
 Data sizes:     COMMON   BANK0   BANK1
      Params:         0       0       0
      Locals:         0       0       0
      Temps:          0       0       0
      Totals:         0       0       0
Total ram usage:        0 bytes
 Hardware stack levels used:    1
 Hardware stack levels required when called:    1
 This function calls:
		Nothing
 This function is called by:
		_main
 This function uses a non-reentrant model


 *************** function _isr *****************
 Defined at:
		line 13 in file "interrupts.c"
 Parameters:    Size  Location     Type
		None
 Auto vars:     Size  Location     Type
		None
 Return value:  Size  Location     Type
		None               void
 Registers used:
		None
 Tracked objects:
		On entry : 
		On exit  : 
		Unchanged: 
 Data sizes:     COMMON   BANK0   BANK1
      Params:         0       0       0
      Locals:         0       0       0
      Temps:          4       0       0
      Totals:         4       0       0
Total ram usage:        4 bytes
 Hardware stack levels used:    1
 This function calls:
		Nothing
 This function is called by:
		Interrupt level 1
 This function uses a non-reentrant model



MODULE INFORMATION

Module		Function		Class		Link	Load	Size
C:\Program Files (x86)\Microchip\xc8\v1.33\sources\common\doprnt.c
		_printf        		CODE           	0081	0000	22

C:\Program Files (x86)\Microchip\xc8\v1.33\sources\common\doprnt.c estimated size: 22

interrupts.c
		_isr           		CODE           	0097	0000	11

interrupts.c estimated size: 11

shared
		__stringtab    		STRING         	006B	0000	6
		__stringdata   		STRING         	0071	0000	16
		__initializatio		CODE           	0010	0000	1

shared estimated size: 23

user.c
		_InitApp       		CODE           	00A2	0000	8

user.c estimated size: 8

main.c
		_putch         		CODE           	0045	0000	38
		_main          		CODE           	0013	0000	50
		_DelayTXBitUART		CODE           	00AA	0000	6

main.c estimated size: 94

system.c
		_ConfigureOscil		CODE           	00B0	0000	1

system.c estimated size: 1

