Microchip MPLAB XC8 Compiler V1.10 ()

Linker command line:

--edf=/Applications/microchip/xc8/v1.10/dat/en_msgs.txt -cs \
  -h+dist/default/production/matrix_necklace.X.production.sym -z -Q12F683 \
  -ol.obj -Mdist/default/production/matrix_necklace.X.production.map -E1 \
  -ver=XC8 -ACONST=00h-0FFhx8 -ACODE=00h-07FFh -ASTRCODE=00h-07FFh \
  -AENTRY=00h-0FFhx8 -ASTRING=00h-0FFhx8 -ACOMMON=070h-07Fh \
  -ABANK0=020h-06Fh -ABANK1=0A0h-0BFh -ARAM=020h-06Fh,0A0h-0BFh \
  -AABS1=020h-07Fh,0A0h-0BFh -ASFR0=00h-01Fh -ASFR1=080h-09Fh \
  -preset_vec=00h,intentry=04h,init,end_init -ppowerup=CODE -pfunctab=CODE \
  -ACONFIG=02007h-02007h -pconfig=CONFIG -DCONFIG=2 -AIDLOC=02000h-02003h \
  -pidloc=IDLOC -DIDLOC=2 -AEEDATA=00h-0FFh/02100h -peeprom_data=EEDATA \
  -DEEDATA=2 -DCODE=2 -DSTRCODE=2 -DSTRING=2 -DCONST=2 -DENTRY=2 -k \
  /tmp/cgthJaUAC.obj \
  dist/default/production/matrix_necklace.X.production.obj 

Object code version is 3.10

Machine type is 12F683



                Name                               Link     Load   Length Selector   Space Scale
/tmp/cgthJaUAC.obj
                end_init                              F        F        1        8       0
                reset_vec                             0        0        1        0       0
                config                             2007     2007        1     400E       0
dist/default/production/matrix_necklace.X.production.obj
                intentry                              4        4        B        8       0
                text183                             353      353        B      540       0
                text182                             2A0      2A0       4B      540       0
                text181                             35E      35E        4      540       0
                text180                             364      364        1      540       0
                text179                             2EB      2EB       41      540       0
                text178                             32C      32C       18      540       0
                text177                             1AA      1AA       92        8       0
                text176                              ED       ED       BD        8       0
                maintext                             10       10       DD        8       0
                cstackBANK0                          20       20       1D       20       1
                cstackCOMMON                         70       70        9       70       1
                dataBANK0                            45       45        2       20       1
                bssBANK0                             3D       3D        8       20       1
                bssCOMMON                            79       79        1       70       1
                cinit                               344      344        F      540       0
                strings                             23C      23C       64      478       0
                idataBANK0                          362      362        2      540       0

TOTAL           Name                               Link     Load   Length     Space
        CLASS   CONST          

        CLASS   CODE           
                end_init                              F        F        1         0
                intentry                              4        4        B         0
                reset_vec                             0        0        1         0
                text183                             353      353        B         0
                text182                             2A0      2A0       4B         0
                text181                             35E      35E        4         0
                text180                             364      364        1         0
                text179                             2EB      2EB       41         0
                text178                             32C      32C       18         0
                text177                             1AA      1AA       92         0
                text176                              ED       ED       BD         0
                maintext                             10       10       DD         0
                cinit                               344      344        F         0
                idataBANK0                          362      362        2         0

        CLASS   STRCODE        

        CLASS   ENTRY          

        CLASS   STRING         
                strings                             23C      23C       64         0

        CLASS   COMMON         
                cstackCOMMON                         70       70        9         1
                bssCOMMON                            79       79        1         1

        CLASS   BANK0          
                cstackBANK0                          20       20       1D         1
                dataBANK0                            45       45        2         1
                bssBANK0                             3D       3D        8         1

        CLASS   BANK1          

        CLASS   RAM            

        CLASS   ABS1           
                abs_s1                               7E       7E        2         1

        CLASS   SFR0           

        CLASS   SFR1           

        CLASS   CONFIG         
                config                             2007     2007        1         0

        CLASS   IDLOC          

        CLASS   EEDATA         



SEGMENTS        Name                           Load    Length   Top    Selector   Space  Class     Delta

                reset_vec                      000000  000001  000001         0       0  CODE        2
                intentry                       000004  000238  00023C         8       0  CODE        2
                cstackBANK0                    000020  000027  000047        20       1  BANK0       1
                cstackCOMMON                   000070  00000A  00007A        70       1  COMMON      1
                strings                        00023C  000064  0002A0       478       0  STRING      2
                text182                        0002A0  0000C5  000365       540       0  CODE        2
                config                         002007  000001  002008      400E       0  CONFIG      2


UNUSED ADDRESS RANGES

        Name                Unused          Largest block    Delta
        BANK0            0047-006F             29           1
        BANK1            00A0-00BF             20           1
        CODE             0001-0003              3           2
                         0365-07FF            49B
        COMMON           007A-007D              4           1
        CONST            0001-0003              3           2
                         0365-07FF            100
        EEDATA           2100-21FF            100           2
        ENTRY            0001-0003              3           2
                         0365-07FF            100
        IDLOC            2000-2003              4           2
        RAM              0047-006F             29           1
                         00A0-00BF             20
        SFR0             0000-001F             20           1
        SFR1             0080-009F             20           1
        STRCODE          0001-0003              3           2
                         0365-07FF            49B
        STRING           0001-0003              3           2
                         0365-07FF            100

                                  Symbol Table

?___lmul                         cstackBANK0  0020
?_maxSingle                      cstackBANK0  0024
?_putByte                        cstackCOMMON 0074
?_showPattern                    cstackBANK0  0028
_ConfigureOscillator             text180      0364
_GPIO                            (abs)        0005
_InitApp                         text181      035E
_TRISIO                          (abs)        0085
__CFG_BOREN$OFF                  (abs)        0000
__CFG_FOSC$INTOSCIO              (abs)        0000
__CFG_IESO$OFF                   (abs)        0000
__CFG_MCLRE$OFF                  (abs)        0000
__CFG_WDTE$OFF                   (abs)        0000
__Habs1                          abs1         0000
__Hbank0                         bank0        0000
__Hbank1                         bank1        0000
__HbssBANK0                      bssBANK0     0000
__HbssCOMMON                     bssCOMMON    0000
__Hcinit                         cinit        0000
__Hclrtext                       clrtext      0000
__Hcode                          code         0000
__Hcommon                        common       0000
__Hconfig                        config       2008
__HcstackBANK0                   cstackBANK0  0000
__HcstackCOMMON                  cstackCOMMON 0000
__HdataBANK0                     dataBANK0    0000
__Heeprom_data                   eeprom_data  0000
__Hend_init                      end_init     0010
__Hfunctab                       functab      0000
__HidataBANK0                    idataBANK0   0000
__Hidloc                         idloc        0000
__Hinit                          init         000F
__Hintentry                      intentry     000F
__Hmaintext                      maintext     0000
__Hpowerup                       powerup      0000
__Hram                           ram          0000
__Hreset_vec                     reset_vec    0001
__Hsfr0                          sfr0         0000
__Hsfr1                          sfr1         0000
__Hstrings                       strings      0000
__Htext                          text         0000
__Labs1                          abs1         0000
__Lbank0                         bank0        0000
__Lbank1                         bank1        0000
__LbssBANK0                      bssBANK0     0000
__LbssCOMMON                     bssCOMMON    0000
__Lcinit                         cinit        0000
__Lclrtext                       clrtext      0000
__Lcode                          code         0000
__Lcommon                        common       0000
__Lconfig                        config       2007
__LcstackBANK0                   cstackBANK0  0000
__LcstackCOMMON                  cstackCOMMON 0000
__LdataBANK0                     dataBANK0    0000
__Leeprom_data                   eeprom_data  0000
__Lend_init                      end_init     000F
__Lfunctab                       functab      0000
__LidataBANK0                    idataBANK0   0000
__Lidloc                         idloc        0000
__Linit                          init         000F
__Lintentry                      intentry     0004
__Lmaintext                      maintext     0000
__Lpowerup                       powerup      0000
__Lram                           ram          0000
__Lreset_vec                     reset_vec    0000
__Lsfr0                          sfr0         0000
__Lsfr1                          sfr1         0000
__Lstrings                       strings      0000
__Ltext                          text         0000
__S0                             (abs)        2008
__S1                             (abs)        007A
__S2                             (abs)        0000
___lmul                          text182      02A0
___lmul@multiplicand             cstackBANK0  0024
___lmul@multiplier               cstackBANK0  0020
___lmul@product                  cstackCOMMON 0075
__end_of_ConfigureOscillator     text180      0365
__end_of_InitApp                 text181      0362
__end_of___lmul                  text182      02EB
__end_of__initialization         cinit        0351
__end_of__stringtab              strings      0242
__end_of_isr                     text183      035E
__end_of_main                    maintext     00ED
__end_of_max7219_reg_decodeMode  strings      0284
__end_of_max7219_reg_digit0      strings      0286
__end_of_max7219_reg_digit1      strings      0288
__end_of_max7219_reg_digit2      strings      028A
__end_of_max7219_reg_digit3      strings      028C
__end_of_max7219_reg_digit4      strings      028E
__end_of_max7219_reg_digit5      strings      0290
__end_of_max7219_reg_digit6      strings      0292
__end_of_max7219_reg_digit7      strings      0294
__end_of_max7219_reg_displayTest strings      0296
__end_of_max7219_reg_intensity   strings      0298
__end_of_max7219_reg_noop        strings      029A
__end_of_max7219_reg_scanLimit   strings      029C
__end_of_max7219_reg_shutdown    strings      029E
__end_of_maxSingle               text178      0344
__end_of_numPatterns             strings      02A0
__end_of_patterns                strings      0282
__end_of_putByte                 text179      032C
__end_of_showPattern             text176      01AA
__end_of_wipeScreen              text177      023C
__initialization                 cinit        0344
__pbssBANK0                      bssBANK0     003D
__pbssCOMMON                     bssCOMMON    0079
__pcstackBANK0                   cstackBANK0  0020
__pcstackCOMMON                  cstackCOMMON 0070
__pdataBANK0                     dataBANK0    0045
__pidataBANK0                    idataBANK0   0362
__pintentry                      intentry     0004
__pmaintext                      maintext     0010
__pstrings                       strings      023C
__ptext176                       text176      00ED
__ptext177                       text177      01AA
__ptext178                       text178      032C
__ptext179                       text179      02EB
__ptext180                       text180      0364
__ptext181                       text181      035E
__ptext182                       text182      02A0
__ptext183                       text183      0353
__ptext184                       text184      0000
__size_of_ConfigureOscillator    (abs)        0000
__size_of_InitApp                (abs)        0000
__size_of___lmul                 (abs)        0000
__size_of_isr                    (abs)        0000
__size_of_main                   (abs)        0000
__size_of_maxSingle              (abs)        0000
__size_of_putByte                (abs)        0000
__size_of_showPattern            (abs)        0000
__size_of_wipeScreen             (abs)        0000
__stringtab                      strings      023C
_brightness                      dataBANK0    0045
_i                               bssBANK0     003D
_isr                             text183      0353
_j                               bssBANK0     0043
_main                            maintext     0010
_max7219_reg_decodeMode          strings      0282
_max7219_reg_displayTest         strings      0294
_max7219_reg_intensity           strings      0296
_max7219_reg_scanLimit           strings      029A
_max7219_reg_shutdown            strings      029C
_maxSingle                       text178      032C
_pattern_index                   bssBANK0     003F
_patterns                        strings      0242
_putByte                         text179      02EB
_sGPIO                           bssCOMMON    0079
_shifter                         bssBANK0     0041
_showPattern                     text176      00ED
_showPattern$4199                cstackBANK0  0032
_wipeScreen                      text177      01AA
btemp                            (abs)        007E
end_of_initialization            cinit        0351
interrupt_function               intentry     0004
intlevel0                        functab      0000
intlevel1                        functab      0000
intlevel2                        functab      0000
intlevel3                        functab      0000
intlevel4                        functab      0000
intlevel5                        functab      0000
maxSingle@col                    cstackBANK0  0026
maxSingle@reg                    cstackBANK0  0024
putByte@data                     cstackCOMMON 0074
putByte@i                        cstackBANK0  0022
putByte@mask                     cstackBANK0  0020
reset_vec                        reset_vec    0000
saved_w                          (abs)        007E
showPattern@flipper              cstackBANK0  0036
showPattern@i                    cstackBANK0  0038
showPattern@pattern              cstackBANK0  0028
start                            init         000F
start_initialization             cinit        0344
wtemp0                           (abs)        007E


FUNCTION INFORMATION:

 *************** function _main *****************
 Defined at:
		line 189 in file "main.c"
 Parameters:    Size  Location     Type
		None
 Auto vars:     Size  Location     Type
		None
 Return value:  Size  Location     Type
                  1    wreg      unsigned char 
 Registers used:
		wreg, fsr0l, fsr0h, status,2, status,0, btemp+1, pclath, cstack
 Tracked objects:
		On entry : 
		On exit  : 
		Unchanged: 
 Data sizes:     COMMON   BANK0   BANK1
      Params:         0       0       0
      Locals:         0       0       0
      Temps:          0       3       0
      Totals:         0       3       0
Total ram usage:        3 bytes
 Hardware stack levels required when called:    4
 This function calls:
		_ConfigureOscillator
		_InitApp
		_maxSingle
		_showPattern
		_wipeScreen
 This function is called by:
		Startup code after reset
 This function uses a non-reentrant model


 *************** function _showPattern *****************
 Defined at:
		line 160 in file "main.c"
 Parameters:    Size  Location     Type
  pattern         2    8[BANK0 ] int 
 Auto vars:     Size  Location     Type
  i               2   24[BANK0 ] int 
  flipper         2   22[BANK0 ] unsigned int 
 Return value:  Size  Location     Type
		None               void
 Registers used:
		wreg, fsr0l, fsr0h, status,2, status,0, btemp+1, pclath, cstack
 Tracked objects:
		On entry : 
		On exit  : 
		Unchanged: 
 Data sizes:     COMMON   BANK0   BANK1
      Params:         0       2       0
      Locals:         0       8       0
      Temps:          0       8       0
      Totals:         0      18       0
Total ram usage:       18 bytes
 Hardware stack levels used:    1
 Hardware stack levels required when called:    3
 This function calls:
		___lmul
		_maxSingle
 This function is called by:
		_main
 This function uses a non-reentrant model


 *************** function _wipeScreen *****************
 Defined at:
		line 170 in file "main.c"
 Parameters:    Size  Location     Type
		None
 Auto vars:     Size  Location     Type
		None
 Return value:  Size  Location     Type
		None               void
 Registers used:
		wreg, status,2, status,0, btemp+1, pclath, cstack
 Tracked objects:
		On entry : 
		On exit  : 
		Unchanged: 
 Data sizes:     COMMON   BANK0   BANK1
      Params:         0       0       0
      Locals:         0       0       0
      Temps:          0       3       0
      Totals:         0       3       0
Total ram usage:        3 bytes
 Hardware stack levels used:    1
 Hardware stack levels required when called:    3
 This function calls:
		_maxSingle
 This function is called by:
		_main
 This function uses a non-reentrant model


 *************** function _maxSingle *****************
 Defined at:
		line 149 in file "main.c"
 Parameters:    Size  Location     Type
  reg             2    4[BANK0 ] unsigned int 
  col             2    6[BANK0 ] unsigned int 
 Auto vars:     Size  Location     Type
		None
 Return value:  Size  Location     Type
		None               void
 Registers used:
		wreg, status,2, status,0, pclath, cstack
 Tracked objects:
		On entry : 
		On exit  : 
		Unchanged: 
 Data sizes:     COMMON   BANK0   BANK1
      Params:         0       4       0
      Locals:         0       0       0
      Temps:          0       0       0
      Totals:         0       4       0
Total ram usage:        4 bytes
 Hardware stack levels used:    1
 Hardware stack levels required when called:    2
 This function calls:
		_putByte
 This function is called by:
		_showPattern
		_wipeScreen
		_main
 This function uses a non-reentrant model


 *************** function _putByte *****************
 Defined at:
		line 123 in file "main.c"
 Parameters:    Size  Location     Type
  data            2    4[COMMON] unsigned int 
 Auto vars:     Size  Location     Type
  i               2    2[BANK0 ] unsigned int 
  mask            2    0[BANK0 ] unsigned int 
 Return value:  Size  Location     Type
		None               void
 Registers used:
		wreg, status,2, status,0
 Tracked objects:
		On entry : 
		On exit  : 
		Unchanged: 
 Data sizes:     COMMON   BANK0   BANK1
      Params:         2       0       0
      Locals:         0       4       0
      Temps:          3       0       0
      Totals:         5       4       0
Total ram usage:        9 bytes
 Hardware stack levels used:    1
 Hardware stack levels required when called:    1
 This function calls:
		Nothing
 This function is called by:
		_maxSingle
 This function uses a non-reentrant model


 *************** function _ConfigureOscillator *****************
 Defined at:
		line 14 in file "system.c"
 Parameters:    Size  Location     Type
		None
 Auto vars:     Size  Location     Type
		None
 Return value:  Size  Location     Type
		None               void
 Registers used:
		None
 Tracked objects:
		On entry : 
		On exit  : 
		Unchanged: 
 Data sizes:     COMMON   BANK0   BANK1
      Params:         0       0       0
      Locals:         0       0       0
      Temps:          0       0       0
      Totals:         0       0       0
Total ram usage:        0 bytes
 Hardware stack levels used:    1
 Hardware stack levels required when called:    1
 This function calls:
		Nothing
 This function is called by:
		_main
 This function uses a non-reentrant model


 *************** function _InitApp *****************
 Defined at:
		line 18 in file "user.c"
 Parameters:    Size  Location     Type
		None
 Auto vars:     Size  Location     Type
		None
 Return value:  Size  Location     Type
		None               void
 Registers used:
		wreg
 Tracked objects:
		On entry : 
		On exit  : 
		Unchanged: 
 Data sizes:     COMMON   BANK0   BANK1
      Params:         0       0       0
      Locals:         0       0       0
      Temps:          0       0       0
      Totals:         0       0       0
Total ram usage:        0 bytes
 Hardware stack levels used:    1
 Hardware stack levels required when called:    1
 This function calls:
		Nothing
 This function is called by:
		_main
 This function uses a non-reentrant model


 *************** function ___lmul *****************
 Defined at:
		line 3 in file "/Applications/microchip/xc8/v1.10/sources/lmul.c"
 Parameters:    Size  Location     Type
  multiplier      4    0[BANK0 ] unsigned long 
  multiplicand    4    4[BANK0 ] unsigned long 
 Auto vars:     Size  Location     Type
  product         4    5[COMMON] unsigned long 
 Return value:  Size  Location     Type
                  4    0[BANK0 ] unsigned long 
 Registers used:
		wreg, status,2, status,0
 Tracked objects:
		On entry : 
		On exit  : 
		Unchanged: 
 Data sizes:     COMMON   BANK0   BANK1
      Params:         0       8       0
      Locals:         4       0       0
      Temps:          1       0       0
      Totals:         5       8       0
Total ram usage:       13 bytes
 Hardware stack levels used:    1
 Hardware stack levels required when called:    1
 This function calls:
		Nothing
 This function is called by:
		_showPattern
 This function uses a non-reentrant model


 *************** function _isr *****************
 Defined at:
		line 14 in file "interrupts.c"
 Parameters:    Size  Location     Type
		None
 Auto vars:     Size  Location     Type
		None
 Return value:  Size  Location     Type
		None               void
 Registers used:
		None
 Tracked objects:
		On entry : 
		On exit  : 
		Unchanged: 
 Data sizes:     COMMON   BANK0   BANK1
      Params:         0       0       0
      Locals:         0       0       0
      Temps:          4       0       0
      Totals:         4       0       0
Total ram usage:        4 bytes
 Hardware stack levels used:    1
 This function calls:
		Nothing
 This function is called by:
		Interrupt level 1
 This function uses a non-reentrant model



MODULE INFORMATION

Module		Function		Class		Link	Load	Size
shared
		_max7219_reg_de		STRING         	0282	0000	2
		_max7219_reg_no		STRING         	0000	0000	666
		__stringtab    		STRING         	023C	0000	6
		_max7219_reg_sh		STRING         	029C	0000	2
		_max7219_reg_di		STRING         	0000	0000	646
		_max7219_reg_di		STRING         	0000	0000	648
		_max7219_reg_di		STRING         	0000	0000	650
		_max7219_reg_di		STRING         	0000	0000	652
		_max7219_reg_di		STRING         	0000	0000	654
		_max7219_reg_di		STRING         	0000	0000	656
		_max7219_reg_di		STRING         	0000	0000	658
		_max7219_reg_di		STRING         	0000	0000	660
		_max7219_reg_di		STRING         	0294	0000	2
		__initializatio		CODE           	0344	0000	13
		_patterns      		STRING         	0242	0000	64
		_max7219_reg_sc		STRING         	029A	0000	2
		_numPatterns   		STRING         	0000	0000	672
		_max7219_reg_in		STRING         	0296	0000	2

shared estimated size: 6655

main.c
		_main          		CODE           	0010	0000	221
		_maxSingle     		CODE           	032C	0000	24
		_showPattern   		CODE           	00ED	0000	189
		_putByte       		CODE           	02EB	0000	65
		_wipeScreen    		CODE           	01AA	0000	146

main.c estimated size: 645

system.c
		_ConfigureOscil		CODE           	0364	0000	1

system.c estimated size: 1

interrupts.c
		_isr           		CODE           	0353	0000	11

interrupts.c estimated size: 11

user.c
		_InitApp       		CODE           	035E	0000	4

user.c estimated size: 4

/Applications/microchip/xc8/v1.10/sources/lmul.c
		___lmul        		CODE           	02A0	0000	75

/Applications/microchip/xc8/v1.10/sources/lmul.c estimated size: 75

