Archive member included because of file (symbol)

/Applications/microchip/xc32/v1.10/bin/../lib/gcc/pic32mx/4.5.1/../../../../pic32mx/lib/libmchp_peripheral.a(open_core_timer_lib.o)
                              build/default/production/user.o (OpenCoreTimer)
/Applications/microchip/xc32/v1.10/bin/../lib/gcc/pic32mx/4.5.1/../../../../pic32mx/lib/libmchp_peripheral.a(read_core_timer_lib.o)
                              build/default/production/main.o (ReadCoreTimer)
/Applications/microchip/xc32/v1.10/bin/../lib/gcc/pic32mx/4.5.1/../../../../pic32mx/lib/libmchp_peripheral.a(write_core_timer_lib.o)
                              build/default/production/main.o (WriteCoreTimer)
/Applications/microchip/xc32/v1.10/bin/../lib/gcc/pic32mx/4.5.1/../../../../pic32mx/lib/libmchp_peripheral_32MX460F512L.a(pcache.o)
                              build/default/production/main.o (CheKseg0CacheOn)
/Applications/microchip/xc32/v1.10/bin/../lib/gcc/pic32mx/4.5.1/../../../../pic32mx/lib/libmchp_peripheral_32MX460F512L.a(int_configure_system_lib.o)
                              build/default/production/user.o (INTConfigureSystem)
/Applications/microchip/xc32/v1.10/bin/../lib/gcc/pic32mx/4.5.1/../../../../pic32mx/lib/libmchp_peripheral_32MX460F512L.a(int_disable_interrupts_lib.o)
                              build/default/production/main.o (INTDisableInterrupts)
/Applications/microchip/xc32/v1.10/bin/../lib/gcc/pic32mx/4.5.1/../../../../pic32mx/lib/libmchp_peripheral_32MX460F512L.a(int_restore_interrupts_lib.o)
                              build/default/production/main.o (INTRestoreInterrupts)
/Applications/microchip/xc32/v1.10/bin/../lib/gcc/pic32mx/4.5.1/../../../../pic32mx/lib/libmchp_peripheral_32MX460F512L.a(int_enable_mv_int_lib.o)
                              build/default/production/user.o (INTEnableSystemMultiVectoredInt)
/Applications/microchip/xc32/v1.10/bin/../lib/gcc/pic32mx/4.5.1/../../../../pic32mx/lib/libmchp_peripheral_32MX460F512L.a(spi_chn_open_lib.o)
                              build/default/production/main.o (SpiChnOpen)
/Applications/microchip/xc32/v1.10/bin/../lib/gcc/pic32mx/4.5.1/../../../../pic32mx/lib/libmchp_peripheral_32MX460F512L.a(spi_io_tbl_libp.o)
                              /Applications/microchip/xc32/v1.10/bin/../lib/gcc/pic32mx/4.5.1/../../../../pic32mx/lib/libmchp_peripheral_32MX460F512L.a(spi_chn_open_lib.o) (_SpiIoTbl)
/Applications/microchip/xc32/v1.10/bin/../lib/gcc/pic32mx/4.5.1/../../../../pic32mx/lib/libmchp_peripheral_32MX460F512L.a(spi_map_tbl_libp.o)
                              /Applications/microchip/xc32/v1.10/bin/../lib/gcc/pic32mx/4.5.1/../../../../pic32mx/lib/libmchp_peripheral_32MX460F512L.a(spi_chn_open_lib.o) (_SpiMapTbl)
/Applications/microchip/xc32/v1.10/bin/../lib/gcc/pic32mx/4.5.1/../../../../pic32mx/lib/libmchp_peripheral_32MX460F512L.a(port_set_pins_digital_in_lib.o)
                              /Applications/microchip/xc32/v1.10/bin/../lib/gcc/pic32mx/4.5.1/../../../../pic32mx/lib/libmchp_peripheral_32MX460F512L.a(spi_chn_open_lib.o) (PORTSetPinsDigitalIn)
/Applications/microchip/xc32/v1.10/bin/../lib/gcc/pic32mx/4.5.1/../../../../pic32mx/lib/libmchp_peripheral_32MX460F512L.a(port_set_pins_digital_out_lib.o)
                              /Applications/microchip/xc32/v1.10/bin/../lib/gcc/pic32mx/4.5.1/../../../../pic32mx/lib/libmchp_peripheral_32MX460F512L.a(spi_chn_open_lib.o) (PORTSetPinsDigitalOut)
/Applications/microchip/xc32/v1.10/bin/../lib/gcc/pic32mx/4.5.1/../../../../pic32mx/lib/libmchp_peripheral_32MX460F512L.a(_ports_tbl_libp.o)
                              /Applications/microchip/xc32/v1.10/bin/../lib/gcc/pic32mx/4.5.1/../../../../pic32mx/lib/libmchp_peripheral_32MX460F512L.a(port_set_pins_digital_in_lib.o) (PortRegTbl)
/Applications/microchip/xc32/v1.10/bin/../lib/gcc/pic32mx/4.5.1/../../../../pic32mx/lib/libmchp_peripheral_32MX460F512L.a(int_enable_interrupts_lib.o)
                              /Applications/microchip/xc32/v1.10/bin/../lib/gcc/pic32mx/4.5.1/../../../../pic32mx/lib/libmchp_peripheral_32MX460F512L.a(int_enable_mv_int_lib.o) (INTEnableInterrupts)
/Applications/microchip/xc32/v1.10/bin/../lib/gcc/pic32mx/4.5.1/../../../../pic32mx/lib/libmchp_peripheral_32MX460F512L.a(int_tbl_lib.o)
                              /Applications/microchip/xc32/v1.10/bin/../lib/gcc/pic32mx/4.5.1/../../../../pic32mx/lib/libmchp_peripheral_32MX460F512L.a(spi_chn_open_lib.o) (INTClearFlag)
/Applications/microchip/xc32/v1.10/bin/../lib/gcc/pic32mx/4.5.1/../../../../pic32mx/lib/libpic32.a(default-bootstrap-exception-handler.o)
                              /Applications/microchip/xc32/v1.10/bin/../lib/gcc/pic32mx/4.5.1/../../../../pic32mx/lib/crt0.o (_bootstrap_exception_handler)
/Applications/microchip/xc32/v1.10/bin/../lib/gcc/pic32mx/4.5.1/../../../../pic32mx/lib/libpic32.a(default-on-reset.o)
                              /Applications/microchip/xc32/v1.10/bin/../lib/gcc/pic32mx/4.5.1/../../../../pic32mx/lib/crt0.o (_on_reset)
[...]
Memory Configuration

Name             Origin             Length             Attributes
kseg0_program_mem 0x9d000000         0x00080000         xr
kseg0_boot_mem   0x9fc00490         0x00000970
exception_mem    0x9fc01000         0x00001000
kseg1_boot_mem   0xbfc00000         0x00000490
debug_exec_mem   0xbfc02000         0x00000ff0
config3          0xbfc02ff0         0x00000004
config2          0xbfc02ff4         0x00000004
config1          0xbfc02ff8         0x00000004
config0          0xbfc02ffc         0x00000004
kseg1_data_mem   0xa0000000         0x00008000         w !x
sfrs             0xbf800000         0x00100000
configsfrs       0xbfc02ff0         0x00000010
*default*        0x00000000         0xffffffff

Linker script and memory map

LOAD /Applications/microchip/xc32/v1.10/bin/../lib/gcc/pic32mx/4.5.1/../../../../pic32mx/lib/crt0.o
LOAD build/default/production/configuration_bits.o
LOAD build/default/production/exceptions.o
LOAD build/default/production/interrupts.o
LOAD build/default/production/main.o
LOAD build/default/production/system.o
LOAD build/default/production/user.o
                0x00000001                __MPLAB_BUILD = 0x1
                0x00000400                PROVIDE (_min_stack_size, 0x400)
LOAD /Applications/microchip/xc32/v1.10/bin/../lib/gcc/pic32mx/4.5.1/../../../../pic32mx/lib/./proc/32MX460F512L/processor.o
START GROUP
LOAD /Applications/microchip/xc32/v1.10/bin/../lib/gcc/pic32mx/4.5.1/../../../../pic32mx/lib/libmchp_peripheral.a
END GROUP
START GROUP
LOAD /Applications/microchip/xc32/v1.10/bin/../lib/gcc/pic32mx/4.5.1/../../../../pic32mx/lib/libmchp_peripheral_32MX460F512L.a
END GROUP
                0x00000001                PROVIDE (_vector_spacing, 0x1)
                0x9fc01000                _ebase_address = 0x9fc01000
                0xbfc00000                _RESET_ADDR = 0xbfc00000
                0xbfc00380                _BEV_EXCPT_ADDR = 0xbfc00380
                0xbfc00480                _DBG_EXCPT_ADDR = 0xbfc00480
                0xbfc02000                _DBG_CODE_ADDR = 0xbfc02000
                0x00000ff0                _DBG_CODE_SIZE = 0xff0
                0x9fc01180                _GEN_EXCPT_ADDR = (_ebase_address + 0x180)

.config_BFC02FF0
 *(.config_BFC02FF0)

.config_BFC02FF4
                0xbfc02ff4        0x4
 *(.config_BFC02FF4)
 .config_BFC02FF4
                0xbfc02ff4        0x4 build/default/production/configuration_bits.o

.config_BFC02FF8
                0xbfc02ff8        0x4
 *(.config_BFC02FF8)
 .config_BFC02FF8
                0xbfc02ff8        0x4 build/default/production/configuration_bits.o

.config_BFC02FFC
                0xbfc02ffc        0x4
 *(.config_BFC02FFC)
 .config_BFC02FFC
                0xbfc02ffc        0x4 build/default/production/configuration_bits.o
                0xbfc02000                PROVIDE (_DBG_CODE_ADDR, 0xbfc02000)
                0x00000ff0                PROVIDE (_DBG_CODE_SIZE, 0xff0)

.reset          0xbfc00000      0x1f4
 *(.reset)
 .reset         0xbfc00000       0x10 /Applications/microchip/xc32/v1.10/bin/../lib/gcc/pic32mx/4.5.1/../../../../pic32mx/lib/crt0.o
                0xbfc00000                _reset
 *(.reset.startup)
 .reset.startup
                0xbfc00010      0x1e4 /Applications/microchip/xc32/v1.10/bin/../lib/gcc/pic32mx/4.5.1/../../../../pic32mx/lib/crt0.o

.bev_excpt      0xbfc00380       0x10
 *(.bev_handler)
 .bev_handler   0xbfc00380       0x10 /Applications/microchip/xc32/v1.10/bin/../lib/gcc/pic32mx/4.5.1/../../../../pic32mx/lib/crt0.o

.dbg_excpt      0xbfc00480        0x0
                0xbfc00480                . = (. + DEFINED (_DEBUGGER)?0x8:0x0)

.dbg_code       0xbfc02000        0x0
                0xbfc02000                . = (. + DEFINED (_DEBUGGER)?_DBG_CODE_SIZE:0x0)

.app_excpt      0x9fc01180       0x10
 *(.gen_handler)
 .gen_handler   0x9fc01180       0x10 /Applications/microchip/xc32/v1.10/bin/../lib/gcc/pic32mx/4.5.1/../../../../pic32mx/lib/crt0.o

.vector_0       0x9fc01200        0x0
 *(.vector_0)
                0x00000001                ASSERT (((_vector_spacing == 0x0) || (SIZEOF (.vector_0) <= (_vector_spacing << 0x5))), function at exception vector 0 too large)

.vector_1       0x9fc01220        0x0
 *(.vector_1)
                0x00000001                ASSERT (((_vector_spacing == 0x0) || (SIZEOF (.vector_1) <= (_vector_spacing << 0x5))), function at exception vector 1 too large)

.vector_2       0x9fc01240        0x0
 *(.vector_2)
                0x00000001                ASSERT (((_vector_spacing == 0x0) || (SIZEOF (.vector_2) <= (_vector_spacing << 0x5))), function at exception vector 2 too large)

.vector_3       0x9fc01260        0x0
 *(.vector_3)
                0x00000001                ASSERT (((_vector_spacing == 0x0) || (SIZEOF (.vector_3) <= (_vector_spacing << 0x5))), function at exception vector 3 too large)

.vector_4       0x9fc01280        0x0
 *(.vector_4)
                0x00000001                ASSERT (((_vector_spacing == 0x0) || (SIZEOF (.vector_4) <= (_vector_spacing << 0x5))), function at exception vector 4 too large)

.vector_5       0x9fc012a0        0x0
 *(.vector_5)
                0x00000001                ASSERT (((_vector_spacing == 0x0) || (SIZEOF (.vector_5) <= (_vector_spacing << 0x5))), function at exception vector 5 too large)

.vector_6       0x9fc012c0        0x0
 *(.vector_6)
                0x00000001                ASSERT (((_vector_spacing == 0x0) || (SIZEOF (.vector_6) <= (_vector_spacing << 0x5))), function at exception vector 6 too large)

.vector_7       0x9fc012e0        0x0
 *(.vector_7)
                0x00000001                ASSERT (((_vector_spacing == 0x0) || (SIZEOF (.vector_7) <= (_vector_spacing << 0x5))), function at exception vector 7 too large)

.vector_8       0x9fc01300        0x8
 *(.vector_8)
 .vector_8      0x9fc01300        0x8 build/default/production/main.o
                0x00000001                ASSERT (((_vector_spacing == 0x0) || (SIZEOF (.vector_8) <= (_vector_spacing << 0x5))), function at exception vector 8 too large)

.vector_9       0x9fc01320        0x0
 *(.vector_9)
                0x00000001                ASSERT (((_vector_spacing == 0x0) || (SIZEOF (.vector_9) <= (_vector_spacing << 0x5))), function at exception vector 9 too large)

.vector_10      0x9fc01340        0x0
 *(.vector_10)
                0x00000001                ASSERT (((_vector_spacing == 0x0) || (SIZEOF (.vector_10) <= (_vector_spacing << 0x5))), function at exception vector 10 too large)

.vector_11      0x9fc01360        0x0
 *(.vector_11)
                0x00000001                ASSERT (((_vector_spacing == 0x0) || (SIZEOF (.vector_11) <= (_vector_spacing << 0x5))), function at exception vector 11 too large)

.vector_12      0x9fc01380        0x0
 *(.vector_12)
                0x00000001                ASSERT (((_vector_spacing == 0x0) || (SIZEOF (.vector_12) <= (_vector_spacing << 0x5))), function at exception vector 12 too large)

.vector_13      0x9fc013a0        0x0
 *(.vector_13)
                0x00000001                ASSERT (((_vector_spacing == 0x0) || (SIZEOF (.vector_13) <= (_vector_spacing << 0x5))), function at exception vector 13 too large)

.vector_14      0x9fc013c0        0x0
 *(.vector_14)
                0x00000001                ASSERT (((_vector_spacing == 0x0) || (SIZEOF (.vector_14) <= (_vector_spacing << 0x5))), function at exception vector 14 too large)

.vector_15      0x9fc013e0        0x0
 *(.vector_15)
                0x00000001                ASSERT (((_vector_spacing == 0x0) || (SIZEOF (.vector_15) <= (_vector_spacing << 0x5))), function at exception vector 15 too large)

.vector_16      0x9fc01400        0x0
 *(.vector_16)
                0x00000001                ASSERT (((_vector_spacing == 0x0) || (SIZEOF (.vector_16) <= (_vector_spacing << 0x5))), function at exception vector 16 too large)

.vector_17      0x9fc01420        0x0
 *(.vector_17)
                0x00000001                ASSERT (((_vector_spacing == 0x0) || (SIZEOF (.vector_17) <= (_vector_spacing << 0x5))), function at exception vector 17 too large)

.vector_18      0x9fc01440        0x0
 *(.vector_18)
                0x00000001                ASSERT (((_vector_spacing == 0x0) || (SIZEOF (.vector_18) <= (_vector_spacing << 0x5))), function at exception vector 18 too large)

.vector_19      0x9fc01460        0x0
 *(.vector_19)
                0x00000001                ASSERT (((_vector_spacing == 0x0) || (SIZEOF (.vector_19) <= (_vector_spacing << 0x5))), function at exception vector 19 too large)

.vector_20      0x9fc01480        0x0
 *(.vector_20)
                0x00000001                ASSERT (((_vector_spacing == 0x0) || (SIZEOF (.vector_20) <= (_vector_spacing << 0x5))), function at exception vector 20 too large)

.vector_21      0x9fc014a0        0x0
 *(.vector_21)
                0x00000001                ASSERT (((_vector_spacing == 0x0) || (SIZEOF (.vector_21) <= (_vector_spacing << 0x5))), function at exception vector 21 too large)

.vector_22      0x9fc014c0        0x0
 *(.vector_22)
                0x00000001                ASSERT (((_vector_spacing == 0x0) || (SIZEOF (.vector_22) <= (_vector_spacing << 0x5))), function at exception vector 22 too large)

.vector_23      0x9fc014e0        0x0
 *(.vector_23)
                0x00000001                ASSERT (((_vector_spacing == 0x0) || (SIZEOF (.vector_23) <= (_vector_spacing << 0x5))), function at exception vector 23 too large)

.vector_24      0x9fc01500        0x0
 *(.vector_24)
                0x00000001                ASSERT (((_vector_spacing == 0x0) || (SIZEOF (.vector_24) <= (_vector_spacing << 0x5))), function at exception vector 24 too large)

.vector_25      0x9fc01520        0x0
 *(.vector_25)
                0x00000001                ASSERT (((_vector_spacing == 0x0) || (SIZEOF (.vector_25) <= (_vector_spacing << 0x5))), function at exception vector 25 too large)

.vector_26      0x9fc01540        0x0
 *(.vector_26)
                0x00000001                ASSERT (((_vector_spacing == 0x0) || (SIZEOF (.vector_26) <= (_vector_spacing << 0x5))), function at exception vector 26 too large)

.vector_27      0x9fc01560        0x0
 *(.vector_27)
                0x00000001                ASSERT (((_vector_spacing == 0x0) || (SIZEOF (.vector_27) <= (_vector_spacing << 0x5))), function at exception vector 27 too large)

.vector_28      0x9fc01580        0x0
 *(.vector_28)
                0x00000001                ASSERT (((_vector_spacing == 0x0) || (SIZEOF (.vector_28) <= (_vector_spacing << 0x5))), function at exception vector 28 too large)

.vector_29      0x9fc015a0        0x0
 *(.vector_29)
                0x00000001                ASSERT (((_vector_spacing == 0x0) || (SIZEOF (.vector_29) <= (_vector_spacing << 0x5))), function at exception vector 29 too large)

.vector_30      0x9fc015c0        0x0
 *(.vector_30)
                0x00000001                ASSERT (((_vector_spacing == 0x0) || (SIZEOF (.vector_30) <= (_vector_spacing << 0x5))), function at exception vector 30 too large)

.vector_31      0x9fc015e0        0x0
 *(.vector_31)
                0x00000001                ASSERT (((_vector_spacing == 0x0) || (SIZEOF (.vector_31) <= (_vector_spacing << 0x5))), function at exception vector 31 too large)

.vector_32      0x9fc01600        0x0
 *(.vector_32)
                0x00000001                ASSERT (((_vector_spacing == 0x0) || (SIZEOF (.vector_32) <= (_vector_spacing << 0x5))), function at exception vector 32 too large)

.vector_33      0x9fc01620        0x0
 *(.vector_33)
                0x00000001                ASSERT (((_vector_spacing == 0x0) || (SIZEOF (.vector_33) <= (_vector_spacing << 0x5))), function at exception vector 33 too large)

.vector_34      0x9fc01640        0x0
 *(.vector_34)
                0x00000001                ASSERT (((_vector_spacing == 0x0) || (SIZEOF (.vector_34) <= (_vector_spacing << 0x5))), function at exception vector 34 too large)

.vector_35      0x9fc01660        0x0
 *(.vector_35)
                0x00000001                ASSERT (((_vector_spacing == 0x0) || (SIZEOF (.vector_35) <= (_vector_spacing << 0x5))), function at exception vector 35 too large)

.vector_36      0x9fc01680        0x0
 *(.vector_36)
                0x00000001                ASSERT (((_vector_spacing == 0x0) || (SIZEOF (.vector_36) <= (_vector_spacing << 0x5))), function at exception vector 36 too large)

.vector_37      0x9fc016a0        0x0
 *(.vector_37)
                0x00000001                ASSERT (((_vector_spacing == 0x0) || (SIZEOF (.vector_37) <= (_vector_spacing << 0x5))), function at exception vector 37 too large)

.vector_38      0x9fc016c0        0x0
 *(.vector_38)
                0x00000001                ASSERT (((_vector_spacing == 0x0) || (SIZEOF (.vector_38) <= (_vector_spacing << 0x5))), function at exception vector 38 too large)

.vector_39      0x9fc016e0        0x0
 *(.vector_39)
                0x00000001                ASSERT (((_vector_spacing == 0x0) || (SIZEOF (.vector_39) <= (_vector_spacing << 0x5))), function at exception vector 39 too large)

.vector_40      0x9fc01700        0x0
 *(.vector_40)
                0x00000001                ASSERT (((_vector_spacing == 0x0) || (SIZEOF (.vector_40) <= (_vector_spacing << 0x5))), function at exception vector 40 too large)

.vector_41      0x9fc01720        0x0
 *(.vector_41)
                0x00000001                ASSERT (((_vector_spacing == 0x0) || (SIZEOF (.vector_41) <= (_vector_spacing << 0x5))), function at exception vector 41 too large)

.vector_42      0x9fc01740        0x0
 *(.vector_42)
                0x00000001                ASSERT (((_vector_spacing == 0x0) || (SIZEOF (.vector_42) <= (_vector_spacing << 0x5))), function at exception vector 42 too large)

.vector_43      0x9fc01760        0x0
 *(.vector_43)
                0x00000001                ASSERT (((_vector_spacing == 0x0) || (SIZEOF (.vector_43) <= (_vector_spacing << 0x5))), function at exception vector 43 too large)

.vector_44      0x9fc01780        0x0
 *(.vector_44)
                0x00000001                ASSERT (((_vector_spacing == 0x0) || (SIZEOF (.vector_44) <= (_vector_spacing << 0x5))), function at exception vector 44 too large)

.vector_45      0x9fc017a0        0x0
 *(.vector_45)
                0x00000001                ASSERT (((_vector_spacing == 0x0) || (SIZEOF (.vector_45) <= (_vector_spacing << 0x5))), function at exception vector 45 too large)

.vector_46      0x9fc017c0        0x0
 *(.vector_46)
                0x00000001                ASSERT (((_vector_spacing == 0x0) || (SIZEOF (.vector_46) <= (_vector_spacing << 0x5))), function at exception vector 46 too large)

.vector_47      0x9fc017e0        0x0
 *(.vector_47)
                0x00000001                ASSERT (((_vector_spacing == 0x0) || (SIZEOF (.vector_47) <= (_vector_spacing << 0x5))), function at exception vector 47 too large)

.vector_48      0x9fc01800        0x0
 *(.vector_48)
                0x00000001                ASSERT (((_vector_spacing == 0x0) || (SIZEOF (.vector_48) <= (_vector_spacing << 0x5))), function at exception vector 48 too large)

.vector_49      0x9fc01820        0x0
 *(.vector_49)
                0x00000001                ASSERT (((_vector_spacing == 0x0) || (SIZEOF (.vector_49) <= (_vector_spacing << 0x5))), function at exception vector 49 too large)

.vector_50      0x9fc01840        0x0
 *(.vector_50)
                0x00000001                ASSERT (((_vector_spacing == 0x0) || (SIZEOF (.vector_50) <= (_vector_spacing << 0x5))), function at exception vector 50 too large)

.vector_51      0x9fc01860        0x0
 *(.vector_51)
                0x00000001                ASSERT (((_vector_spacing == 0x0) || (SIZEOF (.vector_51) <= (_vector_spacing << 0x5))), function at exception vector 51 too large)

.vector_52      0x9fc01880        0x0
 *(.vector_52)
                0x00000001                ASSERT (((_vector_spacing == 0x0) || (SIZEOF (.vector_52) <= (_vector_spacing << 0x5))), function at exception vector 52 too large)

.vector_53      0x9fc018a0        0x0
 *(.vector_53)
                0x00000001                ASSERT (((_vector_spacing == 0x0) || (SIZEOF (.vector_53) <= (_vector_spacing << 0x5))), function at exception vector 53 too large)

.vector_54      0x9fc018c0        0x0
 *(.vector_54)
                0x00000001                ASSERT (((_vector_spacing == 0x0) || (SIZEOF (.vector_54) <= (_vector_spacing << 0x5))), function at exception vector 54 too large)

.vector_55      0x9fc018e0        0x0
 *(.vector_55)
                0x00000001                ASSERT (((_vector_spacing == 0x0) || (SIZEOF (.vector_55) <= (_vector_spacing << 0x5))), function at exception vector 55 too large)

.vector_56      0x9fc01900        0x0
 *(.vector_56)
                0x00000001                ASSERT (((_vector_spacing == 0x0) || (SIZEOF (.vector_56) <= (_vector_spacing << 0x5))), function at exception vector 56 too large)

.vector_57      0x9fc01920        0x0
 *(.vector_57)
                0x00000001                ASSERT (((_vector_spacing == 0x0) || (SIZEOF (.vector_57) <= (_vector_spacing << 0x5))), function at exception vector 57 too large)

.vector_58      0x9fc01940        0x0
 *(.vector_58)
                0x00000001                ASSERT (((_vector_spacing == 0x0) || (SIZEOF (.vector_58) <= (_vector_spacing << 0x5))), function at exception vector 58 too large)

.vector_59      0x9fc01960        0x0
 *(.vector_59)
                0x00000001                ASSERT (((_vector_spacing == 0x0) || (SIZEOF (.vector_59) <= (_vector_spacing << 0x5))), function at exception vector 59 too large)

.vector_60      0x9fc01980        0x0
 *(.vector_60)
                0x00000001                ASSERT (((_vector_spacing == 0x0) || (SIZEOF (.vector_60) <= (_vector_spacing << 0x5))), function at exception vector 60 too large)

.vector_61      0x9fc019a0        0x0
 *(.vector_61)
                0x00000001                ASSERT (((_vector_spacing == 0x0) || (SIZEOF (.vector_61) <= (_vector_spacing << 0x5))), function at exception vector 61 too large)

.vector_62      0x9fc019c0        0x0
 *(.vector_62)
                0x00000001                ASSERT (((_vector_spacing == 0x0) || (SIZEOF (.vector_62) <= (_vector_spacing << 0x5))), function at exception vector 62 too large)

.vector_63      0x9fc019e0        0x0
 *(.vector_63)
                0x00000001                ASSERT (((_vector_spacing == 0x0) || (SIZEOF (.vector_63) <= (_vector_spacing << 0x5))), function at exception vector 63 too large)

.startup
 *(.startup)

.text           0x9d000000        0x0
 *(.stub .gnu.linkonce.t.*)
 *(.text.*personality*)
 *(.mips16.fn.*)
 *(.mips16.call.*)
 *(.gnu.warning)
                0x9d000000                . = ALIGN (0x4)

.init           0x9d000000        0x0
 *crti.o(.init)
 *crtbegin.o(.init)
 *(EXCLUDE_FILE(*crtn.o *crtend?.o *crtend.o) .init)
 *crtend.o(.init)
 *crtn.o(.init)
                0x9d000000                . = ALIGN (0x4)

.fini           0x9d000000        0x0
 *(.fini)
                0x9d000000                . = ALIGN (0x4)

.preinit_array  0x9d000000        0x0
                0x9d000000                PROVIDE (__preinit_array_start, .)
 *(.preinit_array)
                0x9d000000                PROVIDE (__preinit_array_end, .)
                0x9d000000                . = ALIGN (0x4)

.init_array     0x9d000000        0x0
                0x9d000000                PROVIDE (__init_array_start, .)
 *(SORT(.init_array.*))
 *(.init_array)
                0x9d000000                PROVIDE (__init_array_end, .)
                0x9d000000                . = ALIGN (0x4)

.fini_array     0x9d000000        0x0
                0x9d000000                PROVIDE (__fini_array_start, .)
 *(SORT(.fini_array.*))
 *(.fini_array)
                0x9d000000                PROVIDE (__fini_array_end, .)
                0x9d000000                . = ALIGN (0x4)

.ctors          0x9d000000        0x0
 *crtbegin.o(.ctors)
 *crtbegin?.o(.ctors)
 *(EXCLUDE_FILE(*crtend?.o *crtend.o) .ctors)
 *(SORT(.ctors.*))
 *(.ctors)
                0x9d000000                . = ALIGN (0x4)

.dtors          0x9d000000        0x0
 *crtbegin.o(.dtors)
 *crtbegin?.o(.dtors)
 *(EXCLUDE_FILE(*crtend?.o *crtend.o) .dtors)
 *(SORT(.dtors.*))
 *(.dtors)
                0x9d000000                . = ALIGN (0x4)

.rodata         0x9d000000        0x0
 *(.gnu.linkonce.r.*)
 *(.rodata1)
                0x9d000000                . = ALIGN (0x4)

.sdata2         0x9fc00490        0x0
 *(.sdata2 .sdata2.* .gnu.linkonce.s2.*)
                0x9fc00490                . = ALIGN (0x4)

.sbss2          0x9fc00490        0x0
 *(.sbss2 .sbss2.* .gnu.linkonce.sb2.*)
                0x9fc00490                . = ALIGN (0x4)

.eh_frame_hdr
 *(.eh_frame_hdr)
                0x9fc00490                . = ALIGN (0x4)

.eh_frame
 *(.eh_frame)
                0x9fc00490                . = ALIGN (0x4)

.gcc_except_table
 *(.gcc_except_table .gcc_except_table.*)
                0x9fc00490                . = ALIGN (0x4)

.dbg_data       0xa0000000        0x0
                0xa0000000                . = (. + DEFINED (_DEBUGGER)?0x200:0x0)

.jcr            0xa0000000        0x0
 *(.jcr)
                0xa0000000                . = ALIGN (0x4)

.eh_frame
 *(.eh_frame)
                0xa0000000                . = ALIGN (0x4)

.gcc_except_table
 *(.gcc_except_table .gcc_except_table.*)
                0xa0000000                . = ALIGN (0x4)

.persist        0xa0000000        0x0
                0xa0000000                _persist_begin = .
 *(.persist .persist.*)
 *(.pbss .pbss.*)
                0xa0000000                . = ALIGN (0x4)
                0xa0000000                _persist_end = .

.data           0xa0000000        0x0
 *(.gnu.linkonce.d.*)
 *(.data1)
                0xa0000000                . = ALIGN (0x4)
                0xa0000000                . = .
                0xa0007ff0                _gp = (ALIGN (0x10) + 0x7ff0)

.got            0xa0000000        0x0
 *(.got.plt)
 *(.got)
                0xa0000000                . = ALIGN (0x4)

.sdata          0xa0000000        0x0
                0xa0000000                _sdata_begin = .
 *(.sdata .sdata.* .gnu.linkonce.s.*)
                0xa0000000                . = ALIGN (0x4)
                0xa0000000                _sdata_end = .

.lit8
 *(.lit8)

.lit4
 *(.lit4)
                0xa0000000                . = ALIGN (0x4)
                0xa0000000                _data_end = .
                0xa0000000                _bss_begin = .

.sbss           0xa0000000       0x10
                0xa0000000                _sbss_begin = .
 *(.dynsbss)
 *(.sbss .sbss.* .gnu.linkonce.sb.*)
 .sbss          0xa0000000        0xc build/default/production/exceptions.o
 .sbss          0xa000000c        0x1 build/default/production/main.o
                0xa000000c                statusLed
 *(.scommon)
                0xa000000d                _sbss_end = .
                0xa0000010                . = ALIGN (0x4)
 *fill*         0xa000000d        0x3 00

.bss            0xa0000010        0x0
 *(.dynbss)
 *(COMMON)
                0xa0000010                . = ALIGN ((. != 0x0)?0x4:0x1)
                0xa0000010                . = ALIGN (0x4)
                0xa0000010                _end = .
                0xa0000010                _bss_end = .
                0x00008000                _bmxdudba_address = 0x8000
                0x00008000                _bmxdupba_address = 0x8000

/DISCARD/
 *(.pdr)
 *(.rel.dyn)
 *(.note.GNU-stack)
 *(.note.GNU-stack)
 *(.gnu_debuglink)
 *(.gnu.lto_*)
 *(.discard)

.gptab.sdata
 *(.gptab.data)
 *(.gptab.sdata)

.gptab.sbss
 *(.gptab.bss)
 *(.gptab.sbss)

.mdebug.abi32   0xa0000010        0x0
 *(.mdebug.abi32)
 .mdebug.abi32  0xa0000010        0x0 build/default/production/configuration_bits.o
 .mdebug.abi32  0xa0000010        0x0 build/default/production/exceptions.o
 .mdebug.abi32  0xa0000010        0x0 build/default/production/interrupts.o
 .mdebug.abi32  0xa0000010        0x0 build/default/production/main.o
 .mdebug.abi32  0xa0000010        0x0 build/default/production/system.o
 .mdebug.abi32  0xa0000010        0x0 build/default/production/user.o
 .mdebug.abi32  0xa0000010        0x0 /Applications/microchip/xc32/v1.10/bin/../lib/gcc/pic32mx/4.5.1/../../../../pic32mx/lib/libmchp_peripheral.a(open_core_timer_lib.o)
 .mdebug.abi32  0xa0000010        0x0 /Applications/microchip/xc32/v1.10/bin/../lib/gcc/pic32mx/4.5.1/../../../../pic32mx/lib/libmchp_peripheral.a(read_core_timer_lib.o)
 .mdebug.abi32  0xa0000010        0x0 /Applications/microchip/xc32/v1.10/bin/../lib/gcc/pic32mx/4.5.1/../../../../pic32mx/lib/libmchp_peripheral.a(write_core_timer_lib.o)
 .mdebug.abi32  0xa0000010        0x0 /Applications/microchip/xc32/v1.10/bin/../lib/gcc/pic32mx/4.5.1/../../../../pic32mx/lib/libmchp_peripheral_32MX460F512L.a(pcache.o)
 .mdebug.abi32  0xa0000010        0x0 /Applications/microchip/xc32/v1.10/bin/../lib/gcc/pic32mx/4.5.1/../../../../pic32mx/lib/libmchp_peripheral_32MX460F512L.a(int_configure_system_lib.o)
 .mdebug.abi32  0xa0000010        0x0 /Applications/microchip/xc32/v1.10/bin/../lib/gcc/pic32mx/4.5.1/../../../../pic32mx/lib/libmchp_peripheral_32MX460F512L.a(int_disable_interrupts_lib.o)
 .mdebug.abi32  0xa0000010        0x0 /Applications/microchip/xc32/v1.10/bin/../lib/gcc/pic32mx/4.5.1/../../../../pic32mx/lib/libmchp_peripheral_32MX460F512L.a(int_restore_interrupts_lib.o)
 .mdebug.abi32  0xa0000010        0x0 /Applications/microchip/xc32/v1.10/bin/../lib/gcc/pic32mx/4.5.1/../../../../pic32mx/lib/libmchp_peripheral_32MX460F512L.a(int_enable_mv_int_lib.o)
 .mdebug.abi32  0xa0000010        0x0 /Applications/microchip/xc32/v1.10/bin/../lib/gcc/pic32mx/4.5.1/../../../../pic32mx/lib/libmchp_peripheral_32MX460F512L.a(spi_chn_open_lib.o)
 .mdebug.abi32  0xa0000010        0x0 /Applications/microchip/xc32/v1.10/bin/../lib/gcc/pic32mx/4.5.1/../../../../pic32mx/lib/libmchp_peripheral_32MX460F512L.a(spi_io_tbl_libp.o)
 .mdebug.abi32  0xa0000010        0x0 /Applications/microchip/xc32/v1.10/bin/../lib/gcc/pic32mx/4.5.1/../../../../pic32mx/lib/libmchp_peripheral_32MX460F512L.a(spi_map_tbl_libp.o)
 .mdebug.abi32  0xa0000010        0x0 /Applications/microchip/xc32/v1.10/bin/../lib/gcc/pic32mx/4.5.1/../../../../pic32mx/lib/libmchp_peripheral_32MX460F512L.a(port_set_pins_digital_in_lib.o)
 .mdebug.abi32  0xa0000010        0x0 /Applications/microchip/xc32/v1.10/bin/../lib/gcc/pic32mx/4.5.1/../../../../pic32mx/lib/libmchp_peripheral_32MX460F512L.a(port_set_pins_digital_out_lib.o)
 .mdebug.abi32  0xa0000010        0x0 /Applications/microchip/xc32/v1.10/bin/../lib/gcc/pic32mx/4.5.1/../../../../pic32mx/lib/libmchp_peripheral_32MX460F512L.a(_ports_tbl_libp.o)
 .mdebug.abi32  0xa0000010        0x0 /Applications/microchip/xc32/v1.10/bin/../lib/gcc/pic32mx/4.5.1/../../../../pic32mx/lib/libmchp_peripheral_32MX460F512L.a(int_enable_interrupts_lib.o)
 .mdebug.abi32  0xa0000010        0x0 /Applications/microchip/xc32/v1.10/bin/../lib/gcc/pic32mx/4.5.1/../../../../pic32mx/lib/libmchp_peripheral_32MX460F512L.a(int_tbl_lib.o)
 .mdebug.abi32  0xa0000010        0x0 /Applications/microchip/xc32/v1.10/bin/../lib/gcc/pic32mx/4.5.1/../../../../pic32mx/lib/libpic32.a(default-bootstrap-exception-handler.o)
 .mdebug.abi32  0xa0000010        0x0 /Applications/microchip/xc32/v1.10/bin/../lib/gcc/pic32mx/4.5.1/../../../../pic32mx/lib/libpic32.a(default-on-reset.o)
 .mdebug.abi32  0xa0000010        0x0 /Applications/microchip/xc32/v1.10/bin/../lib/gcc/pic32mx/4.5.1/../../../../pic32mx/lib/libpic32.a(default-on-bootstrap.o)

.mdebug.abiN32
 *(.mdebug.abiN32)

.mdebug.abi64
 *(.mdebug.abi64)

.mdebug.abiO64
 *(.mdebug.abiO64)

.mdebug.eabi32
 *(.mdebug.eabi32)

.mdebug.eabi64
 *(.mdebug.eabi64)

.gcc_compiled_long32
 *(.gcc_compiled_long32)

.gcc_compiled_long64
 *(.gcc_compiled_long64)

.stab
 *(.stab)

.stabstr
 *(.stabstr)

.stab.excl
 *(.stab.excl)

.stab.exclstr
 *(.stab.exclstr)

.stab.index
 *(.stab.index)

.stab.indexstr
 *(.stab.indexstr)

.comment        0x00000000       0x8d
 *(.comment)
 .comment       0x00000000       0x3c build/default/production/configuration_bits.o
                                 0x3d (size before relaxing)
 .comment       0x00000000       0x3d build/default/production/exceptions.o
 .comment       0x00000000       0x3d build/default/production/interrupts.o
 .comment       0x00000000       0x3d build/default/production/main.o
 .comment       0x00000000       0x3d build/default/production/system.o
 .comment       0x00000000       0x3d build/default/production/user.o
 .comment       0x0000003c       0x51 /Applications/microchip/xc32/v1.10/bin/../lib/gcc/pic32mx/4.5.1/../../../../pic32mx/lib/libmchp_peripheral.a(open_core_timer_lib.o)
                                 0x52 (size before relaxing)
 .comment       0x00000000       0x52 /Applications/microchip/xc32/v1.10/bin/../lib/gcc/pic32mx/4.5.1/../../../../pic32mx/lib/libmchp_peripheral.a(read_core_timer_lib.o)
 .comment       0x00000000       0x52 /Applications/microchip/xc32/v1.10/bin/../lib/gcc/pic32mx/4.5.1/../../../../pic32mx/lib/libmchp_peripheral.a(write_core_timer_lib.o)
 .comment       0x00000000       0x52 /Applications/microchip/xc32/v1.10/bin/../lib/gcc/pic32mx/4.5.1/../../../../pic32mx/lib/libmchp_peripheral_32MX460F512L.a(pcache.o)
 .comment       0x00000000       0x52 /Applications/microchip/xc32/v1.10/bin/../lib/gcc/pic32mx/4.5.1/../../../../pic32mx/lib/libmchp_peripheral_32MX460F512L.a(int_configure_system_lib.o)
 .comment       0x00000000       0x52 /Applications/microchip/xc32/v1.10/bin/../lib/gcc/pic32mx/4.5.1/../../../../pic32mx/lib/libmchp_peripheral_32MX460F512L.a(int_disable_interrupts_lib.o)
 .comment       0x00000000       0x52 /Applications/microchip/xc32/v1.10/bin/../lib/gcc/pic32mx/4.5.1/../../../../pic32mx/lib/libmchp_peripheral_32MX460F512L.a(int_restore_interrupts_lib.o)
 .comment       0x00000000       0x52 /Applications/microchip/xc32/v1.10/bin/../lib/gcc/pic32mx/4.5.1/../../../../pic32mx/lib/libmchp_peripheral_32MX460F512L.a(int_enable_mv_int_lib.o)
 .comment       0x00000000       0x52 /Applications/microchip/xc32/v1.10/bin/../lib/gcc/pic32mx/4.5.1/../../../../pic32mx/lib/libmchp_peripheral_32MX460F512L.a(spi_chn_open_lib.o)
 .comment       0x00000000       0x52 /Applications/microchip/xc32/v1.10/bin/../lib/gcc/pic32mx/4.5.1/../../../../pic32mx/lib/libmchp_peripheral_32MX460F512L.a(spi_io_tbl_libp.o)
 .comment       0x00000000       0x52 /Applications/microchip/xc32/v1.10/bin/../lib/gcc/pic32mx/4.5.1/../../../../pic32mx/lib/libmchp_peripheral_32MX460F512L.a(spi_map_tbl_libp.o)
 .comment       0x00000000       0x52 /Applications/microchip/xc32/v1.10/bin/../lib/gcc/pic32mx/4.5.1/../../../../pic32mx/lib/libmchp_peripheral_32MX460F512L.a(port_set_pins_digital_in_lib.o)
 .comment       0x00000000       0x52 /Applications/microchip/xc32/v1.10/bin/../lib/gcc/pic32mx/4.5.1/../../../../pic32mx/lib/libmchp_peripheral_32MX460F512L.a(port_set_pins_digital_out_lib.o)
 .comment       0x00000000       0x52 /Applications/microchip/xc32/v1.10/bin/../lib/gcc/pic32mx/4.5.1/../../../../pic32mx/lib/libmchp_peripheral_32MX460F512L.a(_ports_tbl_libp.o)
 .comment       0x00000000       0x52 /Applications/microchip/xc32/v1.10/bin/../lib/gcc/pic32mx/4.5.1/../../../../pic32mx/lib/libmchp_peripheral_32MX460F512L.a(int_enable_interrupts_lib.o)
 .comment       0x00000000       0x52 /Applications/microchip/xc32/v1.10/bin/../lib/gcc/pic32mx/4.5.1/../../../../pic32mx/lib/libmchp_peripheral_32MX460F512L.a(int_tbl_lib.o)
 .comment       0x00000000       0x3d /Applications/microchip/xc32/v1.10/bin/../lib/gcc/pic32mx/4.5.1/../../../../pic32mx/lib/libpic32.a(default-bootstrap-exception-handler.o)
 .comment       0x00000000       0x3d /Applications/microchip/xc32/v1.10/bin/../lib/gcc/pic32mx/4.5.1/../../../../pic32mx/lib/libpic32.a(default-on-reset.o)
 .comment       0x00000000       0x3d /Applications/microchip/xc32/v1.10/bin/../lib/gcc/pic32mx/4.5.1/../../../../pic32mx/lib/libpic32.a(default-on-bootstrap.o)

.debug
 *(.debug)

.line
 *(.line)

.debug_srcinfo
 *(.debug_srcinfo)

.debug_sfnames
 *(.debug_sfnames)

.debug_aranges  0x00000000      0x2a8
 *(.debug_aranges)
 .debug_aranges
                0x00000000       0x20 build/default/production/exceptions.o
 .debug_aranges
                0x00000020       0x20 build/default/production/main.o
 .debug_aranges
                0x00000040       0x20 build/default/production/user.o
 .debug_aranges
                0x00000060       0x20 /Applications/microchip/xc32/v1.10/bin/../lib/gcc/pic32mx/4.5.1/../../../../pic32mx/lib/libmchp_peripheral.a(open_core_timer_lib.o)
 .debug_aranges
                0x00000080       0x20 /Applications/microchip/xc32/v1.10/bin/../lib/gcc/pic32mx/4.5.1/../../../../pic32mx/lib/libmchp_peripheral.a(read_core_timer_lib.o)
 .debug_aranges
                0x000000a0       0x20 /Applications/microchip/xc32/v1.10/bin/../lib/gcc/pic32mx/4.5.1/../../../../pic32mx/lib/libmchp_peripheral.a(write_core_timer_lib.o)
 .debug_aranges
                0x000000c0       0x28 /Applications/microchip/xc32/v1.10/bin/../lib/gcc/pic32mx/4.5.1/../../../../pic32mx/lib/libmchp_peripheral_32MX460F512L.a(pcache.o)
 .debug_aranges
                0x000000e8       0x20 /Applications/microchip/xc32/v1.10/bin/../lib/gcc/pic32mx/4.5.1/../../../../pic32mx/lib/libmchp_peripheral_32MX460F512L.a(int_configure_system_lib.o)
 .debug_aranges
                0x00000108       0x20 /Applications/microchip/xc32/v1.10/bin/../lib/gcc/pic32mx/4.5.1/../../../../pic32mx/lib/libmchp_peripheral_32MX460F512L.a(int_disable_interrupts_lib.o)
 .debug_aranges
                0x00000128       0x20 /Applications/microchip/xc32/v1.10/bin/../lib/gcc/pic32mx/4.5.1/../../../../pic32mx/lib/libmchp_peripheral_32MX460F512L.a(int_restore_interrupts_lib.o)
 .debug_aranges
                0x00000148       0x20 /Applications/microchip/xc32/v1.10/bin/../lib/gcc/pic32mx/4.5.1/../../../../pic32mx/lib/libmchp_peripheral_32MX460F512L.a(int_enable_mv_int_lib.o)
 .debug_aranges
                0x00000168       0x20 /Applications/microchip/xc32/v1.10/bin/../lib/gcc/pic32mx/4.5.1/../../../../pic32mx/lib/libmchp_peripheral_32MX460F512L.a(spi_chn_open_lib.o)
 .debug_aranges
                0x00000188       0x20 /Applications/microchip/xc32/v1.10/bin/../lib/gcc/pic32mx/4.5.1/../../../../pic32mx/lib/libmchp_peripheral_32MX460F512L.a(port_set_pins_digital_in_lib.o)
 .debug_aranges
                0x000001a8       0x20 /Applications/microchip/xc32/v1.10/bin/../lib/gcc/pic32mx/4.5.1/../../../../pic32mx/lib/libmchp_peripheral_32MX460F512L.a(port_set_pins_digital_out_lib.o)
 .debug_aranges
                0x000001c8       0x20 /Applications/microchip/xc32/v1.10/bin/../lib/gcc/pic32mx/4.5.1/../../../../pic32mx/lib/libmchp_peripheral_32MX460F512L.a(int_enable_interrupts_lib.o)
 .debug_aranges
                0x000001e8       0x60 /Applications/microchip/xc32/v1.10/bin/../lib/gcc/pic32mx/4.5.1/../../../../pic32mx/lib/libmchp_peripheral_32MX460F512L.a(int_tbl_lib.o)
 .debug_aranges
                0x00000248       0x20 /Applications/microchip/xc32/v1.10/bin/../lib/gcc/pic32mx/4.5.1/../../../../pic32mx/lib/libpic32.a(default-bootstrap-exception-handler.o)
 .debug_aranges
                0x00000268       0x20 /Applications/microchip/xc32/v1.10/bin/../lib/gcc/pic32mx/4.5.1/../../../../pic32mx/lib/libpic32.a(default-on-reset.o)
 .debug_aranges
                0x00000288       0x20 /Applications/microchip/xc32/v1.10/bin/../lib/gcc/pic32mx/4.5.1/../../../../pic32mx/lib/libpic32.a(default-on-bootstrap.o)

.debug_pubnames
                0x00000000      0x442
 *(.debug_pubnames)
 .debug_pubnames
                0x00000000       0x31 build/default/production/exceptions.o
 .debug_pubnames
                0x00000031       0xb3 build/default/production/main.o
 .debug_pubnames
                0x000000e4       0x1e build/default/production/user.o
 .debug_pubnames
                0x00000102       0x24 /Applications/microchip/xc32/v1.10/bin/../lib/gcc/pic32mx/4.5.1/../../../../pic32mx/lib/libmchp_peripheral.a(open_core_timer_lib.o)
 .debug_pubnames
                0x00000126       0x24 /Applications/microchip/xc32/v1.10/bin/../lib/gcc/pic32mx/4.5.1/../../../../pic32mx/lib/libmchp_peripheral.a(read_core_timer_lib.o)
 .debug_pubnames
                0x0000014a       0x25 /Applications/microchip/xc32/v1.10/bin/../lib/gcc/pic32mx/4.5.1/../../../../pic32mx/lib/libmchp_peripheral.a(write_core_timer_lib.o)
 .debug_pubnames
                0x0000016f       0x3b /Applications/microchip/xc32/v1.10/bin/../lib/gcc/pic32mx/4.5.1/../../../../pic32mx/lib/libmchp_peripheral_32MX460F512L.a(pcache.o)
 .debug_pubnames
                0x000001aa       0x29 /Applications/microchip/xc32/v1.10/bin/../lib/gcc/pic32mx/4.5.1/../../../../pic32mx/lib/libmchp_peripheral_32MX460F512L.a(int_configure_system_lib.o)
 .debug_pubnames
                0x000001d3       0x2b /Applications/microchip/xc32/v1.10/bin/../lib/gcc/pic32mx/4.5.1/../../../../pic32mx/lib/libmchp_peripheral_32MX460F512L.a(int_disable_interrupts_lib.o)
 .debug_pubnames
                0x000001fe       0x2b /Applications/microchip/xc32/v1.10/bin/../lib/gcc/pic32mx/4.5.1/../../../../pic32mx/lib/libmchp_peripheral_32MX460F512L.a(int_restore_interrupts_lib.o)
 .debug_pubnames
                0x00000229       0x36 /Applications/microchip/xc32/v1.10/bin/../lib/gcc/pic32mx/4.5.1/../../../../pic32mx/lib/libmchp_peripheral_32MX460F512L.a(int_enable_mv_int_lib.o)
 .debug_pubnames
                0x0000025f       0x21 /Applications/microchip/xc32/v1.10/bin/../lib/gcc/pic32mx/4.5.1/../../../../pic32mx/lib/libmchp_peripheral_32MX460F512L.a(spi_chn_open_lib.o)
 .debug_pubnames
                0x00000280       0x2b /Applications/microchip/xc32/v1.10/bin/../lib/gcc/pic32mx/4.5.1/../../../../pic32mx/lib/libmchp_peripheral_32MX460F512L.a(port_set_pins_digital_in_lib.o)
 .debug_pubnames
                0x000002ab       0x2c /Applications/microchip/xc32/v1.10/bin/../lib/gcc/pic32mx/4.5.1/../../../../pic32mx/lib/libmchp_peripheral_32MX460F512L.a(port_set_pins_digital_out_lib.o)
 .debug_pubnames
                0x000002d7       0x2a /Applications/microchip/xc32/v1.10/bin/../lib/gcc/pic32mx/4.5.1/../../../../pic32mx/lib/libmchp_peripheral_32MX460F512L.a(int_enable_interrupts_lib.o)
 .debug_pubnames
                0x00000301       0xca /Applications/microchip/xc32/v1.10/bin/../lib/gcc/pic32mx/4.5.1/../../../../pic32mx/lib/libmchp_peripheral_32MX460F512L.a(int_tbl_lib.o)
 .debug_pubnames
                0x000003cb       0x33 /Applications/microchip/xc32/v1.10/bin/../lib/gcc/pic32mx/4.5.1/../../../../pic32mx/lib/libpic32.a(default-bootstrap-exception-handler.o)
 .debug_pubnames
                0x000003fe       0x20 /Applications/microchip/xc32/v1.10/bin/../lib/gcc/pic32mx/4.5.1/../../../../pic32mx/lib/libpic32.a(default-on-reset.o)
 .debug_pubnames
                0x0000041e       0x24 /Applications/microchip/xc32/v1.10/bin/../lib/gcc/pic32mx/4.5.1/../../../../pic32mx/lib/libpic32.a(default-on-bootstrap.o)

.debug_info     0x00000000     0x7d67
 *(.debug_info .gnu.linkonce.wi.*)
 .debug_info    0x00000000      0xf80 build/default/production/configuration_bits.o
 .debug_info    0x00000f80     0x10b4 build/default/production/exceptions.o
 .debug_info    0x00002034      0xf78 build/default/production/interrupts.o
 .debug_info    0x00002fac     0x1e1c build/default/production/main.o
 .debug_info    0x00004dc8      0xf74 build/default/production/system.o
 .debug_info    0x00005d3c     0x12c6 build/default/production/user.o
 .debug_info    0x00007002       0xbf /Applications/microchip/xc32/v1.10/bin/../lib/gcc/pic32mx/4.5.1/../../../../pic32mx/lib/libmchp_peripheral.a(open_core_timer_lib.o)
 .debug_info    0x000070c1       0xbf /Applications/microchip/xc32/v1.10/bin/../lib/gcc/pic32mx/4.5.1/../../../../pic32mx/lib/libmchp_peripheral.a(read_core_timer_lib.o)
 .debug_info    0x00007180       0xc1 /Applications/microchip/xc32/v1.10/bin/../lib/gcc/pic32mx/4.5.1/../../../../pic32mx/lib/libmchp_peripheral.a(write_core_timer_lib.o)
 .debug_info    0x00007241       0xd4 /Applications/microchip/xc32/v1.10/bin/../lib/gcc/pic32mx/4.5.1/../../../../pic32mx/lib/libmchp_peripheral_32MX460F512L.a(pcache.o)
 .debug_info    0x00007315       0xc7 /Applications/microchip/xc32/v1.10/bin/../lib/gcc/pic32mx/4.5.1/../../../../pic32mx/lib/libmchp_peripheral_32MX460F512L.a(int_configure_system_lib.o)
 .debug_info    0x000073dc       0xcb /Applications/microchip/xc32/v1.10/bin/../lib/gcc/pic32mx/4.5.1/../../../../pic32mx/lib/libmchp_peripheral_32MX460F512L.a(int_disable_interrupts_lib.o)
 .debug_info    0x000074a7       0xcb /Applications/microchip/xc32/v1.10/bin/../lib/gcc/pic32mx/4.5.1/../../../../pic32mx/lib/libmchp_peripheral_32MX460F512L.a(int_restore_interrupts_lib.o)
 .debug_info    0x00007572       0xd1 /Applications/microchip/xc32/v1.10/bin/../lib/gcc/pic32mx/4.5.1/../../../../pic32mx/lib/libmchp_peripheral_32MX460F512L.a(int_enable_mv_int_lib.o)
 .debug_info    0x00007643       0xb7 /Applications/microchip/xc32/v1.10/bin/../lib/gcc/pic32mx/4.5.1/../../../../pic32mx/lib/libmchp_peripheral_32MX460F512L.a(spi_chn_open_lib.o)
 .debug_info    0x000076fa        0x0 /Applications/microchip/xc32/v1.10/bin/../lib/gcc/pic32mx/4.5.1/../../../../pic32mx/lib/libmchp_peripheral_32MX460F512L.a(spi_io_tbl_libp.o)
 .debug_info    0x000076fa        0x0 /Applications/microchip/xc32/v1.10/bin/../lib/gcc/pic32mx/4.5.1/../../../../pic32mx/lib/libmchp_peripheral_32MX460F512L.a(spi_map_tbl_libp.o)
 .debug_info    0x000076fa       0xcf /Applications/microchip/xc32/v1.10/bin/../lib/gcc/pic32mx/4.5.1/../../../../pic32mx/lib/libmchp_peripheral_32MX460F512L.a(port_set_pins_digital_in_lib.o)
 .debug_info    0x000077c9       0xd1 /Applications/microchip/xc32/v1.10/bin/../lib/gcc/pic32mx/4.5.1/../../../../pic32mx/lib/libmchp_peripheral_32MX460F512L.a(port_set_pins_digital_out_lib.o)
 .debug_info    0x0000789a        0x0 /Applications/microchip/xc32/v1.10/bin/../lib/gcc/pic32mx/4.5.1/../../../../pic32mx/lib/libmchp_peripheral_32MX460F512L.a(_ports_tbl_libp.o)
 .debug_info    0x0000789a       0xc9 /Applications/microchip/xc32/v1.10/bin/../lib/gcc/pic32mx/4.5.1/../../../../pic32mx/lib/libmchp_peripheral_32MX460F512L.a(int_enable_interrupts_lib.o)
 .debug_info    0x00007963      0x1ab /Applications/microchip/xc32/v1.10/bin/../lib/gcc/pic32mx/4.5.1/../../../../pic32mx/lib/libmchp_peripheral_32MX460F512L.a(int_tbl_lib.o)
 .debug_info    0x00007b0e       0xdf /Applications/microchip/xc32/v1.10/bin/../lib/gcc/pic32mx/4.5.1/../../../../pic32mx/lib/libpic32.a(default-bootstrap-exception-handler.o)
 .debug_info    0x00007bed       0xb9 /Applications/microchip/xc32/v1.10/bin/../lib/gcc/pic32mx/4.5.1/../../../../pic32mx/lib/libpic32.a(default-on-reset.o)
 .debug_info    0x00007ca6       0xc1 /Applications/microchip/xc32/v1.10/bin/../lib/gcc/pic32mx/4.5.1/../../../../pic32mx/lib/libpic32.a(default-on-bootstrap.o)

.debug_abbrev   0x00000000      0xce8
 *(.debug_abbrev)
 .debug_abbrev  0x00000000      0x166 build/default/production/configuration_bits.o
 .debug_abbrev  0x00000166      0x1a2 build/default/production/exceptions.o
 .debug_abbrev  0x00000308      0x166 build/default/production/interrupts.o
 .debug_abbrev  0x0000046e      0x330 build/default/production/main.o
 .debug_abbrev  0x0000079e      0x166 build/default/production/system.o
 .debug_abbrev  0x00000904      0x191 build/default/production/user.o
 .debug_abbrev  0x00000a95       0x25 /Applications/microchip/xc32/v1.10/bin/../lib/gcc/pic32mx/4.5.1/../../../../pic32mx/lib/libmchp_peripheral.a(open_core_timer_lib.o)
 .debug_abbrev  0x00000aba       0x25 /Applications/microchip/xc32/v1.10/bin/../lib/gcc/pic32mx/4.5.1/../../../../pic32mx/lib/libmchp_peripheral.a(read_core_timer_lib.o)
 .debug_abbrev  0x00000adf       0x25 /Applications/microchip/xc32/v1.10/bin/../lib/gcc/pic32mx/4.5.1/../../../../pic32mx/lib/libmchp_peripheral.a(write_core_timer_lib.o)
 .debug_abbrev  0x00000b04       0x25 /Applications/microchip/xc32/v1.10/bin/../lib/gcc/pic32mx/4.5.1/../../../../pic32mx/lib/libmchp_peripheral_32MX460F512L.a(pcache.o)
 .debug_abbrev  0x00000b29       0x25 /Applications/microchip/xc32/v1.10/bin/../lib/gcc/pic32mx/4.5.1/../../../../pic32mx/lib/libmchp_peripheral_32MX460F512L.a(int_configure_system_lib.o)
 .debug_abbrev  0x00000b4e       0x25 /Applications/microchip/xc32/v1.10/bin/../lib/gcc/pic32mx/4.5.1/../../../../pic32mx/lib/libmchp_peripheral_32MX460F512L.a(int_disable_interrupts_lib.o)
 .debug_abbrev  0x00000b73       0x25 /Applications/microchip/xc32/v1.10/bin/../lib/gcc/pic32mx/4.5.1/../../../../pic32mx/lib/libmchp_peripheral_32MX460F512L.a(int_restore_interrupts_lib.o)
 .debug_abbrev  0x00000b98       0x25 /Applications/microchip/xc32/v1.10/bin/../lib/gcc/pic32mx/4.5.1/../../../../pic32mx/lib/libmchp_peripheral_32MX460F512L.a(int_enable_mv_int_lib.o)
 .debug_abbrev  0x00000bbd       0x25 /Applications/microchip/xc32/v1.10/bin/../lib/gcc/pic32mx/4.5.1/../../../../pic32mx/lib/libmchp_peripheral_32MX460F512L.a(spi_chn_open_lib.o)
 .debug_abbrev  0x00000be2        0x1 /Applications/microchip/xc32/v1.10/bin/../lib/gcc/pic32mx/4.5.1/../../../../pic32mx/lib/libmchp_peripheral_32MX460F512L.a(spi_io_tbl_libp.o)
 .debug_abbrev  0x00000be3        0x1 /Applications/microchip/xc32/v1.10/bin/../lib/gcc/pic32mx/4.5.1/../../../../pic32mx/lib/libmchp_peripheral_32MX460F512L.a(spi_map_tbl_libp.o)
 .debug_abbrev  0x00000be4       0x25 /Applications/microchip/xc32/v1.10/bin/../lib/gcc/pic32mx/4.5.1/../../../../pic32mx/lib/libmchp_peripheral_32MX460F512L.a(port_set_pins_digital_in_lib.o)
 .debug_abbrev  0x00000c09       0x25 /Applications/microchip/xc32/v1.10/bin/../lib/gcc/pic32mx/4.5.1/../../../../pic32mx/lib/libmchp_peripheral_32MX460F512L.a(port_set_pins_digital_out_lib.o)
 .debug_abbrev  0x00000c2e        0x1 /Applications/microchip/xc32/v1.10/bin/../lib/gcc/pic32mx/4.5.1/../../../../pic32mx/lib/libmchp_peripheral_32MX460F512L.a(_ports_tbl_libp.o)
 .debug_abbrev  0x00000c2f       0x25 /Applications/microchip/xc32/v1.10/bin/../lib/gcc/pic32mx/4.5.1/../../../../pic32mx/lib/libmchp_peripheral_32MX460F512L.a(int_enable_interrupts_lib.o)
 .debug_abbrev  0x00000c54       0x25 /Applications/microchip/xc32/v1.10/bin/../lib/gcc/pic32mx/4.5.1/../../../../pic32mx/lib/libmchp_peripheral_32MX460F512L.a(int_tbl_lib.o)
 .debug_abbrev  0x00000c79       0x25 /Applications/microchip/xc32/v1.10/bin/../lib/gcc/pic32mx/4.5.1/../../../../pic32mx/lib/libpic32.a(default-bootstrap-exception-handler.o)
 .debug_abbrev  0x00000c9e       0x25 /Applications/microchip/xc32/v1.10/bin/../lib/gcc/pic32mx/4.5.1/../../../../pic32mx/lib/libpic32.a(default-on-reset.o)
 .debug_abbrev  0x00000cc3       0x25 /Applications/microchip/xc32/v1.10/bin/../lib/gcc/pic32mx/4.5.1/../../../../pic32mx/lib/libpic32.a(default-on-bootstrap.o)

.debug_line     0x00000000     0x11ff
 *(.debug_line)
 .debug_line    0x00000000      0x173 build/default/production/configuration_bits.o
 .debug_line    0x00000173      0x19a build/default/production/exceptions.o
 .debug_line    0x0000030d      0x173 build/default/production/interrupts.o
 .debug_line    0x00000480      0x321 build/default/production/main.o
 .debug_line    0x000007a1      0x173 build/default/production/system.o
 .debug_line    0x00000914      0x1b1 build/default/production/user.o
 .debug_line    0x00000ac5       0x6e /Applications/microchip/xc32/v1.10/bin/../lib/gcc/pic32mx/4.5.1/../../../../pic32mx/lib/libmchp_peripheral.a(open_core_timer_lib.o)
 .debug_line    0x00000b33       0x6e /Applications/microchip/xc32/v1.10/bin/../lib/gcc/pic32mx/4.5.1/../../../../pic32mx/lib/libmchp_peripheral.a(read_core_timer_lib.o)
 .debug_line    0x00000ba1       0x6f /Applications/microchip/xc32/v1.10/bin/../lib/gcc/pic32mx/4.5.1/../../../../pic32mx/lib/libmchp_peripheral.a(write_core_timer_lib.o)
 .debug_line    0x00000c10       0x62 /Applications/microchip/xc32/v1.10/bin/../lib/gcc/pic32mx/4.5.1/../../../../pic32mx/lib/libmchp_peripheral_32MX460F512L.a(pcache.o)
 .debug_line    0x00000c72       0x71 /Applications/microchip/xc32/v1.10/bin/../lib/gcc/pic32mx/4.5.1/../../../../pic32mx/lib/libmchp_peripheral_32MX460F512L.a(int_configure_system_lib.o)
 .debug_line    0x00000ce3       0x73 /Applications/microchip/xc32/v1.10/bin/../lib/gcc/pic32mx/4.5.1/../../../../pic32mx/lib/libmchp_peripheral_32MX460F512L.a(int_disable_interrupts_lib.o)
 .debug_line    0x00000d56       0x73 /Applications/microchip/xc32/v1.10/bin/../lib/gcc/pic32mx/4.5.1/../../../../pic32mx/lib/libmchp_peripheral_32MX460F512L.a(int_restore_interrupts_lib.o)
 .debug_line    0x00000dc9       0x6e /Applications/microchip/xc32/v1.10/bin/../lib/gcc/pic32mx/4.5.1/../../../../pic32mx/lib/libmchp_peripheral_32MX460F512L.a(int_enable_mv_int_lib.o)
 .debug_line    0x00000e37       0x69 /Applications/microchip/xc32/v1.10/bin/../lib/gcc/pic32mx/4.5.1/../../../../pic32mx/lib/libmchp_peripheral_32MX460F512L.a(spi_chn_open_lib.o)
 .debug_line    0x00000ea0        0x0 /Applications/microchip/xc32/v1.10/bin/../lib/gcc/pic32mx/4.5.1/../../../../pic32mx/lib/libmchp_peripheral_32MX460F512L.a(spi_io_tbl_libp.o)
 .debug_line    0x00000ea0        0x0 /Applications/microchip/xc32/v1.10/bin/../lib/gcc/pic32mx/4.5.1/../../../../pic32mx/lib/libmchp_peripheral_32MX460F512L.a(spi_map_tbl_libp.o)
 .debug_line    0x00000ea0       0x77 /Applications/microchip/xc32/v1.10/bin/../lib/gcc/pic32mx/4.5.1/../../../../pic32mx/lib/libmchp_peripheral_32MX460F512L.a(port_set_pins_digital_in_lib.o)
 .debug_line    0x00000f17       0x78 /Applications/microchip/xc32/v1.10/bin/../lib/gcc/pic32mx/4.5.1/../../../../pic32mx/lib/libmchp_peripheral_32MX460F512L.a(port_set_pins_digital_out_lib.o)
 .debug_line    0x00000f8f        0x0 /Applications/microchip/xc32/v1.10/bin/../lib/gcc/pic32mx/4.5.1/../../../../pic32mx/lib/libmchp_peripheral_32MX460F512L.a(_ports_tbl_libp.o)
 .debug_line    0x00000f8f       0x72 /Applications/microchip/xc32/v1.10/bin/../lib/gcc/pic32mx/4.5.1/../../../../pic32mx/lib/libmchp_peripheral_32MX460F512L.a(int_enable_interrupts_lib.o)
 .debug_line    0x00001001       0x64 /Applications/microchip/xc32/v1.10/bin/../lib/gcc/pic32mx/4.5.1/../../../../pic32mx/lib/libmchp_peripheral_32MX460F512L.a(int_tbl_lib.o)
 .debug_line    0x00001065       0x94 /Applications/microchip/xc32/v1.10/bin/../lib/gcc/pic32mx/4.5.1/../../../../pic32mx/lib/libpic32.a(default-bootstrap-exception-handler.o)
 .debug_line    0x000010f9       0x81 /Applications/microchip/xc32/v1.10/bin/../lib/gcc/pic32mx/4.5.1/../../../../pic32mx/lib/libpic32.a(default-on-reset.o)
 .debug_line    0x0000117a       0x85 /Applications/microchip/xc32/v1.10/bin/../lib/gcc/pic32mx/4.5.1/../../../../pic32mx/lib/libpic32.a(default-on-bootstrap.o)

.debug_frame    0x00000000      0x458
 *(.debug_frame)
 .debug_frame   0x00000000       0x2c build/default/production/exceptions.o
 .debug_frame   0x0000002c      0x150 build/default/production/main.o
 .debug_frame   0x0000017c       0x2c build/default/production/user.o
 .debug_frame   0x000001a8       0x20 /Applications/microchip/xc32/v1.10/bin/../lib/gcc/pic32mx/4.5.1/../../../../pic32mx/lib/libmchp_peripheral.a(open_core_timer_lib.o)
 .debug_frame   0x000001c8       0x20 /Applications/microchip/xc32/v1.10/bin/../lib/gcc/pic32mx/4.5.1/../../../../pic32mx/lib/libmchp_peripheral.a(read_core_timer_lib.o)
 .debug_frame   0x000001e8       0x20 /Applications/microchip/xc32/v1.10/bin/../lib/gcc/pic32mx/4.5.1/../../../../pic32mx/lib/libmchp_peripheral.a(write_core_timer_lib.o)
 .debug_frame   0x00000208       0x30 /Applications/microchip/xc32/v1.10/bin/../lib/gcc/pic32mx/4.5.1/../../../../pic32mx/lib/libmchp_peripheral_32MX460F512L.a(pcache.o)
 .debug_frame   0x00000238       0x20 /Applications/microchip/xc32/v1.10/bin/../lib/gcc/pic32mx/4.5.1/../../../../pic32mx/lib/libmchp_peripheral_32MX460F512L.a(int_configure_system_lib.o)
 .debug_frame   0x00000258       0x20 /Applications/microchip/xc32/v1.10/bin/../lib/gcc/pic32mx/4.5.1/../../../../pic32mx/lib/libmchp_peripheral_32MX460F512L.a(int_disable_interrupts_lib.o)
 .debug_frame   0x00000278       0x20 /Applications/microchip/xc32/v1.10/bin/../lib/gcc/pic32mx/4.5.1/../../../../pic32mx/lib/libmchp_peripheral_32MX460F512L.a(int_restore_interrupts_lib.o)
 .debug_frame   0x00000298       0x28 /Applications/microchip/xc32/v1.10/bin/../lib/gcc/pic32mx/4.5.1/../../../../pic32mx/lib/libmchp_peripheral_32MX460F512L.a(int_enable_mv_int_lib.o)
 .debug_frame   0x000002c0       0x38 /Applications/microchip/xc32/v1.10/bin/../lib/gcc/pic32mx/4.5.1/../../../../pic32mx/lib/libmchp_peripheral_32MX460F512L.a(spi_chn_open_lib.o)
 .debug_frame   0x000002f8       0x20 /Applications/microchip/xc32/v1.10/bin/../lib/gcc/pic32mx/4.5.1/../../../../pic32mx/lib/libmchp_peripheral_32MX460F512L.a(port_set_pins_digital_in_lib.o)
 .debug_frame   0x00000318       0x20 /Applications/microchip/xc32/v1.10/bin/../lib/gcc/pic32mx/4.5.1/../../../../pic32mx/lib/libmchp_peripheral_32MX460F512L.a(port_set_pins_digital_out_lib.o)
 .debug_frame   0x00000338       0x20 /Applications/microchip/xc32/v1.10/bin/../lib/gcc/pic32mx/4.5.1/../../../../pic32mx/lib/libmchp_peripheral_32MX460F512L.a(int_enable_interrupts_lib.o)
 .debug_frame   0x00000358       0xa0 /Applications/microchip/xc32/v1.10/bin/../lib/gcc/pic32mx/4.5.1/../../../../pic32mx/lib/libmchp_peripheral_32MX460F512L.a(int_tbl_lib.o)
 .debug_frame   0x000003f8       0x20 /Applications/microchip/xc32/v1.10/bin/../lib/gcc/pic32mx/4.5.1/../../../../pic32mx/lib/libpic32.a(default-bootstrap-exception-handler.o)
 .debug_frame   0x00000418       0x20 /Applications/microchip/xc32/v1.10/bin/../lib/gcc/pic32mx/4.5.1/../../../../pic32mx/lib/libpic32.a(default-on-reset.o)
 .debug_frame   0x00000438       0x20 /Applications/microchip/xc32/v1.10/bin/../lib/gcc/pic32mx/4.5.1/../../../../pic32mx/lib/libpic32.a(default-on-bootstrap.o)

.debug_str      0x00000000      0x5d1
 *(.debug_str)
 .debug_str     0x00000000       0xe2 build/default/production/configuration_bits.o
 .debug_str     0x000000e2       0xe2 build/default/production/exceptions.o
 .debug_str     0x000001c4       0xe2 build/default/production/interrupts.o
 .debug_str     0x000002a6      0x149 build/default/production/main.o
 .debug_str     0x000003ef       0xe2 build/default/production/system.o
 .debug_str     0x000004d1      0x100 build/default/production/user.o
 .debug_str     0x000005d1        0x0 /Applications/microchip/xc32/v1.10/bin/../lib/gcc/pic32mx/4.5.1/../../../../pic32mx/lib/libmchp_peripheral.a(open_core_timer_lib.o)
 .debug_str     0x000005d1        0x0 /Applications/microchip/xc32/v1.10/bin/../lib/gcc/pic32mx/4.5.1/../../../../pic32mx/lib/libmchp_peripheral.a(read_core_timer_lib.o)
 .debug_str     0x000005d1        0x0 /Applications/microchip/xc32/v1.10/bin/../lib/gcc/pic32mx/4.5.1/../../../../pic32mx/lib/libmchp_peripheral.a(write_core_timer_lib.o)
 .debug_str     0x000005d1        0x0 /Applications/microchip/xc32/v1.10/bin/../lib/gcc/pic32mx/4.5.1/../../../../pic32mx/lib/libmchp_peripheral_32MX460F512L.a(pcache.o)
 .debug_str     0x000005d1        0x0 /Applications/microchip/xc32/v1.10/bin/../lib/gcc/pic32mx/4.5.1/../../../../pic32mx/lib/libmchp_peripheral_32MX460F512L.a(int_configure_system_lib.o)
 .debug_str     0x000005d1        0x0 /Applications/microchip/xc32/v1.10/bin/../lib/gcc/pic32mx/4.5.1/../../../../pic32mx/lib/libmchp_peripheral_32MX460F512L.a(int_disable_interrupts_lib.o)
 .debug_str     0x000005d1        0x0 /Applications/microchip/xc32/v1.10/bin/../lib/gcc/pic32mx/4.5.1/../../../../pic32mx/lib/libmchp_peripheral_32MX460F512L.a(int_restore_interrupts_lib.o)
 .debug_str     0x000005d1        0x0 /Applications/microchip/xc32/v1.10/bin/../lib/gcc/pic32mx/4.5.1/../../../../pic32mx/lib/libmchp_peripheral_32MX460F512L.a(int_enable_mv_int_lib.o)
 .debug_str     0x000005d1        0x0 /Applications/microchip/xc32/v1.10/bin/../lib/gcc/pic32mx/4.5.1/../../../../pic32mx/lib/libmchp_peripheral_32MX460F512L.a(spi_chn_open_lib.o)
 .debug_str     0x000005d1        0x0 /Applications/microchip/xc32/v1.10/bin/../lib/gcc/pic32mx/4.5.1/../../../../pic32mx/lib/libmchp_peripheral_32MX460F512L.a(spi_io_tbl_libp.o)
 .debug_str     0x000005d1        0x0 /Applications/microchip/xc32/v1.10/bin/../lib/gcc/pic32mx/4.5.1/../../../../pic32mx/lib/libmchp_peripheral_32MX460F512L.a(spi_map_tbl_libp.o)
 .debug_str     0x000005d1        0x0 /Applications/microchip/xc32/v1.10/bin/../lib/gcc/pic32mx/4.5.1/../../../../pic32mx/lib/libmchp_peripheral_32MX460F512L.a(port_set_pins_digital_in_lib.o)
 .debug_str     0x000005d1        0x0 /Applications/microchip/xc32/v1.10/bin/../lib/gcc/pic32mx/4.5.1/../../../../pic32mx/lib/libmchp_peripheral_32MX460F512L.a(port_set_pins_digital_out_lib.o)
 .debug_str     0x000005d1        0x0 /Applications/microchip/xc32/v1.10/bin/../lib/gcc/pic32mx/4.5.1/../../../../pic32mx/lib/libmchp_peripheral_32MX460F512L.a(_ports_tbl_libp.o)
 .debug_str     0x000005d1        0x0 /Applications/microchip/xc32/v1.10/bin/../lib/gcc/pic32mx/4.5.1/../../../../pic32mx/lib/libmchp_peripheral_32MX460F512L.a(int_enable_interrupts_lib.o)
 .debug_str     0x000005d1        0x0 /Applications/microchip/xc32/v1.10/bin/../lib/gcc/pic32mx/4.5.1/../../../../pic32mx/lib/libmchp_peripheral_32MX460F512L.a(int_tbl_lib.o)
 .debug_str     0x000005d1        0x0 /Applications/microchip/xc32/v1.10/bin/../lib/gcc/pic32mx/4.5.1/../../../../pic32mx/lib/libpic32.a(default-bootstrap-exception-handler.o)
 .debug_str     0x000005d1        0x0 /Applications/microchip/xc32/v1.10/bin/../lib/gcc/pic32mx/4.5.1/../../../../pic32mx/lib/libpic32.a(default-on-reset.o)
 .debug_str     0x000005d1        0x0 /Applications/microchip/xc32/v1.10/bin/../lib/gcc/pic32mx/4.5.1/../../../../pic32mx/lib/libpic32.a(default-on-bootstrap.o)

.debug_loc
 *(.debug_loc)

.debug_macinfo
 *(.debug_macinfo)

.debug_weaknames
 *(.debug_weaknames)

.debug_funcnames
 *(.debug_funcnames)

.debug_typenames
 *(.debug_typenames)

.debug_varnames
 *(.debug_varnames)

.debug_pubtypes
                0x00000000      0x546
 *(.debug_pubtypes)
 .debug_pubtypes
                0x00000000       0xbd build/default/production/configuration_bits.o
 .debug_pubtypes
                0x000000bd       0xbd build/default/production/exceptions.o
 .debug_pubtypes
                0x0000017a       0xbd build/default/production/interrupts.o
 .debug_pubtypes
                0x00000237      0x170 build/default/production/main.o
 .debug_pubtypes
                0x000003a7       0xbd build/default/production/system.o
 .debug_pubtypes
                0x00000464       0xe2 build/default/production/user.o

.debug_ranges   0x00000000      0x178
 *(.debug_ranges)
 .debug_ranges  0x00000000       0x30 build/default/production/main.o
 .debug_ranges  0x00000030       0x10 /Applications/microchip/xc32/v1.10/bin/../lib/gcc/pic32mx/4.5.1/../../../../pic32mx/lib/libmchp_peripheral.a(open_core_timer_lib.o)
 .debug_ranges  0x00000040       0x10 /Applications/microchip/xc32/v1.10/bin/../lib/gcc/pic32mx/4.5.1/../../../../pic32mx/lib/libmchp_peripheral.a(read_core_timer_lib.o)
 .debug_ranges  0x00000050       0x10 /Applications/microchip/xc32/v1.10/bin/../lib/gcc/pic32mx/4.5.1/../../../../pic32mx/lib/libmchp_peripheral.a(write_core_timer_lib.o)
 .debug_ranges  0x00000060       0x18 /Applications/microchip/xc32/v1.10/bin/../lib/gcc/pic32mx/4.5.1/../../../../pic32mx/lib/libmchp_peripheral_32MX460F512L.a(pcache.o)
 .debug_ranges  0x00000078       0x10 /Applications/microchip/xc32/v1.10/bin/../lib/gcc/pic32mx/4.5.1/../../../../pic32mx/lib/libmchp_peripheral_32MX460F512L.a(int_configure_system_lib.o)
 .debug_ranges  0x00000088       0x10 /Applications/microchip/xc32/v1.10/bin/../lib/gcc/pic32mx/4.5.1/../../../../pic32mx/lib/libmchp_peripheral_32MX460F512L.a(int_disable_interrupts_lib.o)
 .debug_ranges  0x00000098       0x10 /Applications/microchip/xc32/v1.10/bin/../lib/gcc/pic32mx/4.5.1/../../../../pic32mx/lib/libmchp_peripheral_32MX460F512L.a(int_restore_interrupts_lib.o)
 .debug_ranges  0x000000a8       0x10 /Applications/microchip/xc32/v1.10/bin/../lib/gcc/pic32mx/4.5.1/../../../../pic32mx/lib/libmchp_peripheral_32MX460F512L.a(int_enable_mv_int_lib.o)
 .debug_ranges  0x000000b8       0x10 /Applications/microchip/xc32/v1.10/bin/../lib/gcc/pic32mx/4.5.1/../../../../pic32mx/lib/libmchp_peripheral_32MX460F512L.a(spi_chn_open_lib.o)
 .debug_ranges  0x000000c8       0x10 /Applications/microchip/xc32/v1.10/bin/../lib/gcc/pic32mx/4.5.1/../../../../pic32mx/lib/libmchp_peripheral_32MX460F512L.a(port_set_pins_digital_in_lib.o)
 .debug_ranges  0x000000d8       0x10 /Applications/microchip/xc32/v1.10/bin/../lib/gcc/pic32mx/4.5.1/../../../../pic32mx/lib/libmchp_peripheral_32MX460F512L.a(port_set_pins_digital_out_lib.o)
 .debug_ranges  0x000000e8       0x10 /Applications/microchip/xc32/v1.10/bin/../lib/gcc/pic32mx/4.5.1/../../../../pic32mx/lib/libmchp_peripheral_32MX460F512L.a(int_enable_interrupts_lib.o)
 .debug_ranges  0x000000f8       0x50 /Applications/microchip/xc32/v1.10/bin/../lib/gcc/pic32mx/4.5.1/../../../../pic32mx/lib/libmchp_peripheral_32MX460F512L.a(int_tbl_lib.o)
 .debug_ranges  0x00000148       0x10 /Applications/microchip/xc32/v1.10/bin/../lib/gcc/pic32mx/4.5.1/../../../../pic32mx/lib/libpic32.a(default-bootstrap-exception-handler.o)
 .debug_ranges  0x00000158       0x10 /Applications/microchip/xc32/v1.10/bin/../lib/gcc/pic32mx/4.5.1/../../../../pic32mx/lib/libpic32.a(default-on-reset.o)
 .debug_ranges  0x00000168       0x10 /Applications/microchip/xc32/v1.10/bin/../lib/gcc/pic32mx/4.5.1/../../../../pic32mx/lib/libpic32.a(default-on-bootstrap.o)

.gnu.attributes
                0x00000000       0x10
 *(.gnu.attributes)
 .gnu.attributes
                0x00000000       0x10 build/default/production/configuration_bits.o
 .gnu.attributes
                0x00000010       0x10 build/default/production/exceptions.o
 .gnu.attributes
                0x00000020       0x10 build/default/production/interrupts.o
 .gnu.attributes
                0x00000030       0x10 build/default/production/main.o
 .gnu.attributes
                0x00000040       0x10 build/default/production/system.o
 .gnu.attributes
                0x00000050       0x10 build/default/production/user.o
 .gnu.attributes
                0x00000060       0x10 /Applications/microchip/xc32/v1.10/bin/../lib/gcc/pic32mx/4.5.1/../../../../pic32mx/lib/libmchp_peripheral.a(open_core_timer_lib.o)
 .gnu.attributes
                0x00000070       0x10 /Applications/microchip/xc32/v1.10/bin/../lib/gcc/pic32mx/4.5.1/../../../../pic32mx/lib/libmchp_peripheral.a(read_core_timer_lib.o)
 .gnu.attributes
                0x00000080       0x10 /Applications/microchip/xc32/v1.10/bin/../lib/gcc/pic32mx/4.5.1/../../../../pic32mx/lib/libmchp_peripheral.a(write_core_timer_lib.o)
 .gnu.attributes
                0x00000090       0x10 /Applications/microchip/xc32/v1.10/bin/../lib/gcc/pic32mx/4.5.1/../../../../pic32mx/lib/libmchp_peripheral_32MX460F512L.a(pcache.o)
 .gnu.attributes
                0x000000a0       0x10 /Applications/microchip/xc32/v1.10/bin/../lib/gcc/pic32mx/4.5.1/../../../../pic32mx/lib/libmchp_peripheral_32MX460F512L.a(int_configure_system_lib.o)
 .gnu.attributes
                0x000000b0       0x10 /Applications/microchip/xc32/v1.10/bin/../lib/gcc/pic32mx/4.5.1/../../../../pic32mx/lib/libmchp_peripheral_32MX460F512L.a(int_disable_interrupts_lib.o)
 .gnu.attributes
                0x000000c0       0x10 /Applications/microchip/xc32/v1.10/bin/../lib/gcc/pic32mx/4.5.1/../../../../pic32mx/lib/libmchp_peripheral_32MX460F512L.a(int_restore_interrupts_lib.o)
 .gnu.attributes
                0x000000d0       0x10 /Applications/microchip/xc32/v1.10/bin/../lib/gcc/pic32mx/4.5.1/../../../../pic32mx/lib/libmchp_peripheral_32MX460F512L.a(int_enable_mv_int_lib.o)
 .gnu.attributes
                0x000000e0       0x10 /Applications/microchip/xc32/v1.10/bin/../lib/gcc/pic32mx/4.5.1/../../../../pic32mx/lib/libmchp_peripheral_32MX460F512L.a(spi_chn_open_lib.o)
 .gnu.attributes
                0x000000f0       0x10 /Applications/microchip/xc32/v1.10/bin/../lib/gcc/pic32mx/4.5.1/../../../../pic32mx/lib/libmchp_peripheral_32MX460F512L.a(spi_io_tbl_libp.o)
 .gnu.attributes
                0x00000100       0x10 /Applications/microchip/xc32/v1.10/bin/../lib/gcc/pic32mx/4.5.1/../../../../pic32mx/lib/libmchp_peripheral_32MX460F512L.a(spi_map_tbl_libp.o)
 .gnu.attributes
                0x00000110       0x10 /Applications/microchip/xc32/v1.10/bin/../lib/gcc/pic32mx/4.5.1/../../../../pic32mx/lib/libmchp_peripheral_32MX460F512L.a(port_set_pins_digital_in_lib.o)
 .gnu.attributes
                0x00000120       0x10 /Applications/microchip/xc32/v1.10/bin/../lib/gcc/pic32mx/4.5.1/../../../../pic32mx/lib/libmchp_peripheral_32MX460F512L.a(port_set_pins_digital_out_lib.o)
 .gnu.attributes
                0x00000130       0x10 /Applications/microchip/xc32/v1.10/bin/../lib/gcc/pic32mx/4.5.1/../../../../pic32mx/lib/libmchp_peripheral_32MX460F512L.a(_ports_tbl_libp.o)
 .gnu.attributes
                0x00000140       0x10 /Applications/microchip/xc32/v1.10/bin/../lib/gcc/pic32mx/4.5.1/../../../../pic32mx/lib/libmchp_peripheral_32MX460F512L.a(int_enable_interrupts_lib.o)
 .gnu.attributes
                0x00000150       0x10 /Applications/microchip/xc32/v1.10/bin/../lib/gcc/pic32mx/4.5.1/../../../../pic32mx/lib/libmchp_peripheral_32MX460F512L.a(int_tbl_lib.o)
 .gnu.attributes
                0x00000160       0x10 /Applications/microchip/xc32/v1.10/bin/../lib/gcc/pic32mx/4.5.1/../../../../pic32mx/lib/libpic32.a(default-bootstrap-exception-handler.o)
 .gnu.attributes
                0x00000170       0x10 /Applications/microchip/xc32/v1.10/bin/../lib/gcc/pic32mx/4.5.1/../../../../pic32mx/lib/libpic32.a(default-on-reset.o)
 .gnu.attributes
                0x00000180       0x10 /Applications/microchip/xc32/v1.10/bin/../lib/gcc/pic32mx/4.5.1/../../../../pic32mx/lib/libpic32.a(default-on-bootstrap.o)
LOAD /Applications/microchip/xc32/v1.10/bin/../lib/gcc/pic32mx/4.5.1/libgcc.a
START GROUP
LOAD /Applications/microchip/xc32/v1.10/bin/../lib/gcc/pic32mx/4.5.1/../../../../pic32mx/lib/libpic32.a
LOAD /Applications/microchip/xc32/v1.10/bin/../lib/gcc/pic32mx/4.5.1/../../../../pic32mx/lib/libdebug.a
LOAD /Applications/microchip/xc32/v1.10/bin/../lib/gcc/pic32mx/4.5.1/../../../../pic32mx/lib/libm.a
LOAD /Applications/microchip/xc32/v1.10/bin/../lib/gcc/pic32mx/4.5.1/../../../../pic32mx/lib/libe.a
LOAD /Applications/microchip/xc32/v1.10/bin/../lib/gcc/pic32mx/4.5.1/../../../../pic32mx/lib/libdsp.a
LOAD /Applications/microchip/xc32/v1.10/bin/../lib/gcc/pic32mx/4.5.1/libgcc.a
LOAD /Applications/microchip/xc32/v1.10/bin/../lib/gcc/pic32mx/4.5.1/../../../../pic32mx/lib/libpic32.a
LOAD /Applications/microchip/xc32/v1.10/bin/../lib/gcc/pic32mx/4.5.1/../../../../pic32mx/lib/libc.a
LOAD /Applications/microchip/xc32/v1.10/bin/../lib/gcc/pic32mx/4.5.1/../../../../pic32mx/lib/libpic32.a
END GROUP
LOAD /Applications/microchip/xc32/v1.10/bin/../lib/gcc/pic32mx/4.5.1/libgcc.a
OUTPUT(dist/default/production/UBW32_Synth_Starter.X.production.elf elf32-tradlittlemips)
LOAD stack
LOAD data_init

.reginfo        0x9d000000       0x18
 .reginfo       0x9d000000       0x18 /Applications/microchip/xc32/v1.10/bin/../lib/gcc/pic32mx/4.5.1/../../../../pic32mx/lib/crt0.o

.stack          0xa0000040      0x400
 .stack         0xa0000040      0x400 stack

.bss%z1         0x00000000        0x0
 .bss           0x00000000        0x0 /Applications/microchip/xc32/v1.10/bin/../lib/gcc/pic32mx/4.5.1/../../../../pic32mx/lib/libpic32.a(general-exception.o)

.data%z2        0x00000000        0x0
 .data          0x00000000        0x0 /Applications/microchip/xc32/v1.10/bin/../lib/gcc/pic32mx/4.5.1/../../../../pic32mx/lib/libpic32.a(general-exception.o)

.bss%z3         0x00000000        0x0
 .bss           0x00000000        0x0 /Applications/microchip/xc32/v1.10/bin/../lib/gcc/pic32mx/4.5.1/../../../../pic32mx/lib/libpic32.a(default-nmi-handler.o)

.data%z4        0x00000000        0x0
 .data          0x00000000        0x0 /Applications/microchip/xc32/v1.10/bin/../lib/gcc/pic32mx/4.5.1/../../../../pic32mx/lib/libpic32.a(default-nmi-handler.o)

.bss%z5         0x00000000        0x0
 .bss           0x00000000        0x0 /Applications/microchip/xc32/v1.10/bin/../lib/gcc/pic32mx/4.5.1/../../../../pic32mx/lib/libpic32.a(default-on-bootstrap.o)

.data%z6        0x00000000        0x0
 .data          0x00000000        0x0 /Applications/microchip/xc32/v1.10/bin/../lib/gcc/pic32mx/4.5.1/../../../../pic32mx/lib/libpic32.a(default-on-bootstrap.o)

.bss%z7         0x00000000        0x0
 .bss           0x00000000        0x0 /Applications/microchip/xc32/v1.10/bin/../lib/gcc/pic32mx/4.5.1/../../../../pic32mx/lib/libpic32.a(default-on-reset.o)

.data%z8        0x00000000        0x0
 .data          0x00000000        0x0 /Applications/microchip/xc32/v1.10/bin/../lib/gcc/pic32mx/4.5.1/../../../../pic32mx/lib/libpic32.a(default-on-reset.o)

.bss%z9         0x00000000        0x0
 .bss           0x00000000        0x0 /Applications/microchip/xc32/v1.10/bin/../lib/gcc/pic32mx/4.5.1/../../../../pic32mx/lib/libpic32.a(default-bootstrap-exception-handler.o)

.data%z10       0x00000000        0x0
 .data          0x00000000        0x0 /Applications/microchip/xc32/v1.10/bin/../lib/gcc/pic32mx/4.5.1/../../../../pic32mx/lib/libpic32.a(default-bootstrap-exception-handler.o)

.bss%z11        0x00000000        0x0
 .bss           0x00000000        0x0 /Applications/microchip/xc32/v1.10/bin/../lib/gcc/pic32mx/4.5.1/../../../../pic32mx/lib/libmchp_peripheral_32MX460F512L.a(int_tbl_lib.o)

.data%z12       0x00000000        0x0
 .data          0x00000000        0x0 /Applications/microchip/xc32/v1.10/bin/../lib/gcc/pic32mx/4.5.1/../../../../pic32mx/lib/libmchp_peripheral_32MX460F512L.a(int_tbl_lib.o)

.bss%z13        0x00000000        0x0
 .bss           0x00000000        0x0 /Applications/microchip/xc32/v1.10/bin/../lib/gcc/pic32mx/4.5.1/../../../../pic32mx/lib/libmchp_peripheral_32MX460F512L.a(int_enable_interrupts_lib.o)

.data%z14       0x00000000        0x0
 .data          0x00000000        0x0 /Applications/microchip/xc32/v1.10/bin/../lib/gcc/pic32mx/4.5.1/../../../../pic32mx/lib/libmchp_peripheral_32MX460F512L.a(int_enable_interrupts_lib.o)

.bss%z15        0x00000000        0x0
 .bss           0x00000000        0x0 /Applications/microchip/xc32/v1.10/bin/../lib/gcc/pic32mx/4.5.1/../../../../pic32mx/lib/libmchp_peripheral_32MX460F512L.a(_ports_tbl_libp.o)

.data%z16       0x00000000        0x0
 .data          0x00000000        0x0 /Applications/microchip/xc32/v1.10/bin/../lib/gcc/pic32mx/4.5.1/../../../../pic32mx/lib/libmchp_peripheral_32MX460F512L.a(_ports_tbl_libp.o)

.bss%z17        0x00000000        0x0
 .bss           0x00000000        0x0 /Applications/microchip/xc32/v1.10/bin/../lib/gcc/pic32mx/4.5.1/../../../../pic32mx/lib/libmchp_peripheral_32MX460F512L.a(port_set_pins_digital_out_lib.o)

.data%z18       0x00000000        0x0
 .data          0x00000000        0x0 /Applications/microchip/xc32/v1.10/bin/../lib/gcc/pic32mx/4.5.1/../../../../pic32mx/lib/libmchp_peripheral_32MX460F512L.a(port_set_pins_digital_out_lib.o)

.bss%z19        0x00000000        0x0
 .bss           0x00000000        0x0 /Applications/microchip/xc32/v1.10/bin/../lib/gcc/pic32mx/4.5.1/../../../../pic32mx/lib/libmchp_peripheral_32MX460F512L.a(port_set_pins_digital_in_lib.o)

.data%z20       0x00000000        0x0
 .data          0x00000000        0x0 /Applications/microchip/xc32/v1.10/bin/../lib/gcc/pic32mx/4.5.1/../../../../pic32mx/lib/libmchp_peripheral_32MX460F512L.a(port_set_pins_digital_in_lib.o)

.bss%z21        0x00000000        0x0
 .bss           0x00000000        0x0 /Applications/microchip/xc32/v1.10/bin/../lib/gcc/pic32mx/4.5.1/../../../../pic32mx/lib/libmchp_peripheral_32MX460F512L.a(spi_map_tbl_libp.o)

.data%z22       0x00000000        0x0
 .data          0x00000000        0x0 /Applications/microchip/xc32/v1.10/bin/../lib/gcc/pic32mx/4.5.1/../../../../pic32mx/lib/libmchp_peripheral_32MX460F512L.a(spi_map_tbl_libp.o)

.bss%z23        0x00000000        0x0
 .bss           0x00000000        0x0 /Applications/microchip/xc32/v1.10/bin/../lib/gcc/pic32mx/4.5.1/../../../../pic32mx/lib/libmchp_peripheral_32MX460F512L.a(spi_io_tbl_libp.o)

.data%z24       0x00000000        0x0
 .data          0x00000000        0x0 /Applications/microchip/xc32/v1.10/bin/../lib/gcc/pic32mx/4.5.1/../../../../pic32mx/lib/libmchp_peripheral_32MX460F512L.a(spi_io_tbl_libp.o)

.bss%z25        0x00000000        0x0
 .bss           0x00000000        0x0 /Applications/microchip/xc32/v1.10/bin/../lib/gcc/pic32mx/4.5.1/../../../../pic32mx/lib/libmchp_peripheral_32MX460F512L.a(spi_chn_open_lib.o)

.data%z26       0x00000000        0x0
 .data          0x00000000        0x0 /Applications/microchip/xc32/v1.10/bin/../lib/gcc/pic32mx/4.5.1/../../../../pic32mx/lib/libmchp_peripheral_32MX460F512L.a(spi_chn_open_lib.o)

.bss%z27        0x00000000        0x0
 .bss           0x00000000        0x0 /Applications/microchip/xc32/v1.10/bin/../lib/gcc/pic32mx/4.5.1/../../../../pic32mx/lib/libmchp_peripheral_32MX460F512L.a(int_enable_mv_int_lib.o)

.data%z28       0x00000000        0x0
 .data          0x00000000        0x0 /Applications/microchip/xc32/v1.10/bin/../lib/gcc/pic32mx/4.5.1/../../../../pic32mx/lib/libmchp_peripheral_32MX460F512L.a(int_enable_mv_int_lib.o)

.bss%z29        0x00000000        0x0
 .bss           0x00000000        0x0 /Applications/microchip/xc32/v1.10/bin/../lib/gcc/pic32mx/4.5.1/../../../../pic32mx/lib/libmchp_peripheral_32MX460F512L.a(int_restore_interrupts_lib.o)

.data%z30       0x00000000        0x0
 .data          0x00000000        0x0 /Applications/microchip/xc32/v1.10/bin/../lib/gcc/pic32mx/4.5.1/../../../../pic32mx/lib/libmchp_peripheral_32MX460F512L.a(int_restore_interrupts_lib.o)

.bss%z31        0x00000000        0x0
 .bss           0x00000000        0x0 /Applications/microchip/xc32/v1.10/bin/../lib/gcc/pic32mx/4.5.1/../../../../pic32mx/lib/libmchp_peripheral_32MX460F512L.a(int_disable_interrupts_lib.o)

.data%z32       0x00000000        0x0
 .data          0x00000000        0x0 /Applications/microchip/xc32/v1.10/bin/../lib/gcc/pic32mx/4.5.1/../../../../pic32mx/lib/libmchp_peripheral_32MX460F512L.a(int_disable_interrupts_lib.o)

.bss%z33        0x00000000        0x0
 .bss           0x00000000        0x0 /Applications/microchip/xc32/v1.10/bin/../lib/gcc/pic32mx/4.5.1/../../../../pic32mx/lib/libmchp_peripheral_32MX460F512L.a(int_configure_system_lib.o)

.data%z34       0x00000000        0x0
 .data          0x00000000        0x0 /Applications/microchip/xc32/v1.10/bin/../lib/gcc/pic32mx/4.5.1/../../../../pic32mx/lib/libmchp_peripheral_32MX460F512L.a(int_configure_system_lib.o)

.bss%z35        0x00000000        0x0
 .bss           0x00000000        0x0 /Applications/microchip/xc32/v1.10/bin/../lib/gcc/pic32mx/4.5.1/../../../../pic32mx/lib/libmchp_peripheral_32MX460F512L.a(pcache.o)

.data%z36       0x00000000        0x0
 .data          0x00000000        0x0 /Applications/microchip/xc32/v1.10/bin/../lib/gcc/pic32mx/4.5.1/../../../../pic32mx/lib/libmchp_peripheral_32MX460F512L.a(pcache.o)

.bss%z37        0x00000000        0x0
 .bss           0x00000000        0x0 /Applications/microchip/xc32/v1.10/bin/../lib/gcc/pic32mx/4.5.1/../../../../pic32mx/lib/libmchp_peripheral.a(write_core_timer_lib.o)

.data%z38       0x00000000        0x0
 .data          0x00000000        0x0 /Applications/microchip/xc32/v1.10/bin/../lib/gcc/pic32mx/4.5.1/../../../../pic32mx/lib/libmchp_peripheral.a(write_core_timer_lib.o)

.bss%z39        0x00000000        0x0
 .bss           0x00000000        0x0 /Applications/microchip/xc32/v1.10/bin/../lib/gcc/pic32mx/4.5.1/../../../../pic32mx/lib/libmchp_peripheral.a(read_core_timer_lib.o)

.data%z40       0x00000000        0x0
 .data          0x00000000        0x0 /Applications/microchip/xc32/v1.10/bin/../lib/gcc/pic32mx/4.5.1/../../../../pic32mx/lib/libmchp_peripheral.a(read_core_timer_lib.o)

.bss%z41        0x00000000        0x0
 .bss           0x00000000        0x0 /Applications/microchip/xc32/v1.10/bin/../lib/gcc/pic32mx/4.5.1/../../../../pic32mx/lib/libmchp_peripheral.a(open_core_timer_lib.o)

.data%z42       0x00000000        0x0
 .data          0x00000000        0x0 /Applications/microchip/xc32/v1.10/bin/../lib/gcc/pic32mx/4.5.1/../../../../pic32mx/lib/libmchp_peripheral.a(open_core_timer_lib.o)

.bss%z43        0x00000000        0x0
 .bss           0x00000000        0x0 /Applications/microchip/xc32/v1.10/bin/../lib/gcc/pic32mx/4.5.1/../../../../pic32mx/lib/./proc/32MX460F512L/processor.o

.data%z44       0x00000000        0x0
 .data          0x00000000        0x0 /Applications/microchip/xc32/v1.10/bin/../lib/gcc/pic32mx/4.5.1/../../../../pic32mx/lib/./proc/32MX460F512L/processor.o

.bss%z45        0x00000000        0x0
 .bss           0x00000000        0x0 build/default/production/user.o

.data%z46       0x00000000        0x0
 .data          0x00000000        0x0 build/default/production/user.o

.bss%z47        0x00000000        0x0
 .bss           0x00000000        0x0 build/default/production/system.o

.data%z48       0x00000000        0x0
 .data          0x00000000        0x0 build/default/production/system.o

.bss%z49        0x00000000        0x0
 .bss           0x00000000        0x0 build/default/production/main.o

.data%z50       0x00000000        0x0
 .data          0x00000000        0x0 build/default/production/main.o

.bss%z51        0x00000000        0x0
 .bss           0x00000000        0x0 build/default/production/interrupts.o

.data%z52       0x00000000        0x0
 .data          0x00000000        0x0 build/default/production/interrupts.o

.bss%z53        0x00000000        0x0
 .bss           0x00000000        0x0 build/default/production/exceptions.o

.data%z54       0x00000000        0x0
 .data          0x00000000        0x0 build/default/production/exceptions.o

.bss%z55        0x00000000        0x0
 .bss           0x00000000        0x0 build/default/production/configuration_bits.o

.data%z56       0x00000000        0x0
 .data          0x00000000        0x0 build/default/production/configuration_bits.o

.bss%z57        0x00000000        0x0
 .bss           0x00000000        0x0 /Applications/microchip/xc32/v1.10/bin/../lib/gcc/pic32mx/4.5.1/../../../../pic32mx/lib/crt0.o

.data%z58       0x00000000        0x0
 .data          0x00000000        0x0 /Applications/microchip/xc32/v1.10/bin/../lib/gcc/pic32mx/4.5.1/../../../../pic32mx/lib/crt0.o

.text           0x9d000020      0x86c
 .text          0x9d000020      0x86c build/default/production/main.o
                0x9d000020                ShortDelay
                0x9d000080                delay_us
                0x9d0000e4                delay_ms
                0x9d000154                writeSPI2_8
                0x9d0001ac                writeSPI2_16
                0x9d000204                writeSPI2_32
                0x9d000254                writeDAC
                0x9d0002dc                readADC
                0x9d000360                main
                0x9d000708                handlesTimer2Ints

.rodata         0x9d00088c      0x528
 .rodata        0x9d00088c      0x528 /Applications/microchip/xc32/v1.10/bin/../lib/gcc/pic32mx/4.5.1/../../../../pic32mx/lib/libmchp_peripheral_32MX460F512L.a(int_tbl_lib.o)
                0x9d00088c                __IntSrcTbl
                0x9d000b8c                __IntVectorTbl

.text.SpiChnOpen
                0x9d000db4      0x150
 .text.SpiChnOpen
                0x9d000db4      0x150 /Applications/microchip/xc32/v1.10/bin/../lib/gcc/pic32mx/4.5.1/../../../../pic32mx/lib/libmchp_peripheral_32MX460F512L.a(spi_chn_open_lib.o)
                0x9d000db4                SpiChnOpen

.text           0x9d000f04      0x148
 .text          0x9d000f04      0x148 build/default/production/user.o
                0x9d000f04                InitApp

.text.general_exception
                0x9d00104c       0xd0
 .text.general_exception
                0x9d00104c       0xd0 /Applications/microchip/xc32/v1.10/bin/../lib/gcc/pic32mx/4.5.1/../../../../pic32mx/lib/libpic32.a(general-exception.o)
                0x9d00104c                _general_exception_context

.rodata         0x9d00111c       0xa0
 .rodata        0x9d00111c       0xa0 /Applications/microchip/xc32/v1.10/bin/../lib/gcc/pic32mx/4.5.1/../../../../pic32mx/lib/libmchp_peripheral_32MX460F512L.a(spi_io_tbl_libp.o)
                0x9d00111c                _SpiIoTbl

.text.INTEnable
                0x9d0011bc       0x58
 .text.INTEnable
                0x9d0011bc       0x58 /Applications/microchip/xc32/v1.10/bin/../lib/gcc/pic32mx/4.5.1/../../../../pic32mx/lib/libmchp_peripheral_32MX460F512L.a(int_tbl_lib.o)
                0x9d0011bc                INTEnable

.rodata         0x9d001214       0x54
 .rodata        0x9d001214       0x54 /Applications/microchip/xc32/v1.10/bin/../lib/gcc/pic32mx/4.5.1/../../../../pic32mx/lib/libmchp_peripheral_32MX460F512L.a(_ports_tbl_libp.o)
                0x9d001214                PortRegTbl

.text           0x9d001268       0x48
 .text          0x9d001268       0x48 build/default/production/exceptions.o
                0x9d001268                _general_exception_handler

.text.PORTSetPinsDigitalIn
                0x9d0012b0       0x40
 .text.PORTSetPinsDigitalIn
                0x9d0012b0       0x40 /Applications/microchip/xc32/v1.10/bin/../lib/gcc/pic32mx/4.5.1/../../../../pic32mx/lib/libmchp_peripheral_32MX460F512L.a(port_set_pins_digital_in_lib.o)
                0x9d0012b0                PORTSetPinsDigitalIn

.text.PORTSetPinsDigitalOut
                0x9d0012f0       0x40
 .text.PORTSetPinsDigitalOut
                0x9d0012f0       0x40 /Applications/microchip/xc32/v1.10/bin/../lib/gcc/pic32mx/4.5.1/../../../../pic32mx/lib/libmchp_peripheral_32MX460F512L.a(port_set_pins_digital_out_lib.o)
                0x9d0012f0                PORTSetPinsDigitalOut

.text.INTSetVectorPriority
                0x9d001330       0x3c
 .text.INTSetVectorPriority
                0x9d001330       0x3c /Applications/microchip/xc32/v1.10/bin/../lib/gcc/pic32mx/4.5.1/../../../../pic32mx/lib/libmchp_peripheral_32MX460F512L.a(int_tbl_lib.o)
                0x9d001330                INTSetVectorPriority

.text.INTSetVectorSubPriority
                0x9d00136c       0x3c
 .text.INTSetVectorSubPriority
                0x9d00136c       0x3c /Applications/microchip/xc32/v1.10/bin/../lib/gcc/pic32mx/4.5.1/../../../../pic32mx/lib/libmchp_peripheral_32MX460F512L.a(int_tbl_lib.o)
                0x9d00136c                INTSetVectorSubPriority

.text           0x9d0013a8       0x38
 .text          0x9d0013a8       0x38 /Applications/microchip/xc32/v1.10/bin/../lib/gcc/pic32mx/4.5.1/../../../../pic32mx/lib/crt0.o
                0x9d0013d4                __crt0_exit

.text.INTEnableSystemMultiVectoredInt
                0x9d0013e0       0x34
 .text.INTEnableSystemMultiVectoredInt
                0x9d0013e0       0x34 /Applications/microchip/xc32/v1.10/bin/../lib/gcc/pic32mx/4.5.1/../../../../pic32mx/lib/libmchp_peripheral_32MX460F512L.a(int_enable_mv_int_lib.o)
                0x9d0013e0                INTEnableSystemMultiVectoredInt

.text.INTConfigureSystem
                0x9d001414       0x30
 .text.INTConfigureSystem
                0x9d001414       0x30 /Applications/microchip/xc32/v1.10/bin/../lib/gcc/pic32mx/4.5.1/../../../../pic32mx/lib/libmchp_peripheral_32MX460F512L.a(int_configure_system_lib.o)
                0x9d001414                INTConfigureSystem

.text.INTGetVectorPriority
                0x9d001444       0x30
 .text.INTGetVectorPriority
                0x9d001444       0x30 /Applications/microchip/xc32/v1.10/bin/../lib/gcc/pic32mx/4.5.1/../../../../pic32mx/lib/libmchp_peripheral_32MX460F512L.a(int_tbl_lib.o)
                0x9d001444                INTGetVectorPriority

.text.INTGetVectorSubPriority
                0x9d001474       0x30
 .text.INTGetVectorSubPriority
                0x9d001474       0x30 /Applications/microchip/xc32/v1.10/bin/../lib/gcc/pic32mx/4.5.1/../../../../pic32mx/lib/libmchp_peripheral_32MX460F512L.a(int_tbl_lib.o)
                0x9d001474                INTGetVectorSubPriority

.text.INTClearFlag
                0x9d0014a4       0x2c
 .text.INTClearFlag
                0x9d0014a4       0x2c /Applications/microchip/xc32/v1.10/bin/../lib/gcc/pic32mx/4.5.1/../../../../pic32mx/lib/libmchp_peripheral_32MX460F512L.a(int_tbl_lib.o)
                0x9d0014a4                INTClearFlag

.text.INTSetFlag
                0x9d0014d0       0x2c
 .text.INTSetFlag
                0x9d0014d0       0x2c /Applications/microchip/xc32/v1.10/bin/../lib/gcc/pic32mx/4.5.1/../../../../pic32mx/lib/libmchp_peripheral_32MX460F512L.a(int_tbl_lib.o)
                0x9d0014d0                INTSetFlag

.text.INTGetFlag
                0x9d0014fc       0x2c
 .text.INTGetFlag
                0x9d0014fc       0x2c /Applications/microchip/xc32/v1.10/bin/../lib/gcc/pic32mx/4.5.1/../../../../pic32mx/lib/libmchp_peripheral_32MX460F512L.a(int_tbl_lib.o)
                0x9d0014fc                INTGetFlag

.text.INTGetEnable
                0x9d001528       0x2c
 .text.INTGetEnable
                0x9d001528       0x2c /Applications/microchip/xc32/v1.10/bin/../lib/gcc/pic32mx/4.5.1/../../../../pic32mx/lib/libmchp_peripheral_32MX460F512L.a(int_tbl_lib.o)
                0x9d001528                INTGetEnable

.text.INTRestoreInterrupts
                0x9d001554       0x1c
 .text.INTRestoreInterrupts
                0x9d001554       0x1c /Applications/microchip/xc32/v1.10/bin/../lib/gcc/pic32mx/4.5.1/../../../../pic32mx/lib/libmchp_peripheral_32MX460F512L.a(int_restore_interrupts_lib.o)
                0x9d001554                INTRestoreInterrupts

.dinit          0x9d001570       0x1c
 .dinit         0x9d001570       0x1c data_init

.text.CheKseg0CacheOff
                0x9d00158c       0x18
 .text.CheKseg0CacheOff
                0x9d00158c       0x18 /Applications/microchip/xc32/v1.10/bin/../lib/gcc/pic32mx/4.5.1/../../../../pic32mx/lib/libmchp_peripheral_32MX460F512L.a(pcache.o)
                0x9d00158c                CheKseg0CacheOff

.text.CheKseg0CacheOn
                0x9d0015a4       0x18
 .text.CheKseg0CacheOn
                0x9d0015a4       0x18 /Applications/microchip/xc32/v1.10/bin/../lib/gcc/pic32mx/4.5.1/../../../../pic32mx/lib/libmchp_peripheral_32MX460F512L.a(pcache.o)
                0x9d0015a4                CheKseg0CacheOn

.text           0x9d0015bc       0x18
 .text          0x9d0015bc       0x18 /Applications/microchip/xc32/v1.10/bin/../lib/gcc/pic32mx/4.5.1/../../../../pic32mx/lib/libpic32.a(default-nmi-handler.o)
                0x9d0015bc                _nmi_handler

.rodata         0x9d0015d4       0x14
 .rodata        0x9d0015d4       0x14 /Applications/microchip/xc32/v1.10/bin/../lib/gcc/pic32mx/4.5.1/../../../../pic32mx/lib/libmchp_peripheral_32MX460F512L.a(spi_map_tbl_libp.o)
                0x9d0015d4                _SpiMapTbl

.text.OpenCoreTimer
                0x9d0015e8        0xc
 .text.OpenCoreTimer
                0x9d0015e8        0xc /Applications/microchip/xc32/v1.10/bin/../lib/gcc/pic32mx/4.5.1/../../../../pic32mx/lib/libmchp_peripheral.a(open_core_timer_lib.o)
                0x9d0015e8                OpenCoreTimer

.text._bootstrap_exception_handler
                0x9d0015f4        0xc
 .text._bootstrap_exception_handler
                0x9d0015f4        0xc /Applications/microchip/xc32/v1.10/bin/../lib/gcc/pic32mx/4.5.1/../../../../pic32mx/lib/libpic32.a(default-bootstrap-exception-handler.o)
                0x9d0015f4                _bootstrap_exception_handler

.text.ReadCoreTimer
                0x9d001600        0x8
 .text.ReadCoreTimer
                0x9d001600        0x8 /Applications/microchip/xc32/v1.10/bin/../lib/gcc/pic32mx/4.5.1/../../../../pic32mx/lib/libmchp_peripheral.a(read_core_timer_lib.o)
                0x9d001600                ReadCoreTimer

.text.WriteCoreTimer
                0x9d001608        0x8
 .text.WriteCoreTimer
                0x9d001608        0x8 /Applications/microchip/xc32/v1.10/bin/../lib/gcc/pic32mx/4.5.1/../../../../pic32mx/lib/libmchp_peripheral.a(write_core_timer_lib.o)
                0x9d001608                WriteCoreTimer

.text.INTDisableInterrupts
                0x9d001610        0x8
 .text.INTDisableInterrupts
                0x9d001610        0x8 /Applications/microchip/xc32/v1.10/bin/../lib/gcc/pic32mx/4.5.1/../../../../pic32mx/lib/libmchp_peripheral_32MX460F512L.a(int_disable_interrupts_lib.o)
                0x9d001610                INTDisableInterrupts

.text.INTEnableInterrupts
                0x9d001618        0x8
 .text.INTEnableInterrupts
                0x9d001618        0x8 /Applications/microchip/xc32/v1.10/bin/../lib/gcc/pic32mx/4.5.1/../../../../pic32mx/lib/libmchp_peripheral_32MX460F512L.a(int_enable_interrupts_lib.o)
                0x9d001618                INTEnableInterrupts

.text._on_reset
                0x9d001620        0x8
 .text._on_reset
                0x9d001620        0x8 /Applications/microchip/xc32/v1.10/bin/../lib/gcc/pic32mx/4.5.1/../../../../pic32mx/lib/libpic32.a(default-on-reset.o)
                0x9d001620                _on_reset

.text._on_bootstrap
                0x9d001628        0x8
 .text._on_bootstrap
                0x9d001628        0x8 /Applications/microchip/xc32/v1.10/bin/../lib/gcc/pic32mx/4.5.1/../../../../pic32mx/lib/libpic32.a(default-on-bootstrap.o)
                0x9d001628                _on_bootstrap

.text%z59       0x00000000        0x0
 .text          0x00000000        0x0 /Applications/microchip/xc32/v1.10/bin/../lib/gcc/pic32mx/4.5.1/../../../../pic32mx/lib/libpic32.a(general-exception.o)

.text%z60       0x00000000        0x0
 .text          0x00000000        0x0 /Applications/microchip/xc32/v1.10/bin/../lib/gcc/pic32mx/4.5.1/../../../../pic32mx/lib/libpic32.a(default-on-bootstrap.o)

.text%z61       0x00000000        0x0
 .text          0x00000000        0x0 /Applications/microchip/xc32/v1.10/bin/../lib/gcc/pic32mx/4.5.1/../../../../pic32mx/lib/libpic32.a(default-on-reset.o)

.text%z62       0x00000000        0x0
 .text          0x00000000        0x0 /Applications/microchip/xc32/v1.10/bin/../lib/gcc/pic32mx/4.5.1/../../../../pic32mx/lib/libpic32.a(default-bootstrap-exception-handler.o)

.text%z63       0x00000000        0x0
 .text          0x00000000        0x0 /Applications/microchip/xc32/v1.10/bin/../lib/gcc/pic32mx/4.5.1/../../../../pic32mx/lib/libmchp_peripheral_32MX460F512L.a(int_tbl_lib.o)

.text%z64       0x00000000        0x0
 .text          0x00000000        0x0 /Applications/microchip/xc32/v1.10/bin/../lib/gcc/pic32mx/4.5.1/../../../../pic32mx/lib/libmchp_peripheral_32MX460F512L.a(int_enable_interrupts_lib.o)

.text%z65       0x00000000        0x0
 .text          0x00000000        0x0 /Applications/microchip/xc32/v1.10/bin/../lib/gcc/pic32mx/4.5.1/../../../../pic32mx/lib/libmchp_peripheral_32MX460F512L.a(_ports_tbl_libp.o)

.text%z66       0x00000000        0x0
 .text          0x00000000        0x0 /Applications/microchip/xc32/v1.10/bin/../lib/gcc/pic32mx/4.5.1/../../../../pic32mx/lib/libmchp_peripheral_32MX460F512L.a(port_set_pins_digital_out_lib.o)

.text%z67       0x00000000        0x0
 .text          0x00000000        0x0 /Applications/microchip/xc32/v1.10/bin/../lib/gcc/pic32mx/4.5.1/../../../../pic32mx/lib/libmchp_peripheral_32MX460F512L.a(port_set_pins_digital_in_lib.o)

.text%z68       0x00000000        0x0
 .text          0x00000000        0x0 /Applications/microchip/xc32/v1.10/bin/../lib/gcc/pic32mx/4.5.1/../../../../pic32mx/lib/libmchp_peripheral_32MX460F512L.a(spi_map_tbl_libp.o)

.text%z69       0x00000000        0x0
 .text          0x00000000        0x0 /Applications/microchip/xc32/v1.10/bin/../lib/gcc/pic32mx/4.5.1/../../../../pic32mx/lib/libmchp_peripheral_32MX460F512L.a(spi_io_tbl_libp.o)

.text%z70       0x00000000        0x0
 .text          0x00000000        0x0 /Applications/microchip/xc32/v1.10/bin/../lib/gcc/pic32mx/4.5.1/../../../../pic32mx/lib/libmchp_peripheral_32MX460F512L.a(spi_chn_open_lib.o)

.text%z71       0x00000000        0x0
 .text          0x00000000        0x0 /Applications/microchip/xc32/v1.10/bin/../lib/gcc/pic32mx/4.5.1/../../../../pic32mx/lib/libmchp_peripheral_32MX460F512L.a(int_enable_mv_int_lib.o)

.text%z72       0x00000000        0x0
 .text          0x00000000        0x0 /Applications/microchip/xc32/v1.10/bin/../lib/gcc/pic32mx/4.5.1/../../../../pic32mx/lib/libmchp_peripheral_32MX460F512L.a(int_restore_interrupts_lib.o)

.text%z73       0x00000000        0x0
 .text          0x00000000        0x0 /Applications/microchip/xc32/v1.10/bin/../lib/gcc/pic32mx/4.5.1/../../../../pic32mx/lib/libmchp_peripheral_32MX460F512L.a(int_disable_interrupts_lib.o)

.text%z74       0x00000000        0x0
 .text          0x00000000        0x0 /Applications/microchip/xc32/v1.10/bin/../lib/gcc/pic32mx/4.5.1/../../../../pic32mx/lib/libmchp_peripheral_32MX460F512L.a(int_configure_system_lib.o)

.text%z75       0x00000000        0x0
 .text          0x00000000        0x0 /Applications/microchip/xc32/v1.10/bin/../lib/gcc/pic32mx/4.5.1/../../../../pic32mx/lib/libmchp_peripheral_32MX460F512L.a(pcache.o)

.text%z76       0x00000000        0x0
 .text          0x00000000        0x0 /Applications/microchip/xc32/v1.10/bin/../lib/gcc/pic32mx/4.5.1/../../../../pic32mx/lib/libmchp_peripheral.a(write_core_timer_lib.o)

.text%z77       0x00000000        0x0
 .text          0x00000000        0x0 /Applications/microchip/xc32/v1.10/bin/../lib/gcc/pic32mx/4.5.1/../../../../pic32mx/lib/libmchp_peripheral.a(read_core_timer_lib.o)

.text%z78       0x00000000        0x0
 .text          0x00000000        0x0 /Applications/microchip/xc32/v1.10/bin/../lib/gcc/pic32mx/4.5.1/../../../../pic32mx/lib/libmchp_peripheral.a(open_core_timer_lib.o)

.text%z79       0x00000000        0x0
 .text          0x00000000        0x0 /Applications/microchip/xc32/v1.10/bin/../lib/gcc/pic32mx/4.5.1/../../../../pic32mx/lib/./proc/32MX460F512L/processor.o

.text%z80       0x00000000        0x0
 .text          0x00000000        0x0 build/default/production/system.o

.text%z81       0x00000000        0x0
 .text          0x00000000        0x0 build/default/production/interrupts.o

.text%z82       0x00000000        0x0
 .text          0x00000000        0x0 build/default/production/configuration_bits.o